Component: ARM Compiler 5.06 update 7 (build 960) Tool: armlink [4d3601]

==============================================================================

Section Cross References

    delay.o(i.Delay_ms) refers to delay.o(i.Delay_us) for Delay_us
    delay.o(i.Delay_s) refers to delay.o(i.Delay_ms) for Delay_ms
    system_stm32f10x.o(i.SetSysClock) refers to system_stm32f10x.o(i.SetSysClockTo72) for SetSysClockTo72
    system_stm32f10x.o(i.SystemCoreClockUpdate) refers to system_stm32f10x.o(.data) for .data
    system_stm32f10x.o(i.SystemInit) refers to system_stm32f10x.o(i.SetSysClock) for SetSysClock
    startup_stm32f10x_hd.o(STACK) refers (Special) to heapauxi.o(.text) for __use_two_region_memory
    startup_stm32f10x_hd.o(HEAP) refers (Special) to heapauxi.o(.text) for __use_two_region_memory
    startup_stm32f10x_hd.o(RESET) refers (Special) to heapauxi.o(.text) for __use_two_region_memory
    startup_stm32f10x_hd.o(RESET) refers to startup_stm32f10x_hd.o(STACK) for __initial_sp
    startup_stm32f10x_hd.o(RESET) refers to startup_stm32f10x_hd.o(.text) for Reset_Handler
    startup_stm32f10x_hd.o(RESET) refers to stm32f10x_it.o(i.NMI_Handler) for NMI_Handler
    startup_stm32f10x_hd.o(RESET) refers to stm32f10x_it.o(i.HardFault_Handler) for HardFault_Handler
    startup_stm32f10x_hd.o(RESET) refers to stm32f10x_it.o(i.MemManage_Handler) for MemManage_Handler
    startup_stm32f10x_hd.o(RESET) refers to stm32f10x_it.o(i.BusFault_Handler) for BusFault_Handler
    startup_stm32f10x_hd.o(RESET) refers to stm32f10x_it.o(i.UsageFault_Handler) for UsageFault_Handler
    startup_stm32f10x_hd.o(RESET) refers to stm32f10x_it.o(i.SVC_Handler) for SVC_Handler
    startup_stm32f10x_hd.o(RESET) refers to stm32f10x_it.o(i.DebugMon_Handler) for DebugMon_Handler
    startup_stm32f10x_hd.o(RESET) refers to stm32f10x_it.o(i.PendSV_Handler) for PendSV_Handler
    startup_stm32f10x_hd.o(RESET) refers to stm32f10x_it.o(i.SysTick_Handler) for SysTick_Handler
    startup_stm32f10x_hd.o(RESET) refers to motor.o(i.TIM3_IRQHandler) for TIM3_IRQHandler
    startup_stm32f10x_hd.o(RESET) refers to uart.o(i.USART1_IRQHandler) for USART1_IRQHandler
    startup_stm32f10x_hd.o(RESET) refers to uart2.o(i.USART2_IRQHandler) for USART2_IRQHandler
    startup_stm32f10x_hd.o(RESET) refers to uart3.o(i.USART3_IRQHandler) for USART3_IRQHandler
    startup_stm32f10x_hd.o(RESET) refers to motor.o(i.TIM8_CC_IRQHandler) for TIM8_CC_IRQHandler
    startup_stm32f10x_hd.o(RESET) refers to uart4.o(i.UART4_IRQHandler) for UART4_IRQHandler
    startup_stm32f10x_hd.o(RESET) refers to main.o(i.TIM6_IRQHandler) for TIM6_IRQHandler
    startup_stm32f10x_hd.o(.text) refers (Special) to heapauxi.o(.text) for __use_two_region_memory
    startup_stm32f10x_hd.o(.text) refers to system_stm32f10x.o(i.SystemInit) for SystemInit
    startup_stm32f10x_hd.o(.text) refers to __main.o(!!!main) for __main
    startup_stm32f10x_hd.o(.text) refers to startup_stm32f10x_hd.o(HEAP) for Heap_Mem
    startup_stm32f10x_hd.o(.text) refers to startup_stm32f10x_hd.o(STACK) for Stack_Mem
    stm32f10x_adc.o(i.ADC_DeInit) refers to stm32f10x_rcc.o(i.RCC_APB2PeriphResetCmd) for RCC_APB2PeriphResetCmd
    stm32f10x_bkp.o(i.BKP_DeInit) refers to stm32f10x_rcc.o(i.RCC_BackupResetCmd) for RCC_BackupResetCmd
    stm32f10x_can.o(i.CAN_DeInit) refers to stm32f10x_rcc.o(i.RCC_APB1PeriphResetCmd) for RCC_APB1PeriphResetCmd
    stm32f10x_can.o(i.CAN_GetITStatus) refers to stm32f10x_can.o(i.CheckITStatus) for CheckITStatus
    stm32f10x_cec.o(i.CEC_DeInit) refers to stm32f10x_rcc.o(i.RCC_APB1PeriphResetCmd) for RCC_APB1PeriphResetCmd
    stm32f10x_dac.o(i.DAC_DeInit) refers to stm32f10x_rcc.o(i.RCC_APB1PeriphResetCmd) for RCC_APB1PeriphResetCmd
    stm32f10x_flash.o(i.FLASH_EnableWriteProtection) refers to stm32f10x_flash.o(i.FLASH_WaitForLastOperation) for FLASH_WaitForLastOperation
    stm32f10x_flash.o(i.FLASH_EraseAllBank1Pages) refers to stm32f10x_flash.o(i.FLASH_WaitForLastBank1Operation) for FLASH_WaitForLastBank1Operation
    stm32f10x_flash.o(i.FLASH_EraseAllPages) refers to stm32f10x_flash.o(i.FLASH_WaitForLastOperation) for FLASH_WaitForLastOperation
    stm32f10x_flash.o(i.FLASH_EraseOptionBytes) refers to stm32f10x_flash.o(i.FLASH_GetReadOutProtectionStatus) for FLASH_GetReadOutProtectionStatus
    stm32f10x_flash.o(i.FLASH_EraseOptionBytes) refers to stm32f10x_flash.o(i.FLASH_WaitForLastOperation) for FLASH_WaitForLastOperation
    stm32f10x_flash.o(i.FLASH_ErasePage) refers to stm32f10x_flash.o(i.FLASH_WaitForLastOperation) for FLASH_WaitForLastOperation
    stm32f10x_flash.o(i.FLASH_ProgramHalfWord) refers to stm32f10x_flash.o(i.FLASH_WaitForLastOperation) for FLASH_WaitForLastOperation
    stm32f10x_flash.o(i.FLASH_ProgramOptionByteData) refers to stm32f10x_flash.o(i.FLASH_WaitForLastOperation) for FLASH_WaitForLastOperation
    stm32f10x_flash.o(i.FLASH_ProgramWord) refers to stm32f10x_flash.o(i.FLASH_WaitForLastOperation) for FLASH_WaitForLastOperation
[...]
    .text                                    0x08000884   Section        8  rt_locale_intlibspace.o(.text)
    .text                                    0x0800088c   Section      138  lludiv10.o(.text)
    .text                                    0x08000918   Section        0  _printf_char_common.o(.text)
    _printf_input_char                       0x08000919   Thumb Code    10  _printf_char_common.o(.text)
    .text                                    0x08000948   Section        0  _printf_fp_infnan.o(.text)
    .text                                    0x080009c8   Section        0  bigflt0.o(.text)
    .text                                    0x08000aac   Section        0  ferror.o(.text)
    .text                                    0x08000ab4   Section        8  libspace.o(.text)
    .text                                    0x08000abc   Section       74  sys_stackheap_outer.o(.text)
    .text                                    0x08000b06   Section        0  exit.o(.text)
    .text                                    0x08000b18   Section      128  strcmpv7m.o(.text)
    CL$$btod_d2e                             0x08000b98   Section       62  btod.o(CL$$btod_d2e)
    CL$$btod_d2e_denorm_low                  0x08000bd6   Section       70  btod.o(CL$$btod_d2e_denorm_low)
    CL$$btod_d2e_norm_op1                    0x08000c1c   Section       96  btod.o(CL$$btod_d2e_norm_op1)
    CL$$btod_div_common                      0x08000c7c   Section      824  btod.o(CL$$btod_div_common)
    CL$$btod_e2e                             0x08000fb4   Section      220  btod.o(CL$$btod_e2e)
    CL$$btod_ediv                            0x08001090   Section       42  btod.o(CL$$btod_ediv)
    CL$$btod_emul                            0x080010ba   Section       42  btod.o(CL$$btod_emul)
    CL$$btod_mult_common                     0x080010e4   Section      580  btod.o(CL$$btod_mult_common)
    i.ADC_ClearFlag                          0x08001328   Section        0  stm32f10x_adc.o(i.ADC_ClearFlag)
    i.ADC_Cmd                                0x0800132e   Section        0  stm32f10x_adc.o(i.ADC_Cmd)
    i.ADC_ConvertToVoltage                   0x08001348   Section        0  adc.o(i.ADC_ConvertToVoltage)
    i.ADC_GetCalibrationStatus               0x08001364   Section        0  stm32f10x_adc.o(i.ADC_GetCalibrationStatus)
    i.ADC_GetConversionValue                 0x08001372   Section        0  stm32f10x_adc.o(i.ADC_GetConversionValue)
    i.ADC_GetFlagStatus                      0x08001378   Section        0  stm32f10x_adc.o(i.ADC_GetFlagStatus)
    i.ADC_GetResetCalibrationStatus          0x08001386   Section        0  stm32f10x_adc.o(i.ADC_GetResetCalibrationStatus)
    i.ADC_Init                               0x08001394   Section        0  stm32f10x_adc.o(i.ADC_Init)
    i.ADC_Read                               0x080013dc   Section        0  adc.o(i.ADC_Read)
    i.ADC_RegularChannelConfig               0x08001418   Section        0  stm32f10x_adc.o(i.ADC_RegularChannelConfig)
    i.ADC_ResetCalibration                   0x0800148c   Section        0  stm32f10x_adc.o(i.ADC_ResetCalibration)
    i.ADC_SoftwareStartConvCmd               0x08001496   Section        0  stm32f10x_adc.o(i.ADC_SoftwareStartConvCmd)
    i.ADC_StartCalibration                   0x080014ae   Section        0  stm32f10x_adc.o(i.ADC_StartCalibration)
    i.Base_component                         0x080014b8   Section        0  key.o(i.Base_component)
    i.BusFault_Handler                       0x08001544   Section        0  stm32f10x_it.o(i.BusFault_Handler)
    i.Calculate_Current                      0x08001548   Section        0  adc.o(i.Calculate_Current)
    i.Calculate_Power                        0x08001568   Section        0  adc.o(i.Calculate_Power)
    i.DebugMon_Handler                       0x08001590   Section        0  stm32f10x_it.o(i.DebugMon_Handler)
    i.Delay_ms                               0x08001592   Section        0  delay.o(i.Delay_ms)
    i.Delay_us                               0x080015aa   Section        0  delay.o(i.Delay_us)
    i.GPIO_Init                              0x080015ca   Section        0  stm32f10x_gpio.o(i.GPIO_Init)
    i.GPIO_ReadInputDataBit                  0x08001670   Section        0  stm32f10x_gpio.o(i.GPIO_ReadInputDataBit)
    i.GPIO_ResetBits                         0x0800167e   Section        0  stm32f10x_gpio.o(i.GPIO_ResetBits)
    i.GPIO_SetBits                           0x08001682   Section        0  stm32f10x_gpio.o(i.GPIO_SetBits)
    i.HMI_send_float                         0x08001688   Section        0  uart.o(i.HMI_send_float)
    i.HardFault_Handler                      0x080016b4   Section        0  stm32f10x_it.o(i.HardFault_Handler)
    i.I2C_Start                              0x080016b8   Section        0  oled.o(i.I2C_Start)
    i.I2C_Stop                               0x080016f8   Section        0  oled.o(i.I2C_Stop)
    i.I2C_WaitAck                            0x08001724   Section        0  oled.o(i.I2C_WaitAck)
    i.IIC_delay                              0x08001758   Section        0  oled.o(i.IIC_delay)
    i.INA240_AD_Init                         0x08001764   Section        0  adc.o(i.INA240_AD_Init)
    i.KEY_Init                               0x080017f0   Section        0  key.o(i.KEY_Init)
    i.Key_Scan                               0x08001838   Section        0  key.o(i.Key_Scan)
    i.MemManage_Handler                      0x0800192c   Section        0  stm32f10x_it.o(i.MemManage_Handler)
    i.NMI_Handler                            0x0800192e   Section        0  stm32f10x_it.o(i.NMI_Handler)
    i.NVIC_Init                              0x08001930   Section        0  misc.o(i.NVIC_Init)
    i.NVIC_PriorityGroupConfig               0x08001994   Section        0  misc.o(i.NVIC_PriorityGroupConfig)
    i.OLED_Clear                             0x080019a8   Section        0  oled.o(i.OLED_Clear)
    i.OLED_ColorTurn                         0x080019d4   Section        0  oled.o(i.OLED_ColorTurn)
    i.OLED_DisplayTurn                       0x080019f6   Section        0  oled.o(i.OLED_DisplayTurn)
    i.OLED_DrawPoint                         0x08001a28   Section        0  oled.o(i.OLED_DrawPoint)
    i.OLED_Init                              0x08001a58   Section        0  oled.o(i.OLED_Init)
    i.OLED_Pow                               0x08001bb8   Section        0  oled.o(i.OLED_Pow)
    i.OLED_Refresh                           0x08001bc8   Section        0  oled.o(i.OLED_Refresh)
    i.OLED_ShowChar                          0x08001c2c   Section        0  oled.o(i.OLED_ShowChar)
    i.OLED_ShowFNum                          0x08001d24   Section        0  oled.o(i.OLED_ShowFNum)
    i.OLED_ShowNum                           0x08001e60   Section        0  oled.o(i.OLED_ShowNum)
    i.OLED_WR_Byte                           0x08001eda   Section        0  oled.o(i.OLED_WR_Byte)
    i.PendSV_Handler                         0x08001f14   Section        0  stm32f10x_it.o(i.PendSV_Handler)
    i.RCC_ADCCLKConfig                       0x08001f18   Section        0  stm32f10x_rcc.o(i.RCC_ADCCLKConfig)
    i.RCC_APB1PeriphClockCmd                 0x08001f2c   Section        0  stm32f10x_rcc.o(i.RCC_APB1PeriphClockCmd)
    i.RCC_APB2PeriphClockCmd                 0x08001f48   Section        0  stm32f10x_rcc.o(i.RCC_APB2PeriphClockCmd)
    i.RCC_GetClocksFreq                      0x08001f64   Section        0  stm32f10x_rcc.o(i.RCC_GetClocksFreq)
    i.Read_Current                           0x08002010   Section        0  adc.o(i.Read_Current)
    i.Read_FilteredCurrent                   0x0800202c   Section        0  adc.o(i.Read_FilteredCurrent)
    i.SVC_Handler                            0x080020e8   Section        0  stm32f10x_it.o(i.SVC_Handler)
    i.Send_Byte                              0x080020ec   Section        0  oled.o(i.Send_Byte)
    i.Send_HMI                               0x08002140   Section        0  adc.o(i.Send_HMI)
    i.SetSysClock                            0x08002188   Section        0  system_stm32f10x.o(i.SetSysClock)
    SetSysClock                              0x08002189   Thumb Code     4  system_stm32f10x.o(i.SetSysClock)
    i.SetSysClockTo72                        0x0800218c   Section        0  system_stm32f10x.o(i.SetSysClockTo72)
    SetSysClockTo72                          0x0800218d   Thumb Code   166  system_stm32f10x.o(i.SetSysClockTo72)
    i.SysTick_Handler                        0x0800223c   Section        0  stm32f10x_it.o(i.SysTick_Handler)
    i.SystemInit                             0x08002240   Section        0  system_stm32f10x.o(i.SystemInit)
    i.TIM3_IRQHandler                        0x08002290   Section        0  motor.o(i.TIM3_IRQHandler)
    i.TIM6_IRQHandler                        0x080022b8   Section        0  main.o(i.TIM6_IRQHandler)
    i.TIM6_Init                              0x080022f0   Section        0  time6.o(i.TIM6_Init)
    i.TIM8_CC_IRQHandler                     0x08002350   Section        0  motor.o(i.TIM8_CC_IRQHandler)
    i.TIM_CCxCmd                             0x0800238c   Section        0  stm32f10x_tim.o(i.TIM_CCxCmd)
    i.TIM_ClearITPendingBit                  0x080023a2   Section        0  stm32f10x_tim.o(i.TIM_ClearITPendingBit)
    i.TIM_Cmd                                0x080023a8   Section        0  stm32f10x_tim.o(i.TIM_Cmd)
    i.TIM_GetCounter                         0x080023c0   Section        0  stm32f10x_tim.o(i.TIM_GetCounter)
    i.TIM_GetITStatus                        0x080023c4   Section        0  stm32f10x_tim.o(i.TIM_GetITStatus)
    i.TIM_ITConfig                           0x080023dc   Section        0  stm32f10x_tim.o(i.TIM_ITConfig)
    i.TIM_SetCompare1                        0x080023f0   Section        0  stm32f10x_tim.o(i.TIM_SetCompare1)
    i.TIM_SetCompare2                        0x080023f4   Section        0  stm32f10x_tim.o(i.TIM_SetCompare2)
    i.TIM_TimeBaseInit                       0x080023f8   Section        0  stm32f10x_tim.o(i.TIM_TimeBaseInit)
    i.UART1_Scrn_Init                        0x08002494   Section        0  uart.o(i.UART1_Scrn_Init)
    i.UART2_Buffer_Count                     0x08002548   Section        0  uart2.o(i.UART2_Buffer_Count)
    i.UART2_Buffer_Init                      0x0800254e   Section        0  uart2.o(i.UART2_Buffer_Init)
    i.UART2_Buffer_Read                      0x0800255c   Section        0  uart2.o(i.UART2_Buffer_Read)
    i.UART2_Buffer_Write                     0x08002588   Section        0  uart2.o(i.UART2_Buffer_Write)
    i.UART2_MaixCam_Init                     0x080025b4   Section        0  uart2.o(i.UART2_MaixCam_Init)
    i.UART2_MaixCam_SendByte                 0x08002670   Section        0  uart2.o(i.UART2_MaixCam_SendByte)
    i.UART2_ParsePacket                      0x08002690   Section        0  uart2.o(i.UART2_ParsePacket)
    i.UART4_IRQHandler                       0x08002804   Section        0  uart4.o(i.UART4_IRQHandler)
    i.USART1_IRQHandler                      0x08002838   Section        0  uart.o(i.USART1_IRQHandler)
    i.USART2_IRQHandler                      0x0800286c   Section        0  uart2.o(i.USART2_IRQHandler)
    i.USART3_IRQHandler                      0x080028a4   Section        0  uart3.o(i.USART3_IRQHandler)
    i.USART_ClearFlag                        0x080028c8   Section        0  stm32f10x_usart.o(i.USART_ClearFlag)
    i.USART_ClearITPendingBit                0x080028d0   Section        0  stm32f10x_usart.o(i.USART_ClearITPendingBit)
    i.USART_Cmd                              0x080028e0   Section        0  stm32f10x_usart.o(i.USART_Cmd)
    i.USART_GetFlagStatus                    0x080028f8   Section        0  stm32f10x_usart.o(i.USART_GetFlagStatus)
    i.USART_GetITStatus                      0x08002906   Section        0  stm32f10x_usart.o(i.USART_GetITStatus)
    i.USART_ITConfig                         0x08002946   Section        0  stm32f10x_usart.o(i.USART_ITConfig)
    i.USART_Init                             0x0800297c   Section        0  stm32f10x_usart.o(i.USART_Init)
    i.USART_ReceiveData                      0x08002a38   Section        0  stm32f10x_usart.o(i.USART_ReceiveData)
    i.USART_SendData                         0x08002a40   Section        0  stm32f10x_usart.o(i.USART_SendData)
    i.UsageFault_Handler                     0x08002a48   Section        0  stm32f10x_it.o(i.UsageFault_Handler)
    i.__ARM_fpclassify                       0x08002a4a   Section        0  fpclassify.o(i.__ARM_fpclassify)
    i._is_digit                              0x08002a72   Section        0  __printf_wp.o(i._is_digit)
    i._sys_exit                              0x08002a80   Section        0  uart.o(i._sys_exit)
    i.fputc                                  0x08002a84   Section        0  uart.o(i.fputc)
    i.jy61p_ReceiveData                      0x08002a9c   Section        0  jy61p.o(i.jy61p_ReceiveData)
    i.main                                   0x08002b6c   Section        0  main.o(i.main)
    i.speed_decision                         0x08002c8c   Section        0  motor.o(i.speed_decision)
    i.speed_decision3                        0x08002e04   Section        0  motor.o(i.speed_decision3)
    locale$$code                             0x08002f7c   Section       44  lc_numeric_c.o(locale$$code)
    x$fpl$d2f                                0x08002fa8   Section       98  d2f.o(x$fpl$d2f)
    x$fpl$dmul                               0x0800300c   Section      340  dmul.o(x$fpl$dmul)
    x$fpl$dnaninf                            0x08003160   Section      156  dnaninf.o(x$fpl$dnaninf)
    x$fpl$dretinf                            0x080031fc   Section       12  dretinf.o(x$fpl$dretinf)
    x$fpl$f2d                                0x08003208   Section       86  f2d.o(x$fpl$f2d)
    x$fpl$fadd                               0x08003260   Section      196  faddsub_clz.o(x$fpl$fadd)
    _fadd1                                   0x0800326f   Thumb Code     0  faddsub_clz.o(x$fpl$fadd)
    x$fpl$fcheck1                            0x08003324   Section       12  fcheck1.o(x$fpl$fcheck1)
    x$fpl$fcmpinf                            0x08003330   Section       24  fcmpi.o(x$fpl$fcmpinf)
    x$fpl$fdiv                               0x08003348   Section      388  fdiv.o(x$fpl$fdiv)
    _fdiv1                                   0x08003349   Thumb Code     0  fdiv.o(x$fpl$fdiv)
    x$fpl$ffixu                              0x080034cc   Section       62  ffixu.o(x$fpl$ffixu)
    x$fpl$fflt                               0x0800350c   Section       48  fflt_clz.o(x$fpl$fflt)
    x$fpl$ffltu                              0x0800353c   Section       38  fflt_clz.o(x$fpl$ffltu)
    x$fpl$fleqf                              0x08003564   Section      104  fleqf.o(x$fpl$fleqf)
    x$fpl$fmul                               0x080035cc   Section      258  fmul.o(x$fpl$fmul)
    x$fpl$fnaninf                            0x080036ce   Section      140  fnaninf.o(x$fpl$fnaninf)
    x$fpl$fretinf                            0x0800375a   Section       10  fretinf.o(x$fpl$fretinf)
    x$fpl$frleqf                             0x08003764   Section       98  frleqf.o(x$fpl$frleqf)
    x$fpl$frsb                               0x080037c6   Section       20  faddsub_clz.o(x$fpl$frsb)
    x$fpl$fsub                               0x080037dc   Section      234  faddsub_clz.o(x$fpl$fsub)
    _fsub1                                   0x080037eb   Thumb Code     0  faddsub_clz.o(x$fpl$fsub)
    x$fpl$printf1                            0x080038c6   Section        4  printf1.o(x$fpl$printf1)
    x$fpl$retnan                             0x080038ca   Section      100  retnan.o(x$fpl$retnan)
    x$fpl$scalbnf                            0x0800392e   Section       76  scalbnf.o(x$fpl$scalbnf)
    x$fpl$trapveneer                         0x0800397a   Section       48  trapv.o(x$fpl$trapveneer)
    .constdata                               0x080039aa   Section     7696  oled.o(.constdata)
    x$fpl$usenofp                            0x080039aa   Section        0  usenofp.o(x$fpl$usenofp)
    .constdata                               0x080057bc   Section      148  bigflt0.o(.constdata)
    tenpwrs_x                                0x080057bc   Data          60  bigflt0.o(.constdata)
    tenpwrs_i                                0x080057f8   Data          64  bigflt0.o(.constdata)
    locale$$data                             0x08005870   Section       28  lc_numeric_c.o(locale$$data)
    __lcnum_c_name                           0x08005874   Data           2  lc_numeric_c.o(locale$$data)
    __lcnum_c_start                          0x0800587c   Data           0  lc_numeric_c.o(locale$$data)
    __lcnum_c_point                          0x08005888   Data           0  lc_numeric_c.o(locale$$data)
    __lcnum_c_thousands                      0x0800588a   Data           0  lc_numeric_c.o(locale$$data)
    __lcnum_c_grouping                       0x0800588b   Data           0  lc_numeric_c.o(locale$$data)
    __lcnum_c_end                            0x0800588c   Data           0  lc_numeric_c.o(locale$$data)
    .data                                    0x20000000   Section       20  stm32f10x_rcc.o(.data)
    ADCPrescTable                            0x20000000   Data           4  stm32f10x_rcc.o(.data)
    APBAHBPrescTable                         0x20000004   Data          16  stm32f10x_rcc.o(.data)
    .data                                    0x20000014   Section       24  motor.o(.data)
    i                                        0x20000016   Data           1  motor.o(.data)
    i                                        0x20000017   Data           1  motor.o(.data)
    last_accel_delay                         0x20000018   Data           2  motor.o(.data)
    last_accel_delay                         0x2000001a   Data           2  motor.o(.data)
    step_count                               0x2000001c   Data           4  motor.o(.data)
    rest                                     0x20000020   Data           4  motor.o(.data)
    step_count                               0x20000024   Data           4  motor.o(.data)
    rest                                     0x20000028   Data           4  motor.o(.data)
    .data                                    0x2000002c   Section        7  key.o(.data)
    .data                                    0x20000033   Section        1  uart.o(.data)
    .data                                    0x20000034   Section        4  uart.o(.data)
    .data                                    0x20000038   Section       16  jy61p.o(.data)
    RxState                                  0x20000038   Data           1  jy61p.o(.data)
    RxIndex                                  0x20000039   Data           1  jy61p.o(.data)
    .data                                    0x20000048   Section       28  adc.o(.data)
    index                                    0x20000048   Data           1  adc.o(.data)
    median_index                             0x20000049   Data           1  adc.o(.data)
    .data                                    0x20000064   Section        4  adc.o(.data)
    .data                                    0x20000068   Section        8  main.o(.data)
    .bss                                     0x20000070   Section     1152  oled.o(.bss)
    .bss                                     0x200004f0   Section       48  motor.o(.bss)
    .bss                                     0x20000520   Section       24  uart2.o(.bss)
    .bss                                     0x20000538   Section      518  uart2.o(.bss)
    .bss                                     0x2000073e   Section       11  jy61p.o(.bss)
    RxBuffer                                 0x2000073e   Data          11  jy61p.o(.bss)
    .bss                                     0x2000074c   Section       40  adc.o(.bss)
    filter_buffer                            0x2000074c   Data          20  adc.o(.bss)
    median_buffer                            0x20000760   Data          20  adc.o(.bss)
    .bss                                     0x20000774   Section       96  libspace.o(.bss)
    HEAP                                     0x200007d8   Section      512  startup_stm32f10x_hd.o(HEAP)
    Heap_Mem                                 0x200007d8   Data         512  startup_stm32f10x_hd.o(HEAP)
    STACK                                    0x200009d8   Section     1024  startup_stm32f10x_hd.o(STACK)
    Stack_Mem                                0x200009d8   Data        1024  startup_stm32f10x_hd.o(STACK)
    __initial_sp                             0x20000dd8   Data           0  startup_stm32f10x_hd.o(STACK)

    Global Symbols

    Symbol Name                              Value     Ov Type        Size  Object(Section)

    BuildAttributes$$THM_ISAv4$P$D$K$B$S$PE$A:L22UL41UL21$X:L11$S22US41US21$IEEE1$IW$USESV6$~STKCKD$USESV7$~SHL$OTIME$ROPI$IEEEX$EBA8$UX$STANDARDLIB$REQ8$PRES8$EABIv2 0x00000000   Number         0  anon$$obj.o ABSOLUTE
    __ARM_use_no_argv                        0x00000000   Number         0  main.o ABSOLUTE
    _printf_flags                            0x00000000   Number         0  printf_stubs.o ABSOLUTE
    _printf_return_value                     0x00000000   Number         0  printf_stubs.o ABSOLUTE
    _printf_sizespec                         0x00000000   Number         0  printf_stubs.o ABSOLUTE
    _printf_widthprec                        0x00000000   Number         0  printf_stubs.o ABSOLUTE
    __ARM_exceptions_init                     - Undefined Weak Reference
    __alloca_initialize                       - Undefined Weak Reference
    __arm_fini_                               - Undefined Weak Reference
    __arm_preinit_                            - Undefined Weak Reference
    __cpp_initialize__aeabi_                  - Undefined Weak Reference
    __cxa_finalize                            - Undefined Weak Reference
    __sigvec_lookup                           - Undefined Weak Reference
    _atexit_init                              - Undefined Weak Reference
    _call_atexit_fns                          - Undefined Weak Reference
    _clock_init                               - Undefined Weak Reference
    _fp_trap_init                             - Undefined Weak Reference
    _fp_trap_shutdown                         - Undefined Weak Reference
    _get_lc_collate                           - Undefined Weak Reference
    _get_lc_ctype                             - Undefined Weak Reference
    _get_lc_monetary                          - Undefined Weak Reference
    _get_lc_time                              - Undefined Weak Reference
    _getenv_init                              - Undefined Weak Reference
    _handle_redirection                       - Undefined Weak Reference
    _init_alloc                               - Undefined Weak Reference
    _init_user_alloc                          - Undefined Weak Reference
    _initio                                   - Undefined Weak Reference
    _mutex_acquire                            - Undefined Weak Reference
    _mutex_release                            - Undefined Weak Reference
    _printf_mbtowc                            - Undefined Weak Reference
    _printf_post_padding                      - Undefined Weak Reference
    _printf_pre_padding                       - Undefined Weak Reference
    _printf_truncate_signed                   - Undefined Weak Reference
    _printf_truncate_unsigned                 - Undefined Weak Reference
    _rand_init                                - Undefined Weak Reference
    _signal_finish                            - Undefined Weak Reference
    _signal_init                              - Undefined Weak Reference
    _terminate_alloc                          - Undefined Weak Reference
    _terminate_user_alloc                     - Undefined Weak Reference
    _terminateio                              - Undefined Weak Reference
    __Vectors_Size                           0x00000130   Number         0  startup_stm32f10x_hd.o ABSOLUTE
    __Vectors                                0x08000000   Data           4  startup_stm32f10x_hd.o(RESET)
    __Vectors_End                            0x08000130   Data           0  startup_stm32f10x_hd.o(RESET)
    __main                                   0x08000131   Thumb Code     8  __main.o(!!!main)
    __scatterload                            0x08000139   Thumb Code     0  __scatter.o(!!!scatter)
    __scatterload_rt2                        0x08000139   Thumb Code    44  __scatter.o(!!!scatter)
    __scatterload_rt2_thumb_only             0x08000139   Thumb Code     0  __scatter.o(!!!scatter)
    __scatterload_null                       0x08000147   Thumb Code     0  __scatter.o(!!!scatter)
    __scatterload_copy                       0x0800016d   Thumb Code    26  __scatter_copy.o(!!handler_copy)
    __scatterload_zeroinit                   0x08000189   Thumb Code    28  __scatter_zi.o(!!handler_zi)
    _printf_f                                0x080001a5   Thumb Code     0  _printf_f.o(.ARM.Collect$$_printf_percent$$00000003)
    _printf_percent                          0x080001a5   Thumb Code     0  _printf_percent.o(.ARM.Collect$$_printf_percent$$00000000)
    _printf_s                                0x080001ab   Thumb Code     0  _printf_s.o(.ARM.Collect$$_printf_percent$$00000014)
    _printf_percent_end                      0x080001b1   Thumb Code     0  _printf_percent_end.o(.ARM.Collect$$_printf_percent$$00000017)
    __rt_lib_init                            0x080001b5   Thumb Code     0  libinit.o(.ARM.Collect$$libinit$$00000000)
    __rt_lib_init_fp_1                       0x080001b7   Thumb Code     0  libinit2.o(.ARM.Collect$$libinit$$00000002)
    __rt_lib_init_heap_1                     0x080001b7   Thumb Code     0  libinit2.o(.ARM.Collect$$libinit$$0000000A)
    __rt_lib_init_lc_common                  0x080001b7   Thumb Code     0  libinit2.o(.ARM.Collect$$libinit$$0000000F)
    __rt_lib_init_preinit_1                  0x080001b7   Thumb Code     0  libinit2.o(.ARM.Collect$$libinit$$00000004)
    __rt_lib_init_rand_1                     0x080001b7   Thumb Code     0  libinit2.o(.ARM.Collect$$libinit$$0000000E)
    __rt_lib_init_user_alloc_1               0x080001b7   Thumb Code     0  libinit2.o(.ARM.Collect$$libinit$$0000000C)
    __rt_lib_init_lc_collate_1               0x080001bd   Thumb Code     0  libinit2.o(.ARM.Collect$$libinit$$00000011)
    __rt_lib_init_lc_ctype_1                 0x080001bd   Thumb Code     0  libinit2.o(.ARM.Collect$$libinit$$00000013)
    __rt_lib_init_lc_monetary_1              0x080001bd   Thumb Code     0  libinit2.o(.ARM.Collect$$libinit$$00000015)
    __rt_lib_init_lc_numeric_2               0x080001bd   Thumb Code     0  libinit2.o(.ARM.Collect$$libinit$$00000016)
    __rt_lib_init_alloca_1                   0x080001c7   Thumb Code     0  libinit2.o(.ARM.Collect$$libinit$$0000002E)
    __rt_lib_init_argv_1                     0x080001c7   Thumb Code     0  libinit2.o(.ARM.Collect$$libinit$$0000002C)
    __rt_lib_init_atexit_1                   0x080001c7   Thumb Code     0  libinit2.o(.ARM.Collect$$libinit$$0000001B)
    __rt_lib_init_clock_1                    0x080001c7   Thumb Code     0  libinit2.o(.ARM.Collect$$libinit$$00000021)
    __rt_lib_init_cpp_1                      0x080001c7   Thumb Code     0  libinit2.o(.ARM.Collect$$libinit$$00000032)
    __rt_lib_init_exceptions_1               0x080001c7   Thumb Code     0  libinit2.o(.ARM.Collect$$libinit$$00000030)
    __rt_lib_init_fp_trap_1                  0x080001c7   Thumb Code     0  libinit2.o(.ARM.Collect$$libinit$$0000001F)
    __rt_lib_init_getenv_1                   0x080001c7   Thumb Code     0  libinit2.o(.ARM.Collect$$libinit$$00000023)
    __rt_lib_init_lc_numeric_1               0x080001c7   Thumb Code     0  libinit2.o(.ARM.Collect$$libinit$$00000017)
    __rt_lib_init_lc_time_1                  0x080001c7   Thumb Code     0  libinit2.o(.ARM.Collect$$libinit$$00000019)
    __rt_lib_init_return                     0x080001c7   Thumb Code     0  libinit2.o(.ARM.Collect$$libinit$$00000033)
    __rt_lib_init_signal_1                   0x080001c7   Thumb Code     0  libinit2.o(.ARM.Collect$$libinit$$0000001D)
    __rt_lib_init_stdio_1                    0x080001c7   Thumb Code     0  libinit2.o(.ARM.Collect$$libinit$$00000025)
    __rt_lib_shutdown                        0x080001c9   Thumb Code     0  libshutdown.o(.ARM.Collect$$libshutdown$$00000000)
    __rt_lib_shutdown_cpp_1                  0x080001cb   Thumb Code     0  libshutdown2.o(.ARM.Collect$$libshutdown$$00000004)
    __rt_lib_shutdown_fini_1                 0x080001cb   Thumb Code     0  libshutdown2.o(.ARM.Collect$$libshutdown$$00000002)
    __rt_lib_shutdown_fp_trap_1              0x080001cb   Thumb Code     0  libshutdown2.o(.ARM.Collect$$libshutdown$$00000009)
    __rt_lib_shutdown_heap_1                 0x080001cb   Thumb Code     0  libshutdown2.o(.ARM.Collect$$libshutdown$$00000011)
    __rt_lib_shutdown_return                 0x080001cb   Thumb Code     0  libshutdown2.o(.ARM.Collect$$libshutdown$$00000012)
    __rt_lib_shutdown_signal_1               0x080001cb   Thumb Code     0  libshutdown2.o(.ARM.Collect$$libshutdown$$0000000C)
    __rt_lib_shutdown_stdio_1                0x080001cb   Thumb Code     0  libshutdown2.o(.ARM.Collect$$libshutdown$$00000006)
    __rt_lib_shutdown_user_alloc_1           0x080001cb   Thumb Code     0  libshutdown2.o(.ARM.Collect$$libshutdown$$0000000E)
    __rt_entry                               0x080001cd   Thumb Code     0  __rtentry.o(.ARM.Collect$$rtentry$$00000000)
    __rt_entry_presh_1                       0x080001cd   Thumb Code     0  __rtentry2.o(.ARM.Collect$$rtentry$$00000002)
    __rt_entry_sh                            0x080001cd   Thumb Code     0  __rtentry4.o(.ARM.Collect$$rtentry$$00000004)
    __rt_entry_li                            0x080001d3   Thumb Code     0  __rtentry2.o(.ARM.Collect$$rtentry$$0000000A)
    __rt_entry_postsh_1                      0x080001d3   Thumb Code     0  __rtentry2.o(.ARM.Collect$$rtentry$$00000009)
    __rt_entry_main                          0x080001d7   Thumb Code     0  __rtentry2.o(.ARM.Collect$$rtentry$$0000000D)
    __rt_entry_postli_1                      0x080001d7   Thumb Code     0  __rtentry2.o(.ARM.Collect$$rtentry$$0000000C)
    __rt_exit                                0x080001df   Thumb Code     0  rtexit.o(.ARM.Collect$$rtexit$$00000000)
    __rt_exit_ls                             0x080001e1   Thumb Code     0  rtexit2.o(.ARM.Collect$$rtexit$$00000003)
    __rt_exit_prels_1                        0x080001e1   Thumb Code     0  rtexit2.o(.ARM.Collect$$rtexit$$00000002)
    __rt_exit_exit                           0x080001e5   Thumb Code     0  rtexit2.o(.ARM.Collect$$rtexit$$00000004)
    Reset_Handler                            0x080001ed   Thumb Code     8  startup_stm32f10x_hd.o(.text)
    ADC1_2_IRQHandler                        0x08000207   Thumb Code     0  startup_stm32f10x_hd.o(.text)
    ADC3_IRQHandler                          0x08000207   Thumb Code     0  startup_stm32f10x_hd.o(.text)
    CAN1_RX1_IRQHandler                      0x08000207   Thumb Code     0  startup_stm32f10x_hd.o(.text)
    CAN1_SCE_IRQHandler                      0x08000207   Thumb Code     0  startup_stm32f10x_hd.o(.text)
    DMA1_Channel1_IRQHandler                 0x08000207   Thumb Code     0  startup_stm32f10x_hd.o(.text)
    DMA1_Channel2_IRQHandler                 0x08000207   Thumb Code     0  startup_stm32f10x_hd.o(.text)
    DMA1_Channel3_IRQHandler                 0x08000207   Thumb Code     0  startup_stm32f10x_hd.o(.text)
    DMA1_Channel4_IRQHandler                 0x08000207   Thumb Code     0  startup_stm32f10x_hd.o(.text)
    DMA1_Channel5_IRQHandler                 0x08000207   Thumb Code     0  startup_stm32f10x_hd.o(.text)
    DMA1_Channel6_IRQHandler                 0x08000207   Thumb Code     0  startup_stm32f10x_hd.o(.text)
    DMA1_Channel7_IRQHandler                 0x08000207   Thumb Code     0  startup_stm32f10x_hd.o(.text)
    DMA2_Channel1_IRQHandler                 0x08000207   Thumb Code     0  startup_stm32f10x_hd.o(.text)
    DMA2_Channel2_IRQHandler                 0x08000207   Thumb Code     0  startup_stm32f10x_hd.o(.text)
    DMA2_Channel3_IRQHandler                 0x08000207   Thumb Code     0  startup_stm32f10x_hd.o(.text)
    DMA2_Channel4_5_IRQHandler               0x08000207   Thumb Code     0  startup_stm32f10x_hd.o(.text)
    EXTI0_IRQHandler                         0x08000207   Thumb Code     0  startup_stm32f10x_hd.o(.text)
    EXTI15_10_IRQHandler                     0x08000207   Thumb Code     0  startup_stm32f10x_hd.o(.text)
    EXTI1_IRQHandler                         0x08000207   Thumb Code     0  startup_stm32f10x_hd.o(.text)
    EXTI2_IRQHandler                         0x08000207   Thumb Code     0  startup_stm32f10x_hd.o(.text)
    EXTI3_IRQHandler                         0x08000207   Thumb Code     0  startup_stm32f10x_hd.o(.text)
    EXTI4_IRQHandler                         0x08000207   Thumb Code     0  startup_stm32f10x_hd.o(.text)
    EXTI9_5_IRQHandler                       0x08000207   Thumb Code     0  startup_stm32f10x_hd.o(.text)
    FLASH_IRQHandler                         0x08000207   Thumb Code     0  startup_stm32f10x_hd.o(.text)
    FSMC_IRQHandler                          0x08000207   Thumb Code     0  startup_stm32f10x_hd.o(.text)
    I2C1_ER_IRQHandler                       0x08000207   Thumb Code     0  startup_stm32f10x_hd.o(.text)
    I2C1_EV_IRQHandler                       0x08000207   Thumb Code     0  startup_stm32f10x_hd.o(.text)
    I2C2_ER_IRQHandler                       0x08000207   Thumb Code     0  startup_stm32f10x_hd.o(.text)
    I2C2_EV_IRQHandler                       0x08000207   Thumb Code     0  startup_stm32f10x_hd.o(.text)
    PVD_IRQHandler                           0x08000207   Thumb Code     0  startup_stm32f10x_hd.o(.text)
    RCC_IRQHandler                           0x08000207   Thumb Code     0  startup_stm32f10x_hd.o(.text)
    RTCAlarm_IRQHandler                      0x08000207   Thumb Code     0  startup_stm32f10x_hd.o(.text)
    RTC_IRQHandler                           0x08000207   Thumb Code     0  startup_stm32f10x_hd.o(.text)
    SDIO_IRQHandler                          0x08000207   Thumb Code     0  startup_stm32f10x_hd.o(.text)
    SPI1_IRQHandler                          0x08000207   Thumb Code     0  startup_stm32f10x_hd.o(.text)
    SPI2_IRQHandler                          0x08000207   Thumb Code     0  startup_stm32f10x_hd.o(.text)
    SPI3_IRQHandler                          0x08000207   Thumb Code     0  startup_stm32f10x_hd.o(.text)
    TAMPER_IRQHandler                        0x08000207   Thumb Code     0  startup_stm32f10x_hd.o(.text)
    TIM1_BRK_IRQHandler                      0x08000207   Thumb Code     0  startup_stm32f10x_hd.o(.text)
    TIM1_CC_IRQHandler                       0x08000207   Thumb Code     0  startup_stm32f10x_hd.o(.text)
    TIM1_TRG_COM_IRQHandler                  0x08000207   Thumb Code     0  startup_stm32f10x_hd.o(.text)
    TIM1_UP_IRQHandler                       0x08000207   Thumb Code     0  startup_stm32f10x_hd.o(.text)
    TIM2_IRQHandler                          0x08000207   Thumb Code     0  startup_stm32f10x_hd.o(.text)
    TIM4_IRQHandler                          0x08000207   Thumb Code     0  startup_stm32f10x_hd.o(.text)
    TIM5_IRQHandler                          0x08000207   Thumb Code     0  startup_stm32f10x_hd.o(.text)
    TIM7_IRQHandler                          0x08000207   Thumb Code     0  startup_stm32f10x_hd.o(.text)
    TIM8_BRK_IRQHandler                      0x08000207   Thumb Code     0  startup_stm32f10x_hd.o(.text)
    TIM8_TRG_COM_IRQHandler                  0x08000207   Thumb Code     0  startup_stm32f10x_hd.o(.text)
    TIM8_UP_IRQHandler                       0x08000207   Thumb Code     0  startup_stm32f10x_hd.o(.text)
    UART5_IRQHandler                         0x08000207   Thumb Code     0  startup_stm32f10x_hd.o(.text)
    USBWakeUp_IRQHandler                     0x08000207   Thumb Code     0  startup_stm32f10x_hd.o(.text)
    USB_HP_CAN1_TX_IRQHandler                0x08000207   Thumb Code     0  startup_stm32f10x_hd.o(.text)
    USB_LP_CAN1_RX0_IRQHandler               0x08000207   Thumb Code     0  startup_stm32f10x_hd.o(.text)
    WWDG_IRQHandler                          0x08000207   Thumb Code     0  startup_stm32f10x_hd.o(.text)
    __user_initial_stackheap                 0x08000209   Thumb Code     0  startup_stm32f10x_hd.o(.text)
    __use_no_semihosting                     0x0800022d   Thumb Code     2  use_no_semi_2.o(.text)
    __2printf                                0x08000231   Thumb Code    20  noretval__2printf.o(.text)
    _printf_str                              0x08000249   Thumb Code    82  _printf_str.o(.text)
    __printf                                 0x0800029b   Thumb Code   270  __printf_wp.o(.text)
    __aeabi_memcpy4                          0x080003a9   Thumb Code     0  rt_memcpy_w.o(.text)
    __aeabi_memcpy8                          0x080003a9   Thumb Code     0  rt_memcpy_w.o(.text)
    __rt_memcpy_w                            0x080003a9   Thumb Code   100  rt_memcpy_w.o(.text)
    _memcpy_lastbytes_aligned                0x080003f1   Thumb Code     0  rt_memcpy_w.o(.text)
    __use_two_region_memory                  0x0800040d   Thumb Code     2  heapauxi.o(.text)
    __rt_heap_escrow$2region                 0x0800040f   Thumb Code     2  heapauxi.o(.text)
    __rt_heap_expand$2region                 0x08000411   Thumb Code     2  heapauxi.o(.text)
    __I$use$semihosting                      0x08000413   Thumb Code     0  use_no_semi.o(.text)
    __use_no_semihosting_swi                 0x08000413   Thumb Code     2  use_no_semi.o(.text)
    __lib_sel_fp_printf                      0x08000415   Thumb Code     2  _printf_fp_dec.o(.text)
    _printf_fp_dec_real                      0x080005c7   Thumb Code   620  _printf_fp_dec.o(.text)
    _printf_cs_common                        0x08000833   Thumb Code    20  _printf_char.o(.text)
    _printf_char                             0x08000847   Thumb Code    16  _printf_char.o(.text)
    _printf_string                           0x08000857   Thumb Code     8  _printf_char.o(.text)
    _printf_char_file                        0x08000861   Thumb Code    32  _printf_char_file.o(.text)
    __rt_locale                              0x08000885   Thumb Code     8  rt_locale_intlibspace.o(.text)
    _ll_udiv10                               0x0800088d   Thumb Code   138  lludiv10.o(.text)
    _printf_char_common                      0x08000923   Thumb Code    32  _printf_char_common.o(.text)
    _printf_fp_infnan                        0x08000949   Thumb Code   112  _printf_fp_infnan.o(.text)
    _btod_etento                             0x080009c9   Thumb Code   224  bigflt0.o(.text)
    ferror                                   0x08000aad   Thumb Code     8  ferror.o(.text)
    __user_libspace                          0x08000ab5   Thumb Code     8  libspace.o(.text)
    __user_perproc_libspace                  0x08000ab5   Thumb Code     0  libspace.o(.text)
    __user_perthread_libspace                0x08000ab5   Thumb Code     0  libspace.o(.text)
    __user_setup_stackheap                   0x08000abd   Thumb Code    74  sys_stackheap_outer.o(.text)
    exit                                     0x08000b07   Thumb Code    18  exit.o(.text)
    strcmp                                   0x08000b19   Thumb Code   128  strcmpv7m.o(.text)
    _btod_d2e                                0x08000b99   Thumb Code    62  btod.o(CL$$btod_d2e)
    _d2e_denorm_low                          0x08000bd7   Thumb Code    70  btod.o(CL$$btod_d2e_denorm_low)
    _d2e_norm_op1                            0x08000c1d   Thumb Code    96  btod.o(CL$$btod_d2e_norm_op1)
    __btod_div_common                        0x08000c7d   Thumb Code   696  btod.o(CL$$btod_div_common)
    _e2e                                     0x08000fb5   Thumb Code   220  btod.o(CL$$btod_e2e)
    _btod_ediv                               0x08001091   Thumb Code    42  btod.o(CL$$btod_ediv)
    _btod_emul                               0x080010bb   Thumb Code    42  btod.o(CL$$btod_emul)
    __btod_mult_common                       0x080010e5   Thumb Code   580  btod.o(CL$$btod_mult_common)
    ADC_ClearFlag                            0x08001329   Thumb Code     6  stm32f10x_adc.o(i.ADC_ClearFlag)
    ADC_Cmd                                  0x0800132f   Thumb Code    24  stm32f10x_adc.o(i.ADC_Cmd)
    ADC_ConvertToVoltage                     0x08001349   Thumb Code    24  adc.o(i.ADC_ConvertToVoltage)
    ADC_GetCalibrationStatus                 0x08001365   Thumb Code    14  stm32f10x_adc.o(i.ADC_GetCalibrationStatus)
    ADC_GetConversionValue                   0x08001373   Thumb Code     6  stm32f10x_adc.o(i.ADC_GetConversionValue)
    ADC_GetFlagStatus                        0x08001379   Thumb Code    14  stm32f10x_adc.o(i.ADC_GetFlagStatus)
    ADC_GetResetCalibrationStatus            0x08001387   Thumb Code    14  stm32f10x_adc.o(i.ADC_GetResetCalibrationStatus)
    ADC_Init                                 0x08001395   Thumb Code    62  stm32f10x_adc.o(i.ADC_Init)
    ADC_Read                                 0x080013dd   Thumb Code    54  adc.o(i.ADC_Read)
    ADC_RegularChannelConfig                 0x08001419   Thumb Code   116  stm32f10x_adc.o(i.ADC_RegularChannelConfig)
    ADC_ResetCalibration                     0x0800148d   Thumb Code    10  stm32f10x_adc.o(i.ADC_ResetCalibration)
    ADC_SoftwareStartConvCmd                 0x08001497   Thumb Code    24  stm32f10x_adc.o(i.ADC_SoftwareStartConvCmd)
    ADC_StartCalibration                     0x080014af   Thumb Code    10  stm32f10x_adc.o(i.ADC_StartCalibration)
    Base_component                           0x080014b9   Thumb Code   134  key.o(i.Base_component)
    BusFault_Handler                         0x08001545   Thumb Code     2  stm32f10x_it.o(i.BusFault_Handler)
    Calculate_Current                        0x08001549   Thumb Code    22  adc.o(i.Calculate_Current)
    Calculate_Power                          0x08001569   Thumb Code    32  adc.o(i.Calculate_Power)
    DebugMon_Handler                         0x08001591   Thumb Code     2  stm32f10x_it.o(i.DebugMon_Handler)
    Delay_ms                                 0x08001593   Thumb Code    24  delay.o(i.Delay_ms)
    Delay_us                                 0x080015ab   Thumb Code    32  delay.o(i.Delay_us)
    GPIO_Init                                0x080015cb   Thumb Code   166  stm32f10x_gpio.o(i.GPIO_Init)
    GPIO_ReadInputDataBit                    0x08001671   Thumb Code    14  stm32f10x_gpio.o(i.GPIO_ReadInputDataBit)
    GPIO_ResetBits                           0x0800167f   Thumb Code     4  stm32f10x_gpio.o(i.GPIO_ResetBits)
    GPIO_SetBits                             0x08001683   Thumb Code     4  stm32f10x_gpio.o(i.GPIO_SetBits)
    HMI_send_float                           0x08001689   Thumb Code    26  uart.o(i.HMI_send_float)
    HardFault_Handler                        0x080016b5   Thumb Code     2  stm32f10x_it.o(i.HardFault_Handler)
    I2C_Start                                0x080016b9   Thumb Code    58  oled.o(i.I2C_Start)
    I2C_Stop                                 0x080016f9   Thumb Code    40  oled.o(i.I2C_Stop)
    I2C_WaitAck                              0x08001725   Thumb Code    48  oled.o(i.I2C_WaitAck)
    IIC_delay                                0x08001759   Thumb Code    10  oled.o(i.IIC_delay)
    INA240_AD_Init                           0x08001765   Thumb Code   130  adc.o(i.INA240_AD_Init)
    KEY_Init                                 0x080017f1   Thumb Code    62  key.o(i.KEY_Init)
    Key_Scan                                 0x08001839   Thumb Code   232  key.o(i.Key_Scan)
    MemManage_Handler                        0x0800192d   Thumb Code     2  stm32f10x_it.o(i.MemManage_Handler)
    NMI_Handler                              0x0800192f   Thumb Code     2  stm32f10x_it.o(i.NMI_Handler)
    NVIC_Init                                0x08001931   Thumb Code    96  misc.o(i.NVIC_Init)
    NVIC_PriorityGroupConfig                 0x08001995   Thumb Code    10  misc.o(i.NVIC_PriorityGroupConfig)
    OLED_Clear                               0x080019a9   Thumb Code    38  oled.o(i.OLED_Clear)
    OLED_ColorTurn                           0x080019d5   Thumb Code    34  oled.o(i.OLED_ColorTurn)
    OLED_DisplayTurn                         0x080019f7   Thumb Code    50  oled.o(i.OLED_DisplayTurn)
    OLED_DrawPoint                           0x08001a29   Thumb Code    44  oled.o(i.OLED_DrawPoint)
    OLED_Init                                0x08001a59   Thumb Code   342  oled.o(i.OLED_Init)
    OLED_Pow                                 0x08001bb9   Thumb Code    16  oled.o(i.OLED_Pow)
    OLED_Refresh                             0x08001bc9   Thumb Code    96  oled.o(i.OLED_Refresh)
    OLED_ShowChar                            0x08001c2d   Thumb Code   230  oled.o(i.OLED_ShowChar)
    OLED_ShowFNum                            0x08001d25   Thumb Code   312  oled.o(i.OLED_ShowFNum)
    OLED_ShowNum                             0x08001e61   Thumb Code   122  oled.o(i.OLED_ShowNum)
    OLED_WR_Byte                             0x08001edb   Thumb Code    58  oled.o(i.OLED_WR_Byte)
    PendSV_Handler                           0x08001f15   Thumb Code     2  stm32f10x_it.o(i.PendSV_Handler)
    RCC_ADCCLKConfig                         0x08001f19   Thumb Code    14  stm32f10x_rcc.o(i.RCC_ADCCLKConfig)
    RCC_APB1PeriphClockCmd                   0x08001f2d   Thumb Code    22  stm32f10x_rcc.o(i.RCC_APB1PeriphClockCmd)
    RCC_APB2PeriphClockCmd                   0x08001f49   Thumb Code    22  stm32f10x_rcc.o(i.RCC_APB2PeriphClockCmd)
    RCC_GetClocksFreq                        0x08001f65   Thumb Code   154  stm32f10x_rcc.o(i.RCC_GetClocksFreq)
    Read_Current                             0x08002011   Thumb Code    26  adc.o(i.Read_Current)
    Read_FilteredCurrent                     0x0800202d   Thumb Code   168  adc.o(i.Read_FilteredCurrent)
    SVC_Handler                              0x080020e9   Thumb Code     2  stm32f10x_it.o(i.SVC_Handler)
    Send_Byte                                0x080020ed   Thumb Code    78  oled.o(i.Send_Byte)
    Send_HMI                                 0x08002141   Thumb Code    44  adc.o(i.Send_HMI)
    SysTick_Handler                          0x0800223d   Thumb Code     2  stm32f10x_it.o(i.SysTick_Handler)
    SystemInit                               0x08002241   Thumb Code    64  system_stm32f10x.o(i.SystemInit)
    TIM3_IRQHandler                          0x08002291   Thumb Code    36  motor.o(i.TIM3_IRQHandler)
    TIM6_IRQHandler                          0x080022b9   Thumb Code    48  main.o(i.TIM6_IRQHandler)
    TIM6_Init                                0x080022f1   Thumb Code    92  time6.o(i.TIM6_Init)
    TIM8_CC_IRQHandler                       0x08002351   Thumb Code    54  motor.o(i.TIM8_CC_IRQHandler)
    TIM_CCxCmd                               0x0800238d   Thumb Code    22  stm32f10x_tim.o(i.TIM_CCxCmd)
    TIM_ClearITPendingBit                    0x080023a3   Thumb Code     6  stm32f10x_tim.o(i.TIM_ClearITPendingBit)
    TIM_Cmd                                  0x080023a9   Thumb Code    24  stm32f10x_tim.o(i.TIM_Cmd)
    TIM_GetCounter                           0x080023c1   Thumb Code     4  stm32f10x_tim.o(i.TIM_GetCounter)
    TIM_GetITStatus                          0x080023c5   Thumb Code    24  stm32f10x_tim.o(i.TIM_GetITStatus)
    TIM_ITConfig                             0x080023dd   Thumb Code    20  stm32f10x_tim.o(i.TIM_ITConfig)
    TIM_SetCompare1                          0x080023f1   Thumb Code     4  stm32f10x_tim.o(i.TIM_SetCompare1)
    TIM_SetCompare2                          0x080023f5   Thumb Code     4  stm32f10x_tim.o(i.TIM_SetCompare2)
    TIM_TimeBaseInit                         0x080023f9   Thumb Code   114  stm32f10x_tim.o(i.TIM_TimeBaseInit)
    UART1_Scrn_Init                          0x08002495   Thumb Code   170  uart.o(i.UART1_Scrn_Init)
    UART2_Buffer_Count                       0x08002549   Thumb Code     6  uart2.o(i.UART2_Buffer_Count)
    UART2_Buffer_Init                        0x0800254f   Thumb Code    14  uart2.o(i.UART2_Buffer_Init)
    UART2_Buffer_Read                        0x0800255d   Thumb Code    44  uart2.o(i.UART2_Buffer_Read)
    UART2_Buffer_Write                       0x08002589   Thumb Code    44  uart2.o(i.UART2_Buffer_Write)
    UART2_MaixCam_Init                       0x080025b5   Thumb Code   174  uart2.o(i.UART2_MaixCam_Init)
    UART2_MaixCam_SendByte                   0x08002671   Thumb Code    26  uart2.o(i.UART2_MaixCam_SendByte)
    UART2_ParsePacket                        0x08002691   Thumb Code   366  uart2.o(i.UART2_ParsePacket)
    UART4_IRQHandler                         0x08002805   Thumb Code    46  uart4.o(i.UART4_IRQHandler)
    USART1_IRQHandler                        0x08002839   Thumb Code    44  uart.o(i.USART1_IRQHandler)
    USART2_IRQHandler                        0x0800286d   Thumb Code    48  uart2.o(i.USART2_IRQHandler)
    USART3_IRQHandler                        0x080028a5   Thumb Code    30  uart3.o(i.USART3_IRQHandler)
    USART_ClearFlag                          0x080028c9   Thumb Code     8  stm32f10x_usart.o(i.USART_ClearFlag)
    USART_ClearITPendingBit                  0x080028d1   Thumb Code    16  stm32f10x_usart.o(i.USART_ClearITPendingBit)
    USART_Cmd                                0x080028e1   Thumb Code    24  stm32f10x_usart.o(i.USART_Cmd)
    USART_GetFlagStatus                      0x080028f9   Thumb Code    14  stm32f10x_usart.o(i.USART_GetFlagStatus)
    USART_GetITStatus                        0x08002907   Thumb Code    64  stm32f10x_usart.o(i.USART_GetITStatus)
    USART_ITConfig                           0x08002947   Thumb Code    54  stm32f10x_usart.o(i.USART_ITConfig)
    USART_Init                               0x0800297d   Thumb Code   182  stm32f10x_usart.o(i.USART_Init)
    USART_ReceiveData                        0x08002a39   Thumb Code     8  stm32f10x_usart.o(i.USART_ReceiveData)
    USART_SendData                           0x08002a41   Thumb Code     8  stm32f10x_usart.o(i.USART_SendData)
    UsageFault_Handler                       0x08002a49   Thumb Code     2  stm32f10x_it.o(i.UsageFault_Handler)
    __ARM_fpclassify                         0x08002a4b   Thumb Code    40  fpclassify.o(i.__ARM_fpclassify)
    _is_digit                                0x08002a73   Thumb Code    14  __printf_wp.o(i._is_digit)
    _sys_exit                                0x08002a81   Thumb Code     2  uart.o(i._sys_exit)
    fputc                                    0x08002a85   Thumb Code    18  uart.o(i.fputc)
    jy61p_ReceiveData                        0x08002a9d   Thumb Code   196  jy61p.o(i.jy61p_ReceiveData)
    main                                     0x08002b6d   Thumb Code   236  main.o(i.main)
    speed_decision                           0x08002c8d   Thumb Code   364  motor.o(i.speed_decision)
    speed_decision3                          0x08002e05   Thumb Code   362  motor.o(i.speed_decision3)
    _get_lc_numeric                          0x08002f7d   Thumb Code    44  lc_numeric_c.o(locale$$code)
    __aeabi_d2f                              0x08002fa9   Thumb Code     0  d2f.o(x$fpl$d2f)
    _d2f                                     0x08002fa9   Thumb Code    98  d2f.o(x$fpl$d2f)
    __aeabi_dmul                             0x0800300d   Thumb Code     0  dmul.o(x$fpl$dmul)
    _dmul                                    0x0800300d   Thumb Code   332  dmul.o(x$fpl$dmul)
    __fpl_dnaninf                            0x08003161   Thumb Code   156  dnaninf.o(x$fpl$dnaninf)
    __fpl_dretinf                            0x080031fd   Thumb Code    12  dretinf.o(x$fpl$dretinf)
    __aeabi_f2d                              0x08003209   Thumb Code     0  f2d.o(x$fpl$f2d)
    _f2d                                     0x08003209   Thumb Code    86  f2d.o(x$fpl$f2d)
    __aeabi_fadd                             0x08003261   Thumb Code     0  faddsub_clz.o(x$fpl$fadd)
    _fadd                                    0x08003261   Thumb Code   196  faddsub_clz.o(x$fpl$fadd)
    __fpl_fcheck_NaN1                        0x08003325   Thumb Code     6  fcheck1.o(x$fpl$fcheck1)
    __fpl_fcmp_Inf                           0x08003331   Thumb Code    24  fcmpi.o(x$fpl$fcmpinf)
    __aeabi_fdiv                             0x08003349   Thumb Code     0  fdiv.o(x$fpl$fdiv)
    _fdiv                                    0x08003349   Thumb Code   384  fdiv.o(x$fpl$fdiv)
    __aeabi_f2uiz                            0x080034cd   Thumb Code     0  ffixu.o(x$fpl$ffixu)
    _ffixu                                   0x080034cd   Thumb Code    62  ffixu.o(x$fpl$ffixu)
    __aeabi_i2f                              0x0800350d   Thumb Code     0  fflt_clz.o(x$fpl$fflt)
    _fflt                                    0x0800350d   Thumb Code    48  fflt_clz.o(x$fpl$fflt)
    __aeabi_ui2f                             0x0800353d   Thumb Code     0  fflt_clz.o(x$fpl$ffltu)
    _ffltu                                   0x0800353d   Thumb Code    38  fflt_clz.o(x$fpl$ffltu)
    __aeabi_cfcmple                          0x08003565   Thumb Code     0  fleqf.o(x$fpl$fleqf)
    _fcmple                                  0x08003565   Thumb Code   104  fleqf.o(x$fpl$fleqf)
    __fpl_fcmple_InfNaN                      0x080035b7   Thumb Code     0  fleqf.o(x$fpl$fleqf)
    __aeabi_fmul                             0x080035cd   Thumb Code     0  fmul.o(x$fpl$fmul)
    _fmul                                    0x080035cd   Thumb Code   258  fmul.o(x$fpl$fmul)
    __fpl_fnaninf                            0x080036cf   Thumb Code   140  fnaninf.o(x$fpl$fnaninf)
    __fpl_fretinf                            0x0800375b   Thumb Code    10  fretinf.o(x$fpl$fretinf)
    __aeabi_cfrcmple                         0x08003765   Thumb Code     0  frleqf.o(x$fpl$frleqf)
    _frcmple                                 0x08003765   Thumb Code    98  frleqf.o(x$fpl$frleqf)
    __aeabi_frsub                            0x080037c7   Thumb Code     0  faddsub_clz.o(x$fpl$frsb)
    _frsb                                    0x080037c7   Thumb Code    20  faddsub_clz.o(x$fpl$frsb)
    __aeabi_fsub                             0x080037dd   Thumb Code     0  faddsub_clz.o(x$fpl$fsub)
    _fsub                                    0x080037dd   Thumb Code   234  faddsub_clz.o(x$fpl$fsub)
    _printf_fp_dec                           0x080038c7   Thumb Code     4  printf1.o(x$fpl$printf1)
    __fpl_return_NaN                         0x080038cb   Thumb Code   100  retnan.o(x$fpl$retnan)
    __ARM_scalbnf                            0x0800392f   Thumb Code    76  scalbnf.o(x$fpl$scalbnf)
    __fpl_cmpreturn                          0x0800397b   Thumb Code    48  trapv.o(x$fpl$trapveneer)
    __I$use$fp                               0x080039aa   Number         0  usenofp.o(x$fpl$usenofp)
    asc2_0806                                0x080039aa   Data         552  oled.o(.constdata)
    asc2_1206                                0x08003bd2   Data        1140  oled.o(.constdata)
    asc2_1608                                0x08004046   Data        1520  oled.o(.constdata)
    asc2_2412                                0x08004636   Data        3420  oled.o(.constdata)
    Hzk1                                     0x08005392   Data         352  oled.o(.constdata)
    Hzk2                                     0x080054f2   Data          72  oled.o(.constdata)
    Hzk3                                     0x0800553a   Data         128  oled.o(.constdata)
    Hzk4                                     0x080055ba   Data         512  oled.o(.constdata)
    Region$$Table$$Base                      0x08005850   Number         0  anon$$obj.o(Region$$Table)
    Region$$Table$$Limit                     0x08005870   Number         0  anon$$obj.o(Region$$Table)
    motor_sta                                0x20000014   Data           1  motor.o(.data)
    motor_sta2                               0x20000015   Data           1  motor.o(.data)
    last_key_num                             0x2000002c   Data           1  key.o(.data)
    last_key_num2                            0x2000002d   Data           1  key.o(.data)
    last_key_num3                            0x2000002e   Data           1  key.o(.data)
    last_key_num4                            0x2000002f   Data           1  key.o(.data)
    last_key_num5                            0x20000030   Data           1  key.o(.data)
    key_flag                                 0x20000031   Data           1  key.o(.data)
    Key_num                                  0x20000032   Data           1  key.o(.data)
    Res                                      0x20000033   Data           1  uart.o(.data)
    __stdout                                 0x20000034   Data           4  uart.o(.data)
    Roll                                     0x2000003c   Data           4  jy61p.o(.data)
    Pitch                                    0x20000040   Data           4  jy61p.o(.data)
    Yaw                                      0x20000044   Data           4  jy61p.o(.data)
    maxPower                                 0x2000004c   Data           4  adc.o(.data)
    filtered                                 0x20000050   Data           4  adc.o(.data)
    INA240_VM                                0x20000054   Data           4  adc.o(.data)
    INA240_VM_2                              0x20000058   Data           4  adc.o(.data)
    INA240_Val                               0x2000005c   Data           4  adc.o(.data)
    currentPower                             0x20000060   Data           4  adc.o(.data)
    current                                  0x20000064   Data           4  adc.o(.data)
    Send_flag                                0x20000068   Data           1  main.o(.data)
    num                                      0x2000006a   Data           2  main.o(.data)
    filtered_current                         0x2000006c   Data           4  main.o(.data)
    OLED_GRAM                                0x20000070   Data        1152  oled.o(.bss)
    srd                                      0x200004f0   Data          24  motor.o(.bss)
    srd2                                     0x20000508   Data          24  motor.o(.bss)
    packet                                   0x20000520   Data          24  uart2.o(.bss)
    uart2_rx_buffer                          0x20000538   Data         518  uart2.o(.bss)
    __libspace_start                         0x20000774   Data          96  libspace.o(.bss)
    __temporary_stack_top$libspace           0x200007d4   Data           0  libspace.o(.bss)



==============================================================================

Memory Map of the image

  Image Entry point : 0x08000131

  Load Region LR_IROM1 (Base: 0x08000000, Size: 0x000058fc, Max: 0x00040000, ABSOLUTE)

    Execution Region ER_IROM1 (Exec base: 0x08000000, Load base: 0x08000000, Size: 0x0000588c, Max: 0x00040000, ABSOLUTE)

    Exec Addr    Load Addr    Size         Type   Attr      Idx    E Section Name        Object

    0x08000000   0x08000000   0x00000130   Data   RO          160    RESET               startup_stm32f10x_hd.o
    0x08000130   0x08000130   0x00000008   Code   RO         4219  * !!!main             c_w.l(__main.o)
    0x08000138   0x08000138   0x00000034   Code   RO         4584    !!!scatter          c_w.l(__scatter.o)
    0x0800016c   0x0800016c   0x0000001a   Code   RO         4586    !!handler_copy      c_w.l(__scatter_copy.o)
    0x08000186   0x08000186   0x00000002   PAD
    0x08000188   0x08000188   0x0000001c   Code   RO         4588    !!handler_zi        c_w.l(__scatter_zi.o)
    0x080001a4   0x080001a4   0x00000000   Code   RO         4214    .ARM.Collect$$_printf_percent$$00000000  c_w.l(_printf_percent.o)
    0x080001a4   0x080001a4   0x00000006   Code   RO         4213    .ARM.Collect$$_printf_percent$$00000003  c_w.l(_printf_f.o)
    0x080001aa   0x080001aa   0x00000006   Code   RO         4211    .ARM.Collect$$_printf_percent$$00000014  c_w.l(_printf_s.o)
    0x080001b0   0x080001b0   0x00000004   Code   RO         4312    .ARM.Collect$$_printf_percent$$00000017  c_w.l(_printf_percent_end.o)
    0x080001b4   0x080001b4   0x00000002   Code   RO         4455    .ARM.Collect$$libinit$$00000000  c_w.l(libinit.o)
    0x080001b6   0x080001b6   0x00000000   Code   RO         4457    .ARM.Collect$$libinit$$00000002  c_w.l(libinit2.o)
    0x080001b6   0x080001b6   0x00000000   Code   RO         4459    .ARM.Collect$$libinit$$00000004  c_w.l(libinit2.o)
    0x080001b6   0x080001b6   0x00000000   Code   RO         4462    .ARM.Collect$$libinit$$0000000A  c_w.l(libinit2.o)
    0x080001b6   0x080001b6   0x00000000   Code   RO         4464    .ARM.Collect$$libinit$$0000000C  c_w.l(libinit2.o)
    0x080001b6   0x080001b6   0x00000000   Code   RO         4466    .ARM.Collect$$libinit$$0000000E  c_w.l(libinit2.o)
    0x080001b6   0x080001b6   0x00000006   Code   RO         4467    .ARM.Collect$$libinit$$0000000F  c_w.l(libinit2.o)
    0x080001bc   0x080001bc   0x00000000   Code   RO         4469    .ARM.Collect$$libinit$$00000011  c_w.l(libinit2.o)
    0x080001bc   0x080001bc   0x00000000   Code   RO         4471    .ARM.Collect$$libinit$$00000013  c_w.l(libinit2.o)
    0x080001bc   0x080001bc   0x00000000   Code   RO         4473    .ARM.Collect$$libinit$$00000015  c_w.l(libinit2.o)
    0x080001bc   0x080001bc   0x0000000a   Code   RO         4474    .ARM.Collect$$libinit$$00000016  c_w.l(libinit2.o)
    0x080001c6   0x080001c6   0x00000000   Code   RO         4475    .ARM.Collect$$libinit$$00000017  c_w.l(libinit2.o)
    0x080001c6   0x080001c6   0x00000000   Code   RO         4477    .ARM.Collect$$libinit$$00000019  c_w.l(libinit2.o)
    0x080001c6   0x080001c6   0x00000000   Code   RO         4479    .ARM.Collect$$libinit$$0000001B  c_w.l(libinit2.o)
    0x080001c6   0x080001c6   0x00000000   Code   RO         4481    .ARM.Collect$$libinit$$0000001D  c_w.l(libinit2.o)
    0x080001c6   0x080001c6   0x00000000   Code   RO         4483    .ARM.Collect$$libinit$$0000001F  c_w.l(libinit2.o)
    0x080001c6   0x080001c6   0x00000000   Code   RO         4485    .ARM.Collect$$libinit$$00000021  c_w.l(libinit2.o)
    0x080001c6   0x080001c6   0x00000000   Code   RO         4487    .ARM.Collect$$libinit$$00000023  c_w.l(libinit2.o)
    0x080001c6   0x080001c6   0x00000000   Code   RO         4489    .ARM.Collect$$libinit$$00000025  c_w.l(libinit2.o)
    0x080001c6   0x080001c6   0x00000000   Code   RO         4493    .ARM.Collect$$libinit$$0000002C  c_w.l(libinit2.o)
    0x080001c6   0x080001c6   0x00000000   Code   RO         4495    .ARM.Collect$$libinit$$0000002E  c_w.l(libinit2.o)
    0x080001c6   0x080001c6   0x00000000   Code   RO         4497    .ARM.Collect$$libinit$$00000030  c_w.l(libinit2.o)
    0x080001c6   0x080001c6   0x00000000   Code   RO         4499    .ARM.Collect$$libinit$$00000032  c_w.l(libinit2.o)
    0x080001c6   0x080001c6   0x00000002   Code   RO         4500    .ARM.Collect$$libinit$$00000033  c_w.l(libinit2.o)
    0x080001c8   0x080001c8   0x00000002   Code   RO         4532    .ARM.Collect$$libshutdown$$00000000  c_w.l(libshutdown.o)
    0x080001ca   0x080001ca   0x00000000   Code   RO         4541    .ARM.Collect$$libshutdown$$00000002  c_w.l(libshutdown2.o)
    0x080001ca   0x080001ca   0x00000000   Code   RO         4543    .ARM.Collect$$libshutdown$$00000004  c_w.l(libshutdown2.o)
    0x080001ca   0x080001ca   0x00000000   Code   RO         4545    .ARM.Collect$$libshutdown$$00000006  c_w.l(libshutdown2.o)
    0x080001ca   0x080001ca   0x00000000   Code   RO         4548    .ARM.Collect$$libshutdown$$00000009  c_w.l(libshutdown2.o)
    0x080001ca   0x080001ca   0x00000000   Code   RO         4551    .ARM.Collect$$libshutdown$$0000000C  c_w.l(libshutdown2.o)
    0x080001ca   0x080001ca   0x00000000   Code   RO         4553    .ARM.Collect$$libshutdown$$0000000E  c_w.l(libshutdown2.o)
    0x080001ca   0x080001ca   0x00000000   Code   RO         4556    .ARM.Collect$$libshutdown$$00000011  c_w.l(libshutdown2.o)
    0x080001ca   0x080001ca   0x00000002   Code   RO         4557    .ARM.Collect$$libshutdown$$00000012  c_w.l(libshutdown2.o)
    0x080001cc   0x080001cc   0x00000000   Code   RO         4301    .ARM.Collect$$rtentry$$00000000  c_w.l(__rtentry.o)
    0x080001cc   0x080001cc   0x00000000   Code   RO         4359    .ARM.Collect$$rtentry$$00000002  c_w.l(__rtentry2.o)
    0x080001cc   0x080001cc   0x00000006   Code   RO         4371    .ARM.Collect$$rtentry$$00000004  c_w.l(__rtentry4.o)
    0x080001d2   0x080001d2   0x00000000   Code   RO         4361    .ARM.Collect$$rtentry$$00000009  c_w.l(__rtentry2.o)
    0x080001d2   0x080001d2   0x00000004   Code   RO         4362    .ARM.Collect$$rtentry$$0000000A  c_w.l(__rtentry2.o)
    0x080001d6   0x080001d6   0x00000000   Code   RO         4364    .ARM.Collect$$rtentry$$0000000C  c_w.l(__rtentry2.o)
    0x080001d6   0x080001d6   0x00000008   Code   RO         4365    .ARM.Collect$$rtentry$$0000000D  c_w.l(__rtentry2.o)
    0x080001de   0x080001de   0x00000002   Code   RO         4505    .ARM.Collect$$rtexit$$00000000  c_w.l(rtexit.o)
    0x080001e0   0x080001e0   0x00000000   Code   RO         4512    .ARM.Collect$$rtexit$$00000002  c_w.l(rtexit2.o)
    0x080001e0   0x080001e0   0x00000004   Code   RO         4513    .ARM.Collect$$rtexit$$00000003  c_w.l(rtexit2.o)
    0x080001e4   0x080001e4   0x00000006   Code   RO         4514    .ARM.Collect$$rtexit$$00000004  c_w.l(rtexit2.o)
    0x080001ea   0x080001ea   0x00000002   PAD
    0x080001ec   0x080001ec   0x00000040   Code   RO          161    .text               startup_stm32f10x_hd.o
    0x0800022c   0x0800022c   0x00000002   Code   RO         4179    .text               c_w.l(use_no_semi_2.o)
    0x0800022e   0x0800022e   0x00000002   PAD
    0x08000230   0x08000230   0x00000018   Code   RO         4183    .text               c_w.l(noretval__2printf.o)
    0x08000248   0x08000248   0x00000052   Code   RO         4187    .text               c_w.l(_printf_str.o)
    0x0800029a   0x0800029a   0x0000010e   Code   RO         4199    .text               c_w.l(__printf_wp.o)
    0x080003a8   0x080003a8   0x00000064   Code   RO         4215    .text               c_w.l(rt_memcpy_w.o)
    0x0800040c   0x0800040c   0x00000006   Code   RO         4217    .text               c_w.l(heapauxi.o)
    0x08000412   0x08000412   0x00000002   Code   RO         4299    .text               c_w.l(use_no_semi.o)
    0x08000414   0x08000414   0x0000041e   Code   RO         4306    .text               c_w.l(_printf_fp_dec.o)
    0x08000832   0x08000832   0x0000002c   Code   RO         4308    .text               c_w.l(_printf_char.o)
    0x0800085e   0x0800085e   0x00000002   PAD
    0x08000860   0x08000860   0x00000024   Code   RO         4310    .text               c_w.l(_printf_char_file.o)
    0x08000884   0x08000884   0x00000008   Code   RO         4376    .text               c_w.l(rt_locale_intlibspace.o)
    0x0800088c   0x0800088c   0x0000008a   Code   RO         4383    .text               c_w.l(lludiv10.o)
    0x08000916   0x08000916   0x00000002   PAD
    0x08000918   0x08000918   0x00000030   Code   RO         4385    .text               c_w.l(_printf_char_common.o)
    0x08000948   0x08000948   0x00000080   Code   RO         4387    .text               c_w.l(_printf_fp_infnan.o)
    0x080009c8   0x080009c8   0x000000e4   Code   RO         4389    .text               c_w.l(bigflt0.o)
    0x08000aac   0x08000aac   0x00000008   Code   RO         4414    .text               c_w.l(ferror.o)
    0x08000ab4   0x08000ab4   0x00000008   Code   RO         4439    .text               c_w.l(libspace.o)
    0x08000abc   0x08000abc   0x0000004a   Code   RO         4442    .text               c_w.l(sys_stackheap_outer.o)
    0x08000b06   0x08000b06   0x00000012   Code   RO         4446    .text               c_w.l(exit.o)
    0x08000b18   0x08000b18   0x00000080   Code   RO         4448    .text               c_w.l(strcmpv7m.o)
    0x08000b98   0x08000b98   0x0000003e   Code   RO         4392    CL$$btod_d2e        c_w.l(btod.o)
    0x08000bd6   0x08000bd6   0x00000046   Code   RO         4394    CL$$btod_d2e_denorm_low  c_w.l(btod.o)
    0x08000c1c   0x08000c1c   0x00000060   Code   RO         4393    CL$$btod_d2e_norm_op1  c_w.l(btod.o)
    0x08000c7c   0x08000c7c   0x00000338   Code   RO         4402    CL$$btod_div_common  c_w.l(btod.o)
    0x08000fb4   0x08000fb4   0x000000dc   Code   RO         4399    CL$$btod_e2e        c_w.l(btod.o)
    0x08001090   0x08001090   0x0000002a   Code   RO         4396    CL$$btod_ediv       c_w.l(btod.o)
    0x080010ba   0x080010ba   0x0000002a   Code   RO         4395    CL$$btod_emul       c_w.l(btod.o)
    0x080010e4   0x080010e4   0x00000244   Code   RO         4401    CL$$btod_mult_common  c_w.l(btod.o)
    0x08001328   0x08001328   0x00000006   Code   RO          205    i.ADC_ClearFlag     stm32f10x_adc.o
    0x0800132e   0x0800132e   0x00000018   Code   RO          207    i.ADC_Cmd           stm32f10x_adc.o
    0x08001346   0x08001346   0x00000002   PAD
    0x08001348   0x08001348   0x0000001c   Code   RO         3974    i.ADC_ConvertToVoltage  adc.o
    0x08001364   0x08001364   0x0000000e   Code   RO          215    i.ADC_GetCalibrationStatus  stm32f10x_adc.o
    0x08001372   0x08001372   0x00000006   Code   RO          216    i.ADC_GetConversionValue  stm32f10x_adc.o
    0x08001378   0x08001378   0x0000000e   Code   RO          218    i.ADC_GetFlagStatus  stm32f10x_adc.o
    0x08001386   0x08001386   0x0000000e   Code   RO          221    i.ADC_GetResetCalibrationStatus  stm32f10x_adc.o
    0x08001394   0x08001394   0x00000048   Code   RO          225    i.ADC_Init          stm32f10x_adc.o
    0x080013dc   0x080013dc   0x0000003c   Code   RO         3975    i.ADC_Read          adc.o
    0x08001418   0x08001418   0x00000074   Code   RO          229    i.ADC_RegularChannelConfig  stm32f10x_adc.o
    0x0800148c   0x0800148c   0x0000000a   Code   RO          230    i.ADC_ResetCalibration  stm32f10x_adc.o
    0x08001496   0x08001496   0x00000018   Code   RO          232    i.ADC_SoftwareStartConvCmd  stm32f10x_adc.o
    0x080014ae   0x080014ae   0x0000000a   Code   RO          234    i.ADC_StartCalibration  stm32f10x_adc.o
    0x080014b8   0x080014b8   0x0000008c   Code   RO         3559    i.Base_component    key.o
    0x08001544   0x08001544   0x00000002   Code   RO         4114    i.BusFault_Handler  stm32f10x_it.o
    0x08001546   0x08001546   0x00000002   PAD
    0x08001548   0x08001548   0x00000020   Code   RO         3976    i.Calculate_Current  adc.o
    0x08001568   0x08001568   0x00000028   Code   RO         3977    i.Calculate_Power   adc.o
    0x08001590   0x08001590   0x00000002   Code   RO         4115    i.DebugMon_Handler  stm32f10x_it.o
    0x08001592   0x08001592   0x00000018   Code   RO            1    i.Delay_ms          delay.o
    0x080015aa   0x080015aa   0x00000020   Code   RO            3    i.Delay_us          delay.o
    0x080015ca   0x080015ca   0x000000a6   Code   RO         1316    i.GPIO_Init         stm32f10x_gpio.o
    0x08001670   0x08001670   0x0000000e   Code   RO         1320    i.GPIO_ReadInputDataBit  stm32f10x_gpio.o
    0x0800167e   0x0800167e   0x00000004   Code   RO         1323    i.GPIO_ResetBits    stm32f10x_gpio.o
    0x08001682   0x08001682   0x00000004   Code   RO         1324    i.GPIO_SetBits      stm32f10x_gpio.o
    0x08001686   0x08001686   0x00000002   PAD
    0x08001688   0x08001688   0x0000002c   Code   RO         3650    i.HMI_send_float    uart.o
    0x080016b4   0x080016b4   0x00000002   Code   RO         4116    i.HardFault_Handler  stm32f10x_it.o
    0x080016b6   0x080016b6   0x00000002   PAD
    0x080016b8   0x080016b8   0x00000040   Code   RO         3132    i.I2C_Start         oled.o
    0x080016f8   0x080016f8   0x0000002c   Code   RO         3133    i.I2C_Stop          oled.o
    0x08001724   0x08001724   0x00000034   Code   RO         3134    i.I2C_WaitAck       oled.o
    0x08001758   0x08001758   0x0000000a   Code   RO         3135    i.IIC_delay         oled.o
    0x08001762   0x08001762   0x00000002   PAD
    0x08001764   0x08001764   0x0000008c   Code   RO         3978    i.INA240_AD_Init    adc.o
    0x080017f0   0x080017f0   0x00000048   Code   RO         3560    i.KEY_Init          key.o
    0x08001838   0x08001838   0x000000f4   Code   RO         3561    i.Key_Scan          key.o
    0x0800192c   0x0800192c   0x00000002   Code   RO         4117    i.MemManage_Handler  stm32f10x_it.o
    0x0800192e   0x0800192e   0x00000002   Code   RO         4118    i.NMI_Handler       stm32f10x_it.o
    0x08001930   0x08001930   0x00000064   Code   RO          165    i.NVIC_Init         misc.o
    0x08001994   0x08001994   0x00000014   Code   RO          166    i.NVIC_PriorityGroupConfig  misc.o
    0x080019a8   0x080019a8   0x0000002c   Code   RO         3136    i.OLED_Clear        oled.o
    0x080019d4   0x080019d4   0x00000022   Code   RO         3137    i.OLED_ColorTurn    oled.o
    0x080019f6   0x080019f6   0x00000032   Code   RO         3140    i.OLED_DisplayTurn  oled.o
    0x08001a28   0x08001a28   0x00000030   Code   RO         3143    i.OLED_DrawPoint    oled.o
    0x08001a58   0x08001a58   0x00000160   Code   RO         3144    i.OLED_Init         oled.o
    0x08001bb8   0x08001bb8   0x00000010   Code   RO         3145    i.OLED_Pow          oled.o
    0x08001bc8   0x08001bc8   0x00000064   Code   RO         3146    i.OLED_Refresh      oled.o
    0x08001c2c   0x08001c2c   0x000000f8   Code   RO         3148    i.OLED_ShowChar     oled.o
    0x08001d24   0x08001d24   0x0000013c   Code   RO         3150    i.OLED_ShowFNum     oled.o
    0x08001e60   0x08001e60   0x0000007a   Code   RO         3151    i.OLED_ShowNum      oled.o
    0x08001eda   0x08001eda   0x0000003a   Code   RO         3155    i.OLED_WR_Byte      oled.o
    0x08001f14   0x08001f14   0x00000002   Code   RO         4119    i.PendSV_Handler    stm32f10x_it.o
    0x08001f16   0x08001f16   0x00000002   PAD
    0x08001f18   0x08001f18   0x00000014   Code   RO         1730    i.RCC_ADCCLKConfig  stm32f10x_rcc.o
    0x08001f2c   0x08001f2c   0x0000001c   Code   RO         1732    i.RCC_APB1PeriphClockCmd  stm32f10x_rcc.o
    0x08001f48   0x08001f48   0x0000001c   Code   RO         1734    i.RCC_APB2PeriphClockCmd  stm32f10x_rcc.o
    0x08001f64   0x08001f64   0x000000ac   Code   RO         1742    i.RCC_GetClocksFreq  stm32f10x_rcc.o
    0x08002010   0x08002010   0x0000001a   Code   RO         3981    i.Read_Current      adc.o
    0x0800202a   0x0800202a   0x00000002   PAD
    0x0800202c   0x0800202c   0x000000bc   Code   RO         3982    i.Read_FilteredCurrent  adc.o
    0x080020e8   0x080020e8   0x00000002   Code   RO         4120    i.SVC_Handler       stm32f10x_it.o
    0x080020ea   0x080020ea   0x00000002   PAD
    0x080020ec   0x080020ec   0x00000054   Code   RO         3156    i.Send_Byte         oled.o
    0x08002140   0x08002140   0x00000048   Code   RO         3984    i.Send_HMI          adc.o
    0x08002188   0x08002188   0x00000004   Code   RO          124    i.SetSysClock       system_stm32f10x.o
    0x0800218c   0x0800218c   0x000000b0   Code   RO          125    i.SetSysClockTo72   system_stm32f10x.o
    0x0800223c   0x0800223c   0x00000002   Code   RO         4121    i.SysTick_Handler   stm32f10x_it.o
    0x0800223e   0x0800223e   0x00000002   PAD
    0x08002240   0x08002240   0x00000050   Code   RO          127    i.SystemInit        system_stm32f10x.o
    0x08002290   0x08002290   0x00000028   Code   RO         3332    i.TIM3_IRQHandler   motor.o
    0x080022b8   0x080022b8   0x00000038   Code   RO         4061    i.TIM6_IRQHandler   main.o
    0x080022f0   0x080022f0   0x00000060   Code   RO         3874    i.TIM6_Init         time6.o
    0x08002350   0x08002350   0x0000003c   Code   RO         3333    i.TIM8_CC_IRQHandler  motor.o
    0x0800238c   0x0800238c   0x00000016   Code   RO         2358    i.TIM_CCxCmd        stm32f10x_tim.o
    0x080023a2   0x080023a2   0x00000006   Code   RO         2361    i.TIM_ClearITPendingBit  stm32f10x_tim.o
    0x080023a8   0x080023a8   0x00000018   Code   RO         2366    i.TIM_Cmd           stm32f10x_tim.o
    0x080023c0   0x080023c0   0x00000004   Code   RO         2385    i.TIM_GetCounter    stm32f10x_tim.o
    0x080023c4   0x080023c4   0x00000018   Code   RO         2387    i.TIM_GetITStatus   stm32f10x_tim.o
    0x080023dc   0x080023dc   0x00000014   Code   RO         2391    i.TIM_ITConfig      stm32f10x_tim.o
    0x080023f0   0x080023f0   0x00000004   Code   RO         2427    i.TIM_SetCompare1   stm32f10x_tim.o
    0x080023f4   0x080023f4   0x00000004   Code   RO         2428    i.TIM_SetCompare2   stm32f10x_tim.o
    0x080023f8   0x080023f8   0x0000009c   Code   RO         2437    i.TIM_TimeBaseInit  stm32f10x_tim.o
    0x08002494   0x08002494   0x000000b4   Code   RO         3653    i.UART1_Scrn_Init   uart.o
    0x08002548   0x08002548   0x00000006   Code   RO         3722    i.UART2_Buffer_Count  uart2.o
    0x0800254e   0x0800254e   0x0000000e   Code   RO         3723    i.UART2_Buffer_Init  uart2.o
    0x0800255c   0x0800255c   0x0000002c   Code   RO         3724    i.UART2_Buffer_Read  uart2.o
    0x08002588   0x08002588   0x0000002c   Code   RO         3725    i.UART2_Buffer_Write  uart2.o
    0x080025b4   0x080025b4   0x000000bc   Code   RO         3726    i.UART2_MaixCam_Init  uart2.o
    0x08002670   0x08002670   0x00000020   Code   RO         3727    i.UART2_MaixCam_SendByte  uart2.o
    0x08002690   0x08002690   0x00000174   Code   RO         3728    i.UART2_ParsePacket  uart2.o
    0x08002804   0x08002804   0x00000034   Code   RO         3810    i.UART4_IRQHandler  uart4.o
    0x08002838   0x08002838   0x00000034   Code   RO         3655    i.USART1_IRQHandler  uart.o
    0x0800286c   0x0800286c   0x00000038   Code   RO         3729    i.USART2_IRQHandler  uart2.o
    0x080028a4   0x080028a4   0x00000024   Code   RO         3789    i.USART3_IRQHandler  uart3.o
    0x080028c8   0x080028c8   0x00000008   Code   RO         2898    i.USART_ClearFlag   stm32f10x_usart.o
    0x080028d0   0x080028d0   0x00000010   Code   RO         2899    i.USART_ClearITPendingBit  stm32f10x_usart.o
    0x080028e0   0x080028e0   0x00000018   Code   RO         2902    i.USART_Cmd         stm32f10x_usart.o
    0x080028f8   0x080028f8   0x0000000e   Code   RO         2905    i.USART_GetFlagStatus  stm32f10x_usart.o
    0x08002906   0x08002906   0x00000040   Code   RO         2906    i.USART_GetITStatus  stm32f10x_usart.o
    0x08002946   0x08002946   0x00000036   Code   RO         2908    i.USART_ITConfig    stm32f10x_usart.o
    0x0800297c   0x0800297c   0x000000bc   Code   RO         2909    i.USART_Init        stm32f10x_usart.o
    0x08002a38   0x08002a38   0x00000008   Code   RO         2916    i.USART_ReceiveData  stm32f10x_usart.o
    0x08002a40   0x08002a40   0x00000008   Code   RO         2919    i.USART_SendData    stm32f10x_usart.o
    0x08002a48   0x08002a48   0x00000002   Code   RO         4122    i.UsageFault_Handler  stm32f10x_it.o
    0x08002a4a   0x08002a4a   0x00000028   Code   RO         4435    i.__ARM_fpclassify  m_ws.l(fpclassify.o)
    0x08002a72   0x08002a72   0x0000000e   Code   RO         4201    i._is_digit         c_w.l(__printf_wp.o)
    0x08002a80   0x08002a80   0x00000002   Code   RO         3656    i._sys_exit         uart.o
    0x08002a82   0x08002a82   0x00000002   PAD
    0x08002a84   0x08002a84   0x00000018   Code   RO         3657    i.fputc             uart.o
    0x08002a9c   0x08002a9c   0x000000d0   Code   RO         3855    i.jy61p_ReceiveData  jy61p.o
    0x08002b6c   0x08002b6c   0x00000120   Code   RO         4062    i.main              main.o
    0x08002c8c   0x08002c8c   0x00000178   Code   RO         3334    i.speed_decision    motor.o
    0x08002e04   0x08002e04   0x00000178   Code   RO         3335    i.speed_decision3   motor.o
    0x08002f7c   0x08002f7c   0x0000002c   Code   RO         4419    locale$$code        c_w.l(lc_numeric_c.o)
    0x08002fa8   0x08002fa8   0x00000062   Code   RO         4221    x$fpl$d2f           fz_ws.l(d2f.o)
    0x0800300a   0x0800300a   0x00000002   PAD
    0x0800300c   0x0800300c   0x00000154   Code   RO         4237    x$fpl$dmul          fz_ws.l(dmul.o)
    0x08003160   0x08003160   0x0000009c   Code   RO         4315    x$fpl$dnaninf       fz_ws.l(dnaninf.o)
    0x080031fc   0x080031fc   0x0000000c   Code   RO         4317    x$fpl$dretinf       fz_ws.l(dretinf.o)
    0x08003208   0x08003208   0x00000056   Code   RO         4239    x$fpl$f2d           fz_ws.l(f2d.o)
    0x0800325e   0x0800325e   0x00000002   PAD
    0x08003260   0x08003260   0x000000c4   Code   RO         4241    x$fpl$fadd          fz_ws.l(faddsub_clz.o)
    0x08003324   0x08003324   0x0000000c   Code   RO         4321    x$fpl$fcheck1       fz_ws.l(fcheck1.o)
    0x08003330   0x08003330   0x00000018   Code   RO         4323    x$fpl$fcmpinf       fz_ws.l(fcmpi.o)
    0x08003348   0x08003348   0x00000184   Code   RO         4248    x$fpl$fdiv          fz_ws.l(fdiv.o)
    0x080034cc   0x080034cc   0x0000003e   Code   RO         4255    x$fpl$ffixu         fz_ws.l(ffixu.o)
    0x0800350a   0x0800350a   0x00000002   PAD
    0x0800350c   0x0800350c   0x00000030   Code   RO         4260    x$fpl$fflt          fz_ws.l(fflt_clz.o)
    0x0800353c   0x0800353c   0x00000026   Code   RO         4259    x$fpl$ffltu         fz_ws.l(fflt_clz.o)
    0x08003562   0x08003562   0x00000002   PAD
    0x08003564   0x08003564   0x00000068   Code   RO         4265    x$fpl$fleqf         fz_ws.l(fleqf.o)
    0x080035cc   0x080035cc   0x00000102   Code   RO         4267    x$fpl$fmul          fz_ws.l(fmul.o)
    0x080036ce   0x080036ce   0x0000008c   Code   RO         4325    x$fpl$fnaninf       fz_ws.l(fnaninf.o)
    0x0800375a   0x0800375a   0x0000000a   Code   RO         4327    x$fpl$fretinf       fz_ws.l(fretinf.o)
    0x08003764   0x08003764   0x00000062   Code   RO         4269    x$fpl$frleqf        fz_ws.l(frleqf.o)
    0x080037c6   0x080037c6   0x00000014   Code   RO         4242    x$fpl$frsb          fz_ws.l(faddsub_clz.o)
    0x080037da   0x080037da   0x00000002   PAD
    0x080037dc   0x080037dc   0x000000ea   Code   RO         4243    x$fpl$fsub          fz_ws.l(faddsub_clz.o)
    0x080038c6   0x080038c6   0x00000004   Code   RO         4271    x$fpl$printf1       fz_ws.l(printf1.o)
    0x080038ca   0x080038ca   0x00000064   Code   RO         4431    x$fpl$retnan        fz_ws.l(retnan.o)
    0x0800392e   0x0800392e   0x0000004c   Code   RO         4273    x$fpl$scalbnf       fz_ws.l(scalbnf.o)
    0x0800397a   0x0800397a   0x00000030   Code   RO         4503    x$fpl$trapveneer    fz_ws.l(trapv.o)
    0x080039aa   0x080039aa   0x00000000   Code   RO         4329    x$fpl$usenofp       fz_ws.l(usenofp.o)
    0x080039aa   0x080039aa   0x00001e10   Data   RO         3158    .constdata          oled.o
    0x080057ba   0x080057ba   0x00000002   PAD
    0x080057bc   0x080057bc   0x00000094   Data   RO         4390    .constdata          c_w.l(bigflt0.o)
    0x08005850   0x08005850   0x00000020   Data   RO         4582    Region$$Table       anon$$obj.o
    0x08005870   0x08005870   0x0000001c   Data   RO         4418    locale$$data        c_w.l(lc_numeric_c.o)


    Execution Region RW_IRAM1 (Exec base: 0x20000000, Load base: 0x0800588c, Size: 0x00000dd8, Max: 0x0000c000, ABSOLUTE)

    Exec Addr    Load Addr    Size         Type   Attr      Idx    E Section Name        Object

    0x20000000   0x0800588c   0x00000014   Data   RW         1762    .data               stm32f10x_rcc.o
    0x20000014   0x080058a0   0x00000018   Data   RW         3337    .data               motor.o
    0x2000002c   0x080058b8   0x00000007   Data   RW         3562    .data               key.o
    0x20000033   0x080058bf   0x00000001   Data   RW         3658    .data               uart.o
    0x20000034   0x080058c0   0x00000004   Data   RW         3659    .data               uart.o
    0x20000038   0x080058c4   0x00000010   Data   RW         3857    .data               jy61p.o
    0x20000048   0x080058d4   0x0000001c   Data   RW         3986    .data               adc.o
    0x20000064   0x080058f0   0x00000004   Data   RW         3987    .data               adc.o
    0x20000068   0x080058f4   0x00000008   Data   RW         4063    .data               main.o
    0x20000070        -       0x00000480   Zero   RW         3157    .bss                oled.o
    0x200004f0        -       0x00000030   Zero   RW         3336    .bss                motor.o
    0x20000520        -       0x00000018   Zero   RW         3730    .bss                uart2.o
    0x20000538        -       0x00000206   Zero   RW         3731    .bss                uart2.o
    0x2000073e        -       0x0000000b   Zero   RW         3856    .bss                jy61p.o
    0x20000749   0x080058fc   0x00000003   PAD
    0x2000074c        -       0x00000028   Zero   RW         3985    .bss                adc.o
    0x20000774        -       0x00000060   Zero   RW         4440    .bss                c_w.l(libspace.o)
    0x200007d4   0x080058fc   0x00000004   PAD
    0x200007d8        -       0x00000200   Zero   RW          159    HEAP                startup_stm32f10x_hd.o
    0x200009d8        -       0x00000400   Zero   RW          158    STACK               startup_stm32f10x_hd.o


==============================================================================

Image component sizes


      Code (inc. data)   RO Data    RW Data    ZI Data      Debug   Object Name

       586         86          0         32         40       5060   adc.o
         0          0          0          0          0         32   core_cm3.o
        56          0          0          0          0     262438   delay.o
       208         12          0         16         11       1433   jy61p.o
       456         28          0          7          0       2119   key.o
       344         60          0          8          0       1705   main.o
       120         14          0          0          0       1551   misc.o
       852         36          0         24         48       4416   motor.o
      1642         66       7696          0       1152      11323   oled.o
        64         26        304          0       1536        780   startup_stm32f10x_hd.o
       310         10          0          0          0       8405   stm32f10x_adc.o
       188          0          0          0          0       3620   stm32f10x_gpio.o
        18          0          0          0          0       3614   stm32f10x_it.o
       248         36          0         20          0       4989   stm32f10x_rcc.o
       264         42          0          0          0       5588   stm32f10x_tim.o
       384          6          0          0          0       7293   stm32f10x_usart.o
       260         26          0          0          0       1873   system_stm32f10x.o
        96          4          0          0          0        524   time6.o
       302         42          0          5          0       5025   uart.o
       756         44          0          0        542       6161   uart2.o
        36          6          0          0          0        472   uart3.o
        52          6          0          0          0        523   uart4.o

    ----------------------------------------------------------------------
      7262        550       8034        112       3332     338944   Object Totals
         0          0         32          0          0          0   (incl. Generated)
        20          0          2          0          3          0   (incl. Padding)

    ----------------------------------------------------------------------

      Code (inc. data)   RO Data    RW Data    ZI Data      Debug   Library Member Name

         8          0          0          0          0         68   __main.o
       284          0          0          0          0        156   __printf_wp.o
         0          0          0          0          0          0   __rtentry.o
        12          0          0          0          0          0   __rtentry2.o
         6          0          0          0          0          0   __rtentry4.o
        52          8          0          0          0          0   __scatter.o
        26          0          0          0          0          0   __scatter_copy.o
        28          0          0          0          0          0   __scatter_zi.o
        44          0          0          0          0        108   _printf_char.o
        48          6          0          0          0         96   _printf_char_common.o
        36          4          0          0          0         80   _printf_char_file.o
         6          0          0          0          0          0   _printf_f.o
      1054          0          0          0          0        216   _printf_fp_dec.o
       128         16          0          0          0         84   _printf_fp_infnan.o
         0          0          0          0          0          0   _printf_percent.o
         4          0          0          0          0          0   _printf_percent_end.o
         6          0          0          0          0          0   _printf_s.o
        82          0          0          0          0         80   _printf_str.o
       228          4        148          0          0         96   bigflt0.o
      1936        128          0          0          0        672   btod.o
        18          0          0          0          0         80   exit.o
         8          0          0          0          0         68   ferror.o
         6          0          0          0          0        152   heapauxi.o
        44         10         28          0          0         76   lc_numeric_c.o
         2          0          0          0          0          0   libinit.o
        18          0          0          0          0          0   libinit2.o
         2          0          0          0          0          0   libshutdown.o
         2          0          0          0          0          0   libshutdown2.o
         8          4          0          0         96         68   libspace.o
       138          0          0          0          0         80   lludiv10.o
        24          4          0          0          0         84   noretval__2printf.o
         8          4          0          0          0         68   rt_locale_intlibspace.o
       100          0          0          0          0         80   rt_memcpy_w.o
         2          0          0          0          0          0   rtexit.o
        10          0          0          0          0          0   rtexit2.o
       128          0          0          0          0         68   strcmpv7m.o
        74          0          0          0          0         80   sys_stackheap_outer.o
         2          0          0          0          0         68   use_no_semi.o
         2          0          0          0          0         68   use_no_semi_2.o
        98          4          0          0          0         92   d2f.o
       340         12          0          0          0        104   dmul.o
       156          4          0          0          0         92   dnaninf.o
        12          0          0          0          0         68   dretinf.o
        86          4          0          0          0         84   f2d.o
       450          8          0          0          0        236   faddsub_clz.o
        12          4          0          0          0         68   fcheck1.o
        24          0          0          0          0         68   fcmpi.o
       388         76          0          0          0         96   fdiv.o
        62          4          0          0          0         84   ffixu.o
        86          0          0          0          0        136   fflt_clz.o
       104          4          0          0          0         84   fleqf.o
       258          4          0          0          0         84   fmul.o
       140          4          0          0          0         84   fnaninf.o
        10          0          0          0          0         68   fretinf.o
        98          0          0          0          0         68   frleqf.o
         4          0          0          0          0         68   printf1.o
       100          0          0          0          0         68   retnan.o
        76          0          0          0          0         68   scalbnf.o
        48          0          0          0          0         68   trapv.o
         0          0          0          0          0          0   usenofp.o
        40          0          0          0          0         68   fpclassify.o

    ----------------------------------------------------------------------
      7196        316        176          0        100       4552   Library Totals
        20          0          0          0          4          0   (incl. Padding)

    ----------------------------------------------------------------------

      Code (inc. data)   RO Data    RW Data    ZI Data      Debug   Library Name

      4584        188        176          0         96       2696   c_w.l
      2552        128          0          0          0       1788   fz_ws.l
        40          0          0          0          0         68   m_ws.l

    ----------------------------------------------------------------------
      7196        316        176          0        100       4552   Library Totals

    ----------------------------------------------------------------------

==============================================================================


      Code (inc. data)   RO Data    RW Data    ZI Data      Debug   

     14458        866       8210        112       3432     335692   Grand Totals
     14458        866       8210        112       3432     335692   ELF Image Totals
     14458        866       8210        112          0          0   ROM Totals

==============================================================================

    Total RO  Size (Code + RO Data)                22668 (  22.14kB)
    Total RW  Size (RW Data + ZI Data)              3544 (   3.46kB)
    Total ROM Size (Code + RO Data + RW Data)      22780 (  22.25kB)

==============================================================================

