Component: ARM Compiler 5.06 update 7 (build 960) Tool: armlink [4d3601]

==============================================================================

Section Cross References

    delay.o(i.Delay_ms) refers to delay.o(i.Delay_us) for Delay_us
    delay.o(i.Delay_s) refers to delay.o(i.Delay_ms) for Delay_ms
    system_stm32f10x.o(i.SetSysClock) refers to system_stm32f10x.o(i.SetSysClockTo72) for SetSysClockTo72
    system_stm32f10x.o(i.SystemCoreClockUpdate) refers to system_stm32f10x.o(.data) for .data
    system_stm32f10x.o(i.SystemInit) refers to system_stm32f10x.o(i.SetSysClock) for SetSysClock
    startup_stm32f10x_hd.o(STACK) refers (Special) to heapauxi.o(.text) for __use_two_region_memory
    startup_stm32f10x_hd.o(HEAP) refers (Special) to heapauxi.o(.text) for __use_two_region_memory
    startup_stm32f10x_hd.o(RESET) refers (Special) to heapauxi.o(.text) for __use_two_region_memory
    startup_stm32f10x_hd.o(RESET) refers to startup_stm32f10x_hd.o(STACK) for __initial_sp
    startup_stm32f10x_hd.o(RESET) refers to startup_stm32f10x_hd.o(.text) for Reset_Handler
    startup_stm32f10x_hd.o(RESET) refers to stm32f10x_it.o(i.NMI_Handler) for NMI_Handler
    startup_stm32f10x_hd.o(RESET) refers to stm32f10x_it.o(i.HardFault_Handler) for HardFault_Handler
    startup_stm32f10x_hd.o(RESET) refers to stm32f10x_it.o(i.MemManage_Handler) for MemManage_Handler
    startup_stm32f10x_hd.o(RESET) refers to stm32f10x_it.o(i.BusFault_Handler) for BusFault_Handler
    startup_stm32f10x_hd.o(RESET) refers to stm32f10x_it.o(i.UsageFault_Handler) for UsageFault_Handler
    startup_stm32f10x_hd.o(RESET) refers to stm32f10x_it.o(i.SVC_Handler) for SVC_Handler
    startup_stm32f10x_hd.o(RESET) refers to stm32f10x_it.o(i.DebugMon_Handler) for DebugMon_Handler
    startup_stm32f10x_hd.o(RESET) refers to stm32f10x_it.o(i.PendSV_Handler) for PendSV_Handler
    startup_stm32f10x_hd.o(RESET) refers to stm32f10x_it.o(i.SysTick_Handler) for SysTick_Handler
    startup_stm32f10x_hd.o(RESET) refers to uart.o(i.USART1_IRQHandler) for USART1_IRQHandler
    startup_stm32f10x_hd.o(RESET) refers to uart2.o(i.USART2_IRQHandler) for USART2_IRQHandler
    startup_stm32f10x_hd.o(RESET) refers to uart3.o(i.USART3_IRQHandler) for USART3_IRQHandler
    startup_stm32f10x_hd.o(RESET) refers to motor.o(i.TIM8_CC_IRQHandler) for TIM8_CC_IRQHandler
    startup_stm32f10x_hd.o(RESET) refers to uart4.o(i.UART4_IRQHandler) for UART4_IRQHandler
    startup_stm32f10x_hd.o(.text) refers (Special) to heapauxi.o(.text) for __use_two_region_memory
    startup_stm32f10x_hd.o(.text) refers to system_stm32f10x.o(i.SystemInit) for SystemInit
    startup_stm32f10x_hd.o(.text) refers to __main.o(!!!main) for __main
    startup_stm32f10x_hd.o(.text) refers to startup_stm32f10x_hd.o(HEAP) for Heap_Mem
    startup_stm32f10x_hd.o(.text) refers to startup_stm32f10x_hd.o(STACK) for Stack_Mem
    stm32f10x_adc.o(i.ADC_DeInit) refers to stm32f10x_rcc.o(i.RCC_APB2PeriphResetCmd) for RCC_APB2PeriphResetCmd
    stm32f10x_bkp.o(i.BKP_DeInit) refers to stm32f10x_rcc.o(i.RCC_BackupResetCmd) for RCC_BackupResetCmd
    stm32f10x_can.o(i.CAN_DeInit) refers to stm32f10x_rcc.o(i.RCC_APB1PeriphResetCmd) for RCC_APB1PeriphResetCmd
    stm32f10x_can.o(i.CAN_GetITStatus) refers to stm32f10x_can.o(i.CheckITStatus) for CheckITStatus
    stm32f10x_cec.o(i.CEC_DeInit) refers to stm32f10x_rcc.o(i.RCC_APB1PeriphResetCmd) for RCC_APB1PeriphResetCmd
    stm32f10x_dac.o(i.DAC_DeInit) refers to stm32f10x_rcc.o(i.RCC_APB1PeriphResetCmd) for RCC_APB1PeriphResetCmd
    stm32f10x_flash.o(i.FLASH_EnableWriteProtection) refers to stm32f10x_flash.o(i.FLASH_WaitForLastOperation) for FLASH_WaitForLastOperation
    stm32f10x_flash.o(i.FLASH_EraseAllBank1Pages) refers to stm32f10x_flash.o(i.FLASH_WaitForLastBank1Operation) for FLASH_WaitForLastBank1Operation
    stm32f10x_flash.o(i.FLASH_EraseAllPages) refers to stm32f10x_flash.o(i.FLASH_WaitForLastOperation) for FLASH_WaitForLastOperation
    stm32f10x_flash.o(i.FLASH_EraseOptionBytes) refers to stm32f10x_flash.o(i.FLASH_GetReadOutProtectionStatus) for FLASH_GetReadOutProtectionStatus
    stm32f10x_flash.o(i.FLASH_EraseOptionBytes) refers to stm32f10x_flash.o(i.FLASH_WaitForLastOperation) for FLASH_WaitForLastOperation
    stm32f10x_flash.o(i.FLASH_ErasePage) refers to stm32f10x_flash.o(i.FLASH_WaitForLastOperation) for FLASH_WaitForLastOperation
    stm32f10x_flash.o(i.FLASH_ProgramHalfWord) refers to stm32f10x_flash.o(i.FLASH_WaitForLastOperation) for FLASH_WaitForLastOperation
    stm32f10x_flash.o(i.FLASH_ProgramOptionByteData) refers to stm32f10x_flash.o(i.FLASH_WaitForLastOperation) for FLASH_WaitForLastOperation
    stm32f10x_flash.o(i.FLASH_ProgramWord) refers to stm32f10x_flash.o(i.FLASH_WaitForLastOperation) for FLASH_WaitForLastOperation
    stm32f10x_flash.o(i.FLASH_ReadOutProtection) refers to stm32f10x_flash.o(i.FLASH_WaitForLastOperation) for FLASH_WaitForLastOperation
[...]
    Removing stm32f10x_tim.o(i.TIM_PrescalerConfig), (6 bytes).
    Removing stm32f10x_tim.o(i.TIM_SelectCCDMA), (24 bytes).
    Removing stm32f10x_tim.o(i.TIM_SelectCOM), (24 bytes).
    Removing stm32f10x_tim.o(i.TIM_SelectHallSensor), (24 bytes).
    Removing stm32f10x_tim.o(i.TIM_SelectInputTrigger), (12 bytes).
    Removing stm32f10x_tim.o(i.TIM_SelectMasterSlaveMode), (16 bytes).
    Removing stm32f10x_tim.o(i.TIM_SelectOCxM), (76 bytes).
    Removing stm32f10x_tim.o(i.TIM_SelectOnePulseMode), (16 bytes).
    Removing stm32f10x_tim.o(i.TIM_SelectOutputTrigger), (16 bytes).
    Removing stm32f10x_tim.o(i.TIM_SelectSlaveMode), (16 bytes).
    Removing stm32f10x_tim.o(i.TIM_SetAutoreload), (4 bytes).
    Removing stm32f10x_tim.o(i.TIM_SetClockDivision), (16 bytes).
    Removing stm32f10x_tim.o(i.TIM_SetCounter), (4 bytes).
    Removing stm32f10x_tim.o(i.TIM_SetIC1Prescaler), (16 bytes).
    Removing stm32f10x_tim.o(i.TIM_SetIC2Prescaler), (24 bytes).
    Removing stm32f10x_tim.o(i.TIM_SetIC3Prescaler), (16 bytes).
    Removing stm32f10x_tim.o(i.TIM_SetIC4Prescaler), (24 bytes).
    Removing stm32f10x_tim.o(i.TIM_TIxExternalClockConfig), (48 bytes).
    Removing stm32f10x_tim.o(i.TIM_TimeBaseStructInit), (18 bytes).
    Removing stm32f10x_tim.o(i.TIM_UpdateDisableConfig), (24 bytes).
    Removing stm32f10x_tim.o(i.TIM_UpdateRequestConfig), (24 bytes).
    Removing stm32f10x_usart.o(i.USART_ClockInit), (30 bytes).
    Removing stm32f10x_usart.o(i.USART_ClockStructInit), (12 bytes).
    Removing stm32f10x_usart.o(i.USART_Cmd), (24 bytes).
    Removing stm32f10x_usart.o(i.USART_DMACmd), (20 bytes).
    Removing stm32f10x_usart.o(i.USART_DeInit), (164 bytes).
    Removing stm32f10x_usart.o(i.USART_HalfDuplexCmd), (24 bytes).
    Removing stm32f10x_usart.o(i.USART_ITConfig), (54 bytes).
    Removing stm32f10x_usart.o(i.USART_Init), (188 bytes).
    Removing stm32f10x_usart.o(i.USART_IrDACmd), (24 bytes).
    Removing stm32f10x_usart.o(i.USART_IrDAConfig), (16 bytes).
    Removing stm32f10x_usart.o(i.USART_LINBreakDetectLengthConfig), (16 bytes).
    Removing stm32f10x_usart.o(i.USART_LINCmd), (24 bytes).
    Removing stm32f10x_usart.o(i.USART_OneBitMethodCmd), (24 bytes).
    Removing stm32f10x_usart.o(i.USART_OverSampling8Cmd), (24 bytes).
    Removing stm32f10x_usart.o(i.USART_ReceiverWakeUpCmd), (24 bytes).
    Removing stm32f10x_usart.o(i.USART_SendBreak), (10 bytes).
    Removing stm32f10x_usart.o(i.USART_SendData), (8 bytes).
    Removing stm32f10x_usart.o(i.USART_SetAddress), (16 bytes).
    Removing stm32f10x_usart.o(i.USART_SetGuardTime), (16 bytes).
    Removing stm32f10x_usart.o(i.USART_SetPrescaler), (16 bytes).
    Removing stm32f10x_usart.o(i.USART_SmartCardCmd), (24 bytes).
    Removing stm32f10x_usart.o(i.USART_SmartCardNACKCmd), (24 bytes).
    Removing stm32f10x_usart.o(i.USART_StructInit), (22 bytes).
    Removing stm32f10x_usart.o(i.USART_WakeUpConfig), (16 bytes).
    Removing stm32f10x_wwdg.o(i.WWDG_ClearFlag), (12 bytes).
    Removing stm32f10x_wwdg.o(i.WWDG_DeInit), (24 bytes).
    Removing stm32f10x_wwdg.o(i.WWDG_Enable), (16 bytes).
    Removing stm32f10x_wwdg.o(i.WWDG_EnableIT), (12 bytes).
    Removing stm32f10x_wwdg.o(i.WWDG_GetFlagStatus), (12 bytes).
    Removing stm32f10x_wwdg.o(i.WWDG_SetCounter), (16 bytes).
    Removing stm32f10x_wwdg.o(i.WWDG_SetPrescaler), (20 bytes).
    Removing stm32f10x_wwdg.o(i.WWDG_SetWindowValue), (32 bytes).
    Removing oled.o(i.OLED_DisPlay_Off), (30 bytes).
    Removing oled.o(i.OLED_DisPlay_On), (30 bytes).
    Removing oled.o(i.OLED_DrawCircle), (202 bytes).
    Removing oled.o(i.OLED_DrawLine), (154 bytes).
    Removing oled.o(i.OLED_ScrollDisplay), (160 bytes).
    Removing oled.o(i.OLED_ShowChinese), (212 bytes).
    Removing oled.o(i.OLED_ShowFNum), (300 bytes).
    Removing oled.o(i.OLED_ShowPicture), (170 bytes).
    Removing oled.o(i.OLED_ShowString), (60 bytes).
    Removing uart.o(i.UART1_Scrn_Init), (180 bytes).
    Removing uart.o(i.UART1_SendByte), (32 bytes).
    Removing uart.o(i.fputc), (24 bytes).
    Removing uart.o(.data), (4 bytes).
    Removing uart2.o(i.UART2_MaixCam_Init), (176 bytes).
    Removing uart3.o(i.UART3_Code_Init), (176 bytes).
    Removing uart4.o(i.Jy61P_Init_Zero), (60 bytes).
    Removing uart4.o(i.UART4_Init), (168 bytes).
    Removing uart4.o(i.UART4_SendArray), (26 bytes).
    Removing uart4.o(i.UART4_SendByte), (32 bytes).
    Removing uart4.o(.data), (15 bytes).
    Removing servo.o(i.Servo_Init), (248 bytes).
    Removing servo.o(i.Servo_SetAngle), (72 bytes).
    Removing key.o(i.KEY_Init), (64 bytes).
    Removing key.o(i.Key_Scan), (168 bytes).
    Removing key.o(.data), (2 bytes).
    Removing buzz.o(i.Buzz_Beep), (22 bytes).
    Removing buzz.o(i.Buzz_Init), (56 bytes).
    Removing buzz.o(i.Buzz_Off), (16 bytes).
    Removing buzz.o(i.Buzz_On), (16 bytes).

471 unused section(s) (total 17915 bytes) removed from the image.

==============================================================================

Image Symbol Table

    Local Symbols

    Symbol Name                              Value     Ov Type        Size  Object(Section)

    ../clib/angel/boardlib.s                 0x00000000   Number         0  boardshut.o ABSOLUTE
    ../clib/angel/boardlib.s                 0x00000000   Number         0  boardinit3.o ABSOLUTE
    ../clib/angel/boardlib.s                 0x00000000   Number         0  boardinit2.o ABSOLUTE
    ../clib/angel/boardlib.s                 0x00000000   Number         0  boardinit1.o ABSOLUTE
    ../clib/angel/handlers.s                 0x00000000   Number         0  __scatter_zi.o ABSOLUTE
    ../clib/angel/handlers.s                 0x00000000   Number         0  __scatter_copy.o ABSOLUTE
    ../clib/angel/kernel.s                   0x00000000   Number         0  __rtentry.o ABSOLUTE
    ../clib/angel/kernel.s                   0x00000000   Number         0  __rtentry2.o ABSOLUTE
    ../clib/angel/kernel.s                   0x00000000   Number         0  rtexit2.o ABSOLUTE
    ../clib/angel/kernel.s                   0x00000000   Number         0  __rtentry4.o ABSOLUTE
    ../clib/angel/kernel.s                   0x00000000   Number         0  rtexit.o ABSOLUTE
    ../clib/angel/rt.s                       0x00000000   Number         0  rt_raise.o ABSOLUTE
    ../clib/angel/rt.s                       0x00000000   Number         0  rt_errno_addr.o ABSOLUTE
    ../clib/angel/rt.s                       0x00000000   Number         0  rt_errno_addr_intlibspace.o ABSOLUTE
    ../clib/angel/scatter.s                  0x00000000   Number         0  __scatter.o ABSOLUTE
    ../clib/angel/startup.s                  0x00000000   Number         0  __main.o ABSOLUTE
    ../clib/angel/sys.s                      0x00000000   Number         0  sys_stackheap_outer.o ABSOLUTE
    ../clib/angel/sys.s                      0x00000000   Number         0  libspace.o ABSOLUTE
    ../clib/angel/sys.s                      0x00000000   Number         0  indicate_semi.o ABSOLUTE
    ../clib/angel/sys.s                      0x00000000   Number         0  use_no_semi_2.o ABSOLUTE
    ../clib/angel/sys.s                      0x00000000   Number         0  use_no_semi.o ABSOLUTE
    ../clib/angel/sysapp.c                   0x00000000   Number         0  sys_command.o ABSOLUTE
    ../clib/angel/sysapp.c                   0x00000000   Number         0  sys_wrch.o ABSOLUTE
    ../clib/armsys.c                         0x00000000   Number         0  no_argv.o ABSOLUTE
    ../clib/armsys.c                         0x00000000   Number         0  argv_veneer.o ABSOLUTE
    ../clib/armsys.c                         0x00000000   Number         0  _get_argv_nomalloc.o ABSOLUTE
    ../clib/armsys.c                         0x00000000   Number         0  argv_veneer.o ABSOLUTE
    ../clib/fenv.c                           0x00000000   Number         0  _rserrno.o ABSOLUTE
    ../clib/heapalloc.c                      0x00000000   Number         0  hrguard.o ABSOLUTE
    ../clib/heapaux.c                        0x00000000   Number         0  heapauxi.o ABSOLUTE
    ../clib/libinit.s                        0x00000000   Number         0  libshutdown.o ABSOLUTE
    ../clib/libinit.s                        0x00000000   Number         0  libinit2.o ABSOLUTE
    ../clib/libinit.s                        0x00000000   Number         0  libshutdown2.o ABSOLUTE
    ../clib/libinit.s                        0x00000000   Number         0  libinit.o ABSOLUTE
    ../clib/signal.c                         0x00000000   Number         0  defsig_rtmem_outer.o ABSOLUTE
    ../clib/signal.c                         0x00000000   Number         0  __raise.o ABSOLUTE
    ../clib/signal.c                         0x00000000   Number         0  defsig_segv_inner.o ABSOLUTE
    ../clib/signal.c                         0x00000000   Number         0  defsig_other.o ABSOLUTE
    ../clib/signal.c                         0x00000000   Number         0  defsig_cppl_inner.o ABSOLUTE
    ../clib/signal.c                         0x00000000   Number         0  defsig_pvfn_inner.o ABSOLUTE
    ../clib/signal.c                         0x00000000   Number         0  defsig_stak_inner.o ABSOLUTE
    ../clib/signal.c                         0x00000000   Number         0  defsig_rtred_inner.o ABSOLUTE
    ../clib/signal.c                         0x00000000   Number         0  defsig_fpe_inner.o ABSOLUTE
    ../clib/signal.c                         0x00000000   Number         0  defsig_abrt_inner.o ABSOLUTE
    ../clib/signal.c                         0x00000000   Number         0  defsig_general.o ABSOLUTE
    ../clib/signal.c                         0x00000000   Number         0  defsig_rtmem_inner.o ABSOLUTE
    ../clib/signal.c                         0x00000000   Number         0  defsig_exit.o ABSOLUTE
    ../clib/signal.c                         0x00000000   Number         0  defsig_rtmem_formal.o ABSOLUTE
    ../clib/signal.s                         0x00000000   Number         0  defsig.o ABSOLUTE
    ../clib/stdlib.c                         0x00000000   Number         0  exit.o ABSOLUTE
    ../fplib/d2f.s                           0x00000000   Number         0  d2f.o ABSOLUTE
    ../fplib/dcmpi.s                         0x00000000   Number         0  dcmpi.o ABSOLUTE
    ../fplib/ddiv.s                          0x00000000   Number         0  ddiv.o ABSOLUTE
    ../fplib/dfix.s                          0x00000000   Number         0  dfix.o ABSOLUTE
    ../fplib/dflt.s                          0x00000000   Number         0  dflt_clz.o ABSOLUTE
    ../fplib/dleqf.s                         0x00000000   Number         0  dleqf.o ABSOLUTE
    ../fplib/dmul.s                          0x00000000   Number         0  dmul.o ABSOLUTE
    ../fplib/dnaninf.s                       0x00000000   Number         0  dnaninf.o ABSOLUTE
    ../fplib/dretinf.s                       0x00000000   Number         0  dretinf.o ABSOLUTE
    ../fplib/dsqrt.s                         0x00000000   Number         0  dsqrt_noumaal.o ABSOLUTE
    ../fplib/f2d.s                           0x00000000   Number         0  f2d.o ABSOLUTE
    ../fplib/faddsub.s                       0x00000000   Number         0  faddsub_clz.o ABSOLUTE
    ../fplib/fcheck1.s                       0x00000000   Number         0  fcheck1.o ABSOLUTE
    ../fplib/fdiv.s                          0x00000000   Number         0  fdiv.o ABSOLUTE
    ../fplib/ffix.s                          0x00000000   Number         0  ffix.o ABSOLUTE
    ../fplib/ffixu.s                         0x00000000   Number         0  ffixu.o ABSOLUTE
    ../fplib/fflt.s                          0x00000000   Number         0  fflt_clz.o ABSOLUTE
    ../fplib/fmul.s                          0x00000000   Number         0  fmul.o ABSOLUTE
    ../fplib/fnaninf.s                       0x00000000   Number         0  fnaninf.o ABSOLUTE
    ../fplib/fpinit.s                        0x00000000   Number         0  fpinit.o ABSOLUTE
    ../fplib/fretinf.s                       0x00000000   Number         0  fretinf.o ABSOLUTE
    ../fplib/retnan.s                        0x00000000   Number         0  retnan.o ABSOLUTE
    ../fplib/scalbnf.s                       0x00000000   Number         0  scalbnf.o ABSOLUTE
    ../fplib/trapv.s                         0x00000000   Number         0  trapv.o ABSOLUTE
    ../fplib/usenofp.s                       0x00000000   Number         0  usenofp.o ABSOLUTE
    ../mathlib/sqrt.c                        0x00000000   Number         0  sqrt_x.o ABSOLUTE
    ../mathlib/sqrt.c                        0x00000000   Number         0  sqrt.o ABSOLUTE
    ..\Hardware\Buzz.c                       0x00000000   Number         0  buzz.o ABSOLUTE
    ..\Hardware\Dir.c                        0x00000000   Number         0  dir.o ABSOLUTE
    ..\Hardware\Encoder_Init.c               0x00000000   Number         0  encoder_init.o ABSOLUTE
    ..\Hardware\Encoder_Motor.c              0x00000000   Number         0  encoder_motor.o ABSOLUTE
    ..\Hardware\Key.c                        0x00000000   Number         0  key.o ABSOLUTE
    ..\Hardware\LED.c                        0x00000000   Number         0  led.o ABSOLUTE
    ..\Hardware\Motor.c                      0x00000000   Number         0  motor.o ABSOLUTE
    ..\Hardware\Motor_Init.c                 0x00000000   Number         0  motor_init.o ABSOLUTE
    ..\Hardware\Servo.c                      0x00000000   Number         0  servo.o ABSOLUTE
    ..\Hardware\UART.c                       0x00000000   Number         0  uart.o ABSOLUTE
    ..\Hardware\UART2.c                      0x00000000   Number         0  uart2.o ABSOLUTE
    ..\Hardware\UART3.c                      0x00000000   Number         0  uart3.o ABSOLUTE
    ..\Hardware\UART4.c                      0x00000000   Number         0  uart4.o ABSOLUTE
    ..\Hardware\jy61p.c                      0x00000000   Number         0  jy61p.o ABSOLUTE
    ..\Hardware\oled.c                       0x00000000   Number         0  oled.o ABSOLUTE
    ..\Library\misc.c                        0x00000000   Number         0  misc.o ABSOLUTE
    ..\Library\stm32f10x_adc.c               0x00000000   Number         0  stm32f10x_adc.o ABSOLUTE
    ..\Library\stm32f10x_bkp.c               0x00000000   Number         0  stm32f10x_bkp.o ABSOLUTE
    ..\Library\stm32f10x_can.c               0x00000000   Number         0  stm32f10x_can.o ABSOLUTE
    ..\Library\stm32f10x_cec.c               0x00000000   Number         0  stm32f10x_cec.o ABSOLUTE
    ..\Library\stm32f10x_crc.c               0x00000000   Number         0  stm32f10x_crc.o ABSOLUTE
    ..\Library\stm32f10x_dac.c               0x00000000   Number         0  stm32f10x_dac.o ABSOLUTE
    ..\Library\stm32f10x_dbgmcu.c            0x00000000   Number         0  stm32f10x_dbgmcu.o ABSOLUTE
    ..\Library\stm32f10x_dma.c               0x00000000   Number         0  stm32f10x_dma.o ABSOLUTE
    ..\Library\stm32f10x_exti.c              0x00000000   Number         0  stm32f10x_exti.o ABSOLUTE
    ..\Library\stm32f10x_flash.c             0x00000000   Number         0  stm32f10x_flash.o ABSOLUTE
    ..\Library\stm32f10x_fsmc.c              0x00000000   Number         0  stm32f10x_fsmc.o ABSOLUTE
    ..\Library\stm32f10x_gpio.c              0x00000000   Number         0  stm32f10x_gpio.o ABSOLUTE
    ..\Library\stm32f10x_i2c.c               0x00000000   Number         0  stm32f10x_i2c.o ABSOLUTE
    ..\Library\stm32f10x_iwdg.c              0x00000000   Number         0  stm32f10x_iwdg.o ABSOLUTE
    ..\Library\stm32f10x_pwr.c               0x00000000   Number         0  stm32f10x_pwr.o ABSOLUTE
    ..\Library\stm32f10x_rcc.c               0x00000000   Number         0  stm32f10x_rcc.o ABSOLUTE
    ..\Library\stm32f10x_rtc.c               0x00000000   Number         0  stm32f10x_rtc.o ABSOLUTE
    ..\Library\stm32f10x_sdio.c              0x00000000   Number         0  stm32f10x_sdio.o ABSOLUTE
    ..\Library\stm32f10x_spi.c               0x00000000   Number         0  stm32f10x_spi.o ABSOLUTE
    ..\Library\stm32f10x_tim.c               0x00000000   Number         0  stm32f10x_tim.o ABSOLUTE
    ..\Library\stm32f10x_usart.c             0x00000000   Number         0  stm32f10x_usart.o ABSOLUTE
    ..\Library\stm32f10x_wwdg.c              0x00000000   Number         0  stm32f10x_wwdg.o ABSOLUTE
    ..\Start\core_cm3.c                      0x00000000   Number         0  core_cm3.o ABSOLUTE
    ..\Start\startup_stm32f10x_hd.s          0x00000000   Number         0  startup_stm32f10x_hd.o ABSOLUTE
    ..\Start\system_stm32f10x.c              0x00000000   Number         0  system_stm32f10x.o ABSOLUTE
    ..\System\Delay.c                        0x00000000   Number         0  delay.o ABSOLUTE
    ..\User\main.c                           0x00000000   Number         0  main.o ABSOLUTE
    ..\User\stm32f10x_it.c                   0x00000000   Number         0  stm32f10x_it.o ABSOLUTE
    ..\\Start\\core_cm3.c                    0x00000000   Number         0  core_cm3.o ABSOLUTE
    dc.s                                     0x00000000   Number         0  dc.o ABSOLUTE
    RESET                                    0x08000000   Section      304  startup_stm32f10x_hd.o(RESET)
    !!!main                                  0x08000130   Section        8  __main.o(!!!main)
    !!!scatter                               0x08000138   Section       52  __scatter.o(!!!scatter)
    !!handler_copy                           0x0800016c   Section       26  __scatter_copy.o(!!handler_copy)
    !!handler_zi                             0x08000188   Section       28  __scatter_zi.o(!!handler_zi)
    .ARM.Collect$$libinit$$00000000          0x080001a4   Section        2  libinit.o(.ARM.Collect$$libinit$$00000000)
    .ARM.Collect$$libinit$$00000002          0x080001a6   Section        0  libinit2.o(.ARM.Collect$$libinit$$00000002)
    .ARM.Collect$$libinit$$00000004          0x080001a6   Section        0  libinit2.o(.ARM.Collect$$libinit$$00000004)
    .ARM.Collect$$libinit$$0000000A          0x080001a6   Section        0  libinit2.o(.ARM.Collect$$libinit$$0000000A)
    .ARM.Collect$$libinit$$0000000C          0x080001a6   Section        0  libinit2.o(.ARM.Collect$$libinit$$0000000C)
    .ARM.Collect$$libinit$$0000000E          0x080001a6   Section        0  libinit2.o(.ARM.Collect$$libinit$$0000000E)
    .ARM.Collect$$libinit$$00000011          0x080001a6   Section        0  libinit2.o(.ARM.Collect$$libinit$$00000011)
    .ARM.Collect$$libinit$$00000013          0x080001a6   Section        0  libinit2.o(.ARM.Collect$$libinit$$00000013)
    .ARM.Collect$$libinit$$00000015          0x080001a6   Section        0  libinit2.o(.ARM.Collect$$libinit$$00000015)
    .ARM.Collect$$libinit$$00000017          0x080001a6   Section        0  libinit2.o(.ARM.Collect$$libinit$$00000017)
    .ARM.Collect$$libinit$$00000019          0x080001a6   Section        0  libinit2.o(.ARM.Collect$$libinit$$00000019)
    .ARM.Collect$$libinit$$0000001B          0x080001a6   Section        0  libinit2.o(.ARM.Collect$$libinit$$0000001B)
    .ARM.Collect$$libinit$$0000001D          0x080001a6   Section        0  libinit2.o(.ARM.Collect$$libinit$$0000001D)
    .ARM.Collect$$libinit$$0000001F          0x080001a6   Section        0  libinit2.o(.ARM.Collect$$libinit$$0000001F)
    .ARM.Collect$$libinit$$00000021          0x080001a6   Section        0  libinit2.o(.ARM.Collect$$libinit$$00000021)
    .ARM.Collect$$libinit$$00000023          0x080001a6   Section        0  libinit2.o(.ARM.Collect$$libinit$$00000023)
    .ARM.Collect$$libinit$$00000025          0x080001a6   Section        0  libinit2.o(.ARM.Collect$$libinit$$00000025)
    .ARM.Collect$$libinit$$0000002C          0x080001a6   Section        0  libinit2.o(.ARM.Collect$$libinit$$0000002C)
    .ARM.Collect$$libinit$$0000002E          0x080001a6   Section        0  libinit2.o(.ARM.Collect$$libinit$$0000002E)
    .ARM.Collect$$libinit$$00000030          0x080001a6   Section        0  libinit2.o(.ARM.Collect$$libinit$$00000030)
    .ARM.Collect$$libinit$$00000032          0x080001a6   Section        0  libinit2.o(.ARM.Collect$$libinit$$00000032)
    .ARM.Collect$$libinit$$00000033          0x080001a6   Section        2  libinit2.o(.ARM.Collect$$libinit$$00000033)
    .ARM.Collect$$libshutdown$$00000000      0x080001a8   Section        2  libshutdown.o(.ARM.Collect$$libshutdown$$00000000)
    .ARM.Collect$$libshutdown$$00000002      0x080001aa   Section        0  libshutdown2.o(.ARM.Collect$$libshutdown$$00000002)
    .ARM.Collect$$libshutdown$$00000004      0x080001aa   Section        0  libshutdown2.o(.ARM.Collect$$libshutdown$$00000004)
    .ARM.Collect$$libshutdown$$00000006      0x080001aa   Section        0  libshutdown2.o(.ARM.Collect$$libshutdown$$00000006)
    .ARM.Collect$$libshutdown$$00000009      0x080001aa   Section        0  libshutdown2.o(.ARM.Collect$$libshutdown$$00000009)
    .ARM.Collect$$libshutdown$$0000000C      0x080001aa   Section        0  libshutdown2.o(.ARM.Collect$$libshutdown$$0000000C)
    .ARM.Collect$$libshutdown$$0000000E      0x080001aa   Section        0  libshutdown2.o(.ARM.Collect$$libshutdown$$0000000E)
    .ARM.Collect$$libshutdown$$00000011      0x080001aa   Section        0  libshutdown2.o(.ARM.Collect$$libshutdown$$00000011)
    .ARM.Collect$$libshutdown$$00000012      0x080001aa   Section        2  libshutdown2.o(.ARM.Collect$$libshutdown$$00000012)
    .ARM.Collect$$rtentry$$00000000          0x080001ac   Section        0  __rtentry.o(.ARM.Collect$$rtentry$$00000000)
    .ARM.Collect$$rtentry$$00000002          0x080001ac   Section        0  __rtentry2.o(.ARM.Collect$$rtentry$$00000002)
    .ARM.Collect$$rtentry$$00000004          0x080001ac   Section        6  __rtentry4.o(.ARM.Collect$$rtentry$$00000004)
    .ARM.Collect$$rtentry$$00000009          0x080001b2   Section        0  __rtentry2.o(.ARM.Collect$$rtentry$$00000009)
    .ARM.Collect$$rtentry$$0000000A          0x080001b2   Section        4  __rtentry2.o(.ARM.Collect$$rtentry$$0000000A)
    .ARM.Collect$$rtentry$$0000000C          0x080001b6   Section        0  __rtentry2.o(.ARM.Collect$$rtentry$$0000000C)
    .ARM.Collect$$rtentry$$0000000D          0x080001b6   Section        8  __rtentry2.o(.ARM.Collect$$rtentry$$0000000D)
    .ARM.Collect$$rtexit$$00000000           0x080001be   Section        2  rtexit.o(.ARM.Collect$$rtexit$$00000000)
    .ARM.Collect$$rtexit$$00000002           0x080001c0   Section        0  rtexit2.o(.ARM.Collect$$rtexit$$00000002)
    .ARM.Collect$$rtexit$$00000003           0x080001c0   Section        4  rtexit2.o(.ARM.Collect$$rtexit$$00000003)
    .ARM.Collect$$rtexit$$00000004           0x080001c4   Section        6  rtexit2.o(.ARM.Collect$$rtexit$$00000004)
    .text                                    0x080001cc   Section       64  startup_stm32f10x_hd.o(.text)
    .text                                    0x0800020c   Section        2  use_no_semi_2.o(.text)
    .text                                    0x0800020e   Section        0  heapauxi.o(.text)
    .text                                    0x08000214   Section        2  use_no_semi.o(.text)
    .text                                    0x08000216   Section        0  _rserrno.o(.text)
    .text                                    0x0800022c   Section        8  rt_errno_addr_intlibspace.o(.text)
    .text                                    0x08000234   Section        8  libspace.o(.text)
    .text                                    0x0800023c   Section       74  sys_stackheap_outer.o(.text)
    .text                                    0x08000286   Section        0  exit.o(.text)
    i.BusFault_Handler                       0x08000298   Section        0  stm32f10x_it.o(i.BusFault_Handler)
    i.DebugMon_Handler                       0x0800029a   Section        0  stm32f10x_it.o(i.DebugMon_Handler)
    i.Delay_ms                               0x0800029c   Section        0  delay.o(i.Delay_ms)
    i.Delay_us                               0x080002b4   Section        0  delay.o(i.Delay_us)
    i.GPIO_Init                              0x080002d4   Section        0  stm32f10x_gpio.o(i.GPIO_Init)
    i.GPIO_ResetBits                         0x0800037a   Section        0  stm32f10x_gpio.o(i.GPIO_ResetBits)
    i.GPIO_SetBits                           0x0800037e   Section        0  stm32f10x_gpio.o(i.GPIO_SetBits)
    i.HardFault_Handler                      0x08000382   Section        0  stm32f10x_it.o(i.HardFault_Handler)
    i.I2C_Start                              0x08000384   Section        0  oled.o(i.I2C_Start)
    i.I2C_Stop                               0x080003c4   Section        0  oled.o(i.I2C_Stop)
    i.I2C_WaitAck                            0x080003f0   Section        0  oled.o(i.I2C_WaitAck)
    i.IIC_delay                              0x08000424   Section        0  oled.o(i.IIC_delay)
    i.LED_Init                               0x08000430   Section        0  led.o(i.LED_Init)
    i.LED_Set                                0x08000468   Section        0  led.o(i.LED_Set)
    i.MOTOR_Move                             0x08000480   Section        0  motor.o(i.MOTOR_Move)
    i.MOTOR_TIM8_GPIO_Init                   0x080006c8   Section        0  motor_init.o(i.MOTOR_TIM8_GPIO_Init)
    i.MOTOR_TIM8_Init                        0x0800071c   Section        0  motor_init.o(i.MOTOR_TIM8_Init)
    i.MemManage_Handler                      0x08000850   Section        0  stm32f10x_it.o(i.MemManage_Handler)
    i.NMI_Handler                            0x08000852   Section        0  stm32f10x_it.o(i.NMI_Handler)
    i.NVIC_Init                              0x08000854   Section        0  misc.o(i.NVIC_Init)
    i.NVIC_PriorityGroupConfig               0x080008b8   Section        0  misc.o(i.NVIC_PriorityGroupConfig)
    i.OLED_Clear                             0x080008cc   Section        0  oled.o(i.OLED_Clear)
    i.OLED_ColorTurn                         0x080008f8   Section        0  oled.o(i.OLED_ColorTurn)
    i.OLED_DisplayTurn                       0x0800091a   Section        0  oled.o(i.OLED_DisplayTurn)
    i.OLED_DrawPoint                         0x0800094c   Section        0  oled.o(i.OLED_DrawPoint)
    i.OLED_Init                              0x0800097c   Section        0  oled.o(i.OLED_Init)
    i.OLED_Pow                               0x08000acc   Section        0  oled.o(i.OLED_Pow)
    i.OLED_Refresh                           0x08000adc   Section        0  oled.o(i.OLED_Refresh)
    i.OLED_ShowChar                          0x08000b40   Section        0  oled.o(i.OLED_ShowChar)
    i.OLED_ShowNum                           0x08000c38   Section        0  oled.o(i.OLED_ShowNum)
    i.OLED_WR_Byte                           0x08000cb2   Section        0  oled.o(i.OLED_WR_Byte)
    i.PendSV_Handler                         0x08000cec   Section        0  stm32f10x_it.o(i.PendSV_Handler)
    i.RCC_APB2PeriphClockCmd                 0x08000cf0   Section        0  stm32f10x_rcc.o(i.RCC_APB2PeriphClockCmd)
    i.SVC_Handler                            0x08000d0c   Section        0  stm32f10x_it.o(i.SVC_Handler)
    i.Send_Byte                              0x08000d10   Section        0  oled.o(i.Send_Byte)
    i.SetAllMotorsDirection                  0x08000d64   Section        0  dir.o(i.SetAllMotorsDirection)
    i.SetMotor_Direction                     0x08000d90   Section        0  dir.o(i.SetMotor_Direction)
    i.SetSysClock                            0x08000db8   Section        0  system_stm32f10x.o(i.SetSysClock)
    SetSysClock                              0x08000db9   Thumb Code     4  system_stm32f10x.o(i.SetSysClock)
    i.SetSysClockTo72                        0x08000dbc   Section        0  system_stm32f10x.o(i.SetSysClockTo72)
    SetSysClockTo72                          0x08000dbd   Thumb Code   166  system_stm32f10x.o(i.SetSysClockTo72)
    i.SysTick_Handler                        0x08000e6c   Section        0  stm32f10x_it.o(i.SysTick_Handler)
    i.SystemInit                             0x08000e70   Section        0  system_stm32f10x.o(i.SystemInit)
    i.TIM8_CC_IRQHandler                     0x08000ec0   Section        0  motor.o(i.TIM8_CC_IRQHandler)
    i.TIM_CCxCmd                             0x08000f24   Section        0  stm32f10x_tim.o(i.TIM_CCxCmd)
    i.TIM_ClearFlag                          0x08000f3a   Section        0  stm32f10x_tim.o(i.TIM_ClearFlag)
    i.TIM_ClearITPendingBit                  0x08000f40   Section        0  stm32f10x_tim.o(i.TIM_ClearITPendingBit)
    i.TIM_Cmd                                0x08000f46   Section        0  stm32f10x_tim.o(i.TIM_Cmd)
    i.TIM_CtrlPWMOutputs                     0x08000f5e   Section        0  stm32f10x_tim.o(i.TIM_CtrlPWMOutputs)
    i.TIM_GetCounter                         0x08000f7a   Section        0  stm32f10x_tim.o(i.TIM_GetCounter)
    i.TIM_GetITStatus                        0x08000f7e   Section        0  stm32f10x_tim.o(i.TIM_GetITStatus)
    i.TIM_ITConfig                           0x08000f96   Section        0  stm32f10x_tim.o(i.TIM_ITConfig)
    i.TIM_InternalClockConfig                0x08000faa   Section        0  stm32f10x_tim.o(i.TIM_InternalClockConfig)
    i.TIM_OC1Init                            0x08000fb4   Section        0  stm32f10x_tim.o(i.TIM_OC1Init)
    i.TIM_OC1PreloadConfig                   0x0800103c   Section        0  stm32f10x_tim.o(i.TIM_OC1PreloadConfig)
    i.TIM_OC2Init                            0x08001048   Section        0  stm32f10x_tim.o(i.TIM_OC2Init)
    i.TIM_OC2PreloadConfig                   0x080010d0   Section        0  stm32f10x_tim.o(i.TIM_OC2PreloadConfig)
    i.TIM_OC3Init                            0x080010e4   Section        0  stm32f10x_tim.o(i.TIM_OC3Init)
    i.TIM_OC3PreloadConfig                   0x08001168   Section        0  stm32f10x_tim.o(i.TIM_OC3PreloadConfig)
    i.TIM_OC4Init                            0x08001174   Section        0  stm32f10x_tim.o(i.TIM_OC4Init)
    i.TIM_OC4PreloadConfig                   0x080011dc   Section        0  stm32f10x_tim.o(i.TIM_OC4PreloadConfig)
    i.TIM_OCStructInit                       0x080011f0   Section        0  stm32f10x_tim.o(i.TIM_OCStructInit)
    i.TIM_SetCompare1                        0x08001204   Section        0  stm32f10x_tim.o(i.TIM_SetCompare1)
    i.TIM_SetCompare2                        0x08001208   Section        0  stm32f10x_tim.o(i.TIM_SetCompare2)
    i.TIM_SetCompare3                        0x0800120c   Section        0  stm32f10x_tim.o(i.TIM_SetCompare3)
    i.TIM_SetCompare4                        0x08001210   Section        0  stm32f10x_tim.o(i.TIM_SetCompare4)
    i.TIM_TimeBaseInit                       0x08001218   Section        0  stm32f10x_tim.o(i.TIM_TimeBaseInit)
    i.UART4_IRQHandler                       0x080012b4   Section        0  uart4.o(i.UART4_IRQHandler)
    i.USART1_IRQHandler                      0x080012e8   Section        0  uart.o(i.USART1_IRQHandler)
    i.USART2_IRQHandler                      0x0800131c   Section        0  uart2.o(i.USART2_IRQHandler)
    i.USART3_IRQHandler                      0x08001344   Section        0  uart3.o(i.USART3_IRQHandler)
    i.USART_ClearFlag                        0x08001368   Section        0  stm32f10x_usart.o(i.USART_ClearFlag)
    i.USART_ClearITPendingBit                0x08001370   Section        0  stm32f10x_usart.o(i.USART_ClearITPendingBit)
    i.USART_GetFlagStatus                    0x08001380   Section        0  stm32f10x_usart.o(i.USART_GetFlagStatus)
    i.USART_GetITStatus                      0x0800138e   Section        0  stm32f10x_usart.o(i.USART_GetITStatus)
    i.USART_ReceiveData                      0x080013ce   Section        0  stm32f10x_usart.o(i.USART_ReceiveData)
    i.UsageFault_Handler                     0x080013d6   Section        0  stm32f10x_it.o(i.UsageFault_Handler)
    i._sys_exit                              0x080013d8   Section        0  uart.o(i._sys_exit)
    i.jy61p_ReceiveData                      0x080013dc   Section        0  jy61p.o(i.jy61p_ReceiveData)
    i.main                                   0x080014ac   Section        0  main.o(i.main)
    i.speed_decision                         0x0800151c   Section        0  motor.o(i.speed_decision)
    i.sqrt                                   0x080016e8   Section        0  sqrt.o(i.sqrt)
    x$fpl$d2f                                0x08001734   Section       98  d2f.o(x$fpl$d2f)
    x$fpl$ddiv                               0x08001798   Section      688  ddiv.o(x$fpl$ddiv)
    ddiv_entry                               0x0800179f   Thumb Code     0  ddiv.o(x$fpl$ddiv)
    x$fpl$dfix                               0x08001a48   Section       94  dfix.o(x$fpl$dfix)
    x$fpl$dfltu                              0x08001aa6   Section       38  dflt_clz.o(x$fpl$dfltu)
    x$fpl$dmul                               0x08001acc   Section      340  dmul.o(x$fpl$dmul)
    x$fpl$dnaninf                            0x08001c20   Section      156  dnaninf.o(x$fpl$dnaninf)
    x$fpl$dretinf                            0x08001cbc   Section       12  dretinf.o(x$fpl$dretinf)
    x$fpl$dsqrt                              0x08001cc8   Section      460  dsqrt_noumaal.o(x$fpl$dsqrt)
    x$fpl$f2d                                0x08001e94   Section       86  f2d.o(x$fpl$f2d)
    x$fpl$fcheck1                            0x08001eec   Section       12  fcheck1.o(x$fpl$fcheck1)
    x$fpl$fdiv                               0x08001ef8   Section      388  fdiv.o(x$fpl$fdiv)
    _fdiv1                                   0x08001ef9   Thumb Code     0  fdiv.o(x$fpl$fdiv)
    x$fpl$ffix                               0x0800207c   Section       54  ffix.o(x$fpl$ffix)
    x$fpl$ffixu                              0x080020b4   Section       62  ffixu.o(x$fpl$ffixu)
    x$fpl$fflt                               0x080020f4   Section       48  fflt_clz.o(x$fpl$fflt)
    x$fpl$ffltu                              0x08002124   Section       38  fflt_clz.o(x$fpl$ffltu)
    x$fpl$fmul                               0x0800214c   Section      258  fmul.o(x$fpl$fmul)
    x$fpl$fnaninf                            0x0800224e   Section      140  fnaninf.o(x$fpl$fnaninf)
    x$fpl$fretinf                            0x080022da   Section       10  fretinf.o(x$fpl$fretinf)
    x$fpl$retnan                             0x080022e4   Section      100  retnan.o(x$fpl$retnan)
    x$fpl$scalbnf                            0x08002348   Section       76  scalbnf.o(x$fpl$scalbnf)
    x$fpl$trapveneer                         0x08002394   Section       48  trapv.o(x$fpl$trapveneer)
    .constdata                               0x080023c4   Section     7696  oled.o(.constdata)
    x$fpl$usenofp                            0x080023c4   Section        0  usenofp.o(x$fpl$usenofp)
    .data                                    0x20000000   Section       20  system_stm32f10x.o(.data)
    .data                                    0x20000014   Section       32  dir.o(.data)
    .data                                    0x20000034   Section        4  motor.o(.data)
    .data                                    0x20000038   Section        4  motor.o(.data)
    .data                                    0x2000003c   Section        4  motor.o(.data)
    .data                                    0x20000040   Section       12  motor.o(.data)
    i                                        0x20000041   Data           1  motor.o(.data)
    last_accel_delay                         0x20000042   Data           2  motor.o(.data)
    step_count                               0x20000044   Data           4  motor.o(.data)
    rest                                     0x20000048   Data           4  motor.o(.data)
    .data                                    0x2000004c   Section       16  jy61p.o(.data)
    RxState                                  0x2000004c   Data           1  jy61p.o(.data)
    RxIndex                                  0x2000004d   Data           1  jy61p.o(.data)
    .data                                    0x2000005c   Section        1  uart.o(.data)
    .bss                                     0x20000060   Section     1152  oled.o(.bss)
    .bss                                     0x200004e0   Section       24  motor.o(.bss)
    .bss                                     0x200004f8   Section       11  jy61p.o(.bss)
    RxBuffer                                 0x200004f8   Data          11  jy61p.o(.bss)
    .bss                                     0x20000504   Section       96  libspace.o(.bss)
    HEAP                                     0x20000568   Section      512  startup_stm32f10x_hd.o(HEAP)
    Heap_Mem                                 0x20000568   Data         512  startup_stm32f10x_hd.o(HEAP)
    STACK                                    0x20000768   Section     1024  startup_stm32f10x_hd.o(STACK)
    Stack_Mem                                0x20000768   Data        1024  startup_stm32f10x_hd.o(STACK)
    __initial_sp                             0x20000b68   Data           0  startup_stm32f10x_hd.o(STACK)

    Global Symbols

    Symbol Name                              Value     Ov Type        Size  Object(Section)

    BuildAttributes$$THM_ISAv4$P$D$K$B$S$PE$A:L22UL41UL21$X:L11$S22US41US21$IEEE1$IW$USESV6$~STKCKD$USESV7$~SHL$OTIME$ROPI$IEEEJ$EBA8$UX$STANDARDLIB$REQ8$PRES8$EABIv2 0x00000000   Number         0  anon$$obj.o ABSOLUTE
    __ARM_use_no_argv                        0x00000000   Number         0  main.o ABSOLUTE
    __ARM_exceptions_init                     - Undefined Weak Reference
    __alloca_initialize                       - Undefined Weak Reference
    __arm_fini_                               - Undefined Weak Reference
    __arm_preinit_                            - Undefined Weak Reference
    __cpp_initialize__aeabi_                  - Undefined Weak Reference
    __cxa_finalize                            - Undefined Weak Reference
    __rt_locale                               - Undefined Weak Reference
    __sigvec_lookup                           - Undefined Weak Reference
    _atexit_init                              - Undefined Weak Reference
    _call_atexit_fns                          - Undefined Weak Reference
    _clock_init                               - Undefined Weak Reference
    _fp_trap_init                             - Undefined Weak Reference
    _fp_trap_shutdown                         - Undefined Weak Reference
    _get_lc_collate                           - Undefined Weak Reference
    _get_lc_ctype                             - Undefined Weak Reference
    _get_lc_monetary                          - Undefined Weak Reference
    _get_lc_numeric                           - Undefined Weak Reference
    _get_lc_time                              - Undefined Weak Reference
    _getenv_init                              - Undefined Weak Reference
    _handle_redirection                       - Undefined Weak Reference
    _init_alloc                               - Undefined Weak Reference
    _init_user_alloc                          - Undefined Weak Reference
    _initio                                   - Undefined Weak Reference
    _rand_init                                - Undefined Weak Reference
    _signal_finish                            - Undefined Weak Reference
    _signal_init                              - Undefined Weak Reference
    _terminate_alloc                          - Undefined Weak Reference
    _terminate_user_alloc                     - Undefined Weak Reference
    _terminateio                              - Undefined Weak Reference
    __Vectors_Size                           0x00000130   Number         0  startup_stm32f10x_hd.o ABSOLUTE
    __Vectors                                0x08000000   Data           4  startup_stm32f10x_hd.o(RESET)
    __Vectors_End                            0x08000130   Data           0  startup_stm32f10x_hd.o(RESET)
    __main                                   0x08000131   Thumb Code     8  __main.o(!!!main)
    __scatterload                            0x08000139   Thumb Code     0  __scatter.o(!!!scatter)
    __scatterload_rt2                        0x08000139   Thumb Code    44  __scatter.o(!!!scatter)
    __scatterload_rt2_thumb_only             0x08000139   Thumb Code     0  __scatter.o(!!!scatter)
    __scatterload_null                       0x08000147   Thumb Code     0  __scatter.o(!!!scatter)
    __scatterload_copy                       0x0800016d   Thumb Code    26  __scatter_copy.o(!!handler_copy)
    __scatterload_zeroinit                   0x08000189   Thumb Code    28  __scatter_zi.o(!!handler_zi)
    __rt_lib_init                            0x080001a5   Thumb Code     0  libinit.o(.ARM.Collect$$libinit$$00000000)
    __rt_lib_init_alloca_1                   0x080001a7   Thumb Code     0  libinit2.o(.ARM.Collect$$libinit$$0000002E)
    __rt_lib_init_argv_1                     0x080001a7   Thumb Code     0  libinit2.o(.ARM.Collect$$libinit$$0000002C)
    __rt_lib_init_atexit_1                   0x080001a7   Thumb Code     0  libinit2.o(.ARM.Collect$$libinit$$0000001B)
    __rt_lib_init_clock_1                    0x080001a7   Thumb Code     0  libinit2.o(.ARM.Collect$$libinit$$00000021)
    __rt_lib_init_cpp_1                      0x080001a7   Thumb Code     0  libinit2.o(.ARM.Collect$$libinit$$00000032)
    __rt_lib_init_exceptions_1               0x080001a7   Thumb Code     0  libinit2.o(.ARM.Collect$$libinit$$00000030)
    __rt_lib_init_fp_1                       0x080001a7   Thumb Code     0  libinit2.o(.ARM.Collect$$libinit$$00000002)
    __rt_lib_init_fp_trap_1                  0x080001a7   Thumb Code     0  libinit2.o(.ARM.Collect$$libinit$$0000001F)
    __rt_lib_init_getenv_1                   0x080001a7   Thumb Code     0  libinit2.o(.ARM.Collect$$libinit$$00000023)
    __rt_lib_init_heap_1                     0x080001a7   Thumb Code     0  libinit2.o(.ARM.Collect$$libinit$$0000000A)
    __rt_lib_init_lc_collate_1               0x080001a7   Thumb Code     0  libinit2.o(.ARM.Collect$$libinit$$00000011)
    __rt_lib_init_lc_ctype_1                 0x080001a7   Thumb Code     0  libinit2.o(.ARM.Collect$$libinit$$00000013)
    __rt_lib_init_lc_monetary_1              0x080001a7   Thumb Code     0  libinit2.o(.ARM.Collect$$libinit$$00000015)
    __rt_lib_init_lc_numeric_1               0x080001a7   Thumb Code     0  libinit2.o(.ARM.Collect$$libinit$$00000017)
    __rt_lib_init_lc_time_1                  0x080001a7   Thumb Code     0  libinit2.o(.ARM.Collect$$libinit$$00000019)
    __rt_lib_init_preinit_1                  0x080001a7   Thumb Code     0  libinit2.o(.ARM.Collect$$libinit$$00000004)
    __rt_lib_init_rand_1                     0x080001a7   Thumb Code     0  libinit2.o(.ARM.Collect$$libinit$$0000000E)
    __rt_lib_init_return                     0x080001a7   Thumb Code     0  libinit2.o(.ARM.Collect$$libinit$$00000033)
    __rt_lib_init_signal_1                   0x080001a7   Thumb Code     0  libinit2.o(.ARM.Collect$$libinit$$0000001D)
    __rt_lib_init_stdio_1                    0x080001a7   Thumb Code     0  libinit2.o(.ARM.Collect$$libinit$$00000025)
    __rt_lib_init_user_alloc_1               0x080001a7   Thumb Code     0  libinit2.o(.ARM.Collect$$libinit$$0000000C)
    __rt_lib_shutdown                        0x080001a9   Thumb Code     0  libshutdown.o(.ARM.Collect$$libshutdown$$00000000)
    __rt_lib_shutdown_cpp_1                  0x080001ab   Thumb Code     0  libshutdown2.o(.ARM.Collect$$libshutdown$$00000004)
    __rt_lib_shutdown_fini_1                 0x080001ab   Thumb Code     0  libshutdown2.o(.ARM.Collect$$libshutdown$$00000002)
    __rt_lib_shutdown_fp_trap_1              0x080001ab   Thumb Code     0  libshutdown2.o(.ARM.Collect$$libshutdown$$00000009)
    __rt_lib_shutdown_heap_1                 0x080001ab   Thumb Code     0  libshutdown2.o(.ARM.Collect$$libshutdown$$00000011)
    __rt_lib_shutdown_return                 0x080001ab   Thumb Code     0  libshutdown2.o(.ARM.Collect$$libshutdown$$00000012)
    __rt_lib_shutdown_signal_1               0x080001ab   Thumb Code     0  libshutdown2.o(.ARM.Collect$$libshutdown$$0000000C)
    __rt_lib_shutdown_stdio_1                0x080001ab   Thumb Code     0  libshutdown2.o(.ARM.Collect$$libshutdown$$00000006)
    __rt_lib_shutdown_user_alloc_1           0x080001ab   Thumb Code     0  libshutdown2.o(.ARM.Collect$$libshutdown$$0000000E)
    __rt_entry                               0x080001ad   Thumb Code     0  __rtentry.o(.ARM.Collect$$rtentry$$00000000)
    __rt_entry_presh_1                       0x080001ad   Thumb Code     0  __rtentry2.o(.ARM.Collect$$rtentry$$00000002)
    __rt_entry_sh                            0x080001ad   Thumb Code     0  __rtentry4.o(.ARM.Collect$$rtentry$$00000004)
    __rt_entry_li                            0x080001b3   Thumb Code     0  __rtentry2.o(.ARM.Collect$$rtentry$$0000000A)
    __rt_entry_postsh_1                      0x080001b3   Thumb Code     0  __rtentry2.o(.ARM.Collect$$rtentry$$00000009)
    __rt_entry_main                          0x080001b7   Thumb Code     0  __rtentry2.o(.ARM.Collect$$rtentry$$0000000D)
    __rt_entry_postli_1                      0x080001b7   Thumb Code     0  __rtentry2.o(.ARM.Collect$$rtentry$$0000000C)
    __rt_exit                                0x080001bf   Thumb Code     0  rtexit.o(.ARM.Collect$$rtexit$$00000000)
    __rt_exit_ls                             0x080001c1   Thumb Code     0  rtexit2.o(.ARM.Collect$$rtexit$$00000003)
    __rt_exit_prels_1                        0x080001c1   Thumb Code     0  rtexit2.o(.ARM.Collect$$rtexit$$00000002)
    __rt_exit_exit                           0x080001c5   Thumb Code     0  rtexit2.o(.ARM.Collect$$rtexit$$00000004)
    Reset_Handler                            0x080001cd   Thumb Code     8  startup_stm32f10x_hd.o(.text)
    ADC1_2_IRQHandler                        0x080001e7   Thumb Code     0  startup_stm32f10x_hd.o(.text)
    ADC3_IRQHandler                          0x080001e7   Thumb Code     0  startup_stm32f10x_hd.o(.text)
    CAN1_RX1_IRQHandler                      0x080001e7   Thumb Code     0  startup_stm32f10x_hd.o(.text)
    CAN1_SCE_IRQHandler                      0x080001e7   Thumb Code     0  startup_stm32f10x_hd.o(.text)
    DMA1_Channel1_IRQHandler                 0x080001e7   Thumb Code     0  startup_stm32f10x_hd.o(.text)
    DMA1_Channel2_IRQHandler                 0x080001e7   Thumb Code     0  startup_stm32f10x_hd.o(.text)
    DMA1_Channel3_IRQHandler                 0x080001e7   Thumb Code     0  startup_stm32f10x_hd.o(.text)
    DMA1_Channel4_IRQHandler                 0x080001e7   Thumb Code     0  startup_stm32f10x_hd.o(.text)
    DMA1_Channel5_IRQHandler                 0x080001e7   Thumb Code     0  startup_stm32f10x_hd.o(.text)
    DMA1_Channel6_IRQHandler                 0x080001e7   Thumb Code     0  startup_stm32f10x_hd.o(.text)
    DMA1_Channel7_IRQHandler                 0x080001e7   Thumb Code     0  startup_stm32f10x_hd.o(.text)
    DMA2_Channel1_IRQHandler                 0x080001e7   Thumb Code     0  startup_stm32f10x_hd.o(.text)
    DMA2_Channel2_IRQHandler                 0x080001e7   Thumb Code     0  startup_stm32f10x_hd.o(.text)
    DMA2_Channel3_IRQHandler                 0x080001e7   Thumb Code     0  startup_stm32f10x_hd.o(.text)
    DMA2_Channel4_5_IRQHandler               0x080001e7   Thumb Code     0  startup_stm32f10x_hd.o(.text)
    EXTI0_IRQHandler                         0x080001e7   Thumb Code     0  startup_stm32f10x_hd.o(.text)
    EXTI15_10_IRQHandler                     0x080001e7   Thumb Code     0  startup_stm32f10x_hd.o(.text)
    EXTI1_IRQHandler                         0x080001e7   Thumb Code     0  startup_stm32f10x_hd.o(.text)
    EXTI2_IRQHandler                         0x080001e7   Thumb Code     0  startup_stm32f10x_hd.o(.text)
    EXTI3_IRQHandler                         0x080001e7   Thumb Code     0  startup_stm32f10x_hd.o(.text)
    EXTI4_IRQHandler                         0x080001e7   Thumb Code     0  startup_stm32f10x_hd.o(.text)
    EXTI9_5_IRQHandler                       0x080001e7   Thumb Code     0  startup_stm32f10x_hd.o(.text)
    FLASH_IRQHandler                         0x080001e7   Thumb Code     0  startup_stm32f10x_hd.o(.text)
    FSMC_IRQHandler                          0x080001e7   Thumb Code     0  startup_stm32f10x_hd.o(.text)
    I2C1_ER_IRQHandler                       0x080001e7   Thumb Code     0  startup_stm32f10x_hd.o(.text)
    I2C1_EV_IRQHandler                       0x080001e7   Thumb Code     0  startup_stm32f10x_hd.o(.text)
    I2C2_ER_IRQHandler                       0x080001e7   Thumb Code     0  startup_stm32f10x_hd.o(.text)
    I2C2_EV_IRQHandler                       0x080001e7   Thumb Code     0  startup_stm32f10x_hd.o(.text)
    PVD_IRQHandler                           0x080001e7   Thumb Code     0  startup_stm32f10x_hd.o(.text)
    RCC_IRQHandler                           0x080001e7   Thumb Code     0  startup_stm32f10x_hd.o(.text)
    RTCAlarm_IRQHandler                      0x080001e7   Thumb Code     0  startup_stm32f10x_hd.o(.text)
    RTC_IRQHandler                           0x080001e7   Thumb Code     0  startup_stm32f10x_hd.o(.text)
    SDIO_IRQHandler                          0x080001e7   Thumb Code     0  startup_stm32f10x_hd.o(.text)
    SPI1_IRQHandler                          0x080001e7   Thumb Code     0  startup_stm32f10x_hd.o(.text)
    SPI2_IRQHandler                          0x080001e7   Thumb Code     0  startup_stm32f10x_hd.o(.text)
    SPI3_IRQHandler                          0x080001e7   Thumb Code     0  startup_stm32f10x_hd.o(.text)
    TAMPER_IRQHandler                        0x080001e7   Thumb Code     0  startup_stm32f10x_hd.o(.text)
    TIM1_BRK_IRQHandler                      0x080001e7   Thumb Code     0  startup_stm32f10x_hd.o(.text)
    TIM1_CC_IRQHandler                       0x080001e7   Thumb Code     0  startup_stm32f10x_hd.o(.text)
    TIM1_TRG_COM_IRQHandler                  0x080001e7   Thumb Code     0  startup_stm32f10x_hd.o(.text)
    TIM1_UP_IRQHandler                       0x080001e7   Thumb Code     0  startup_stm32f10x_hd.o(.text)
    TIM2_IRQHandler                          0x080001e7   Thumb Code     0  startup_stm32f10x_hd.o(.text)
    TIM3_IRQHandler                          0x080001e7   Thumb Code     0  startup_stm32f10x_hd.o(.text)
    TIM4_IRQHandler                          0x080001e7   Thumb Code     0  startup_stm32f10x_hd.o(.text)
    TIM5_IRQHandler                          0x080001e7   Thumb Code     0  startup_stm32f10x_hd.o(.text)
    TIM6_IRQHandler                          0x080001e7   Thumb Code     0  startup_stm32f10x_hd.o(.text)
    TIM7_IRQHandler                          0x080001e7   Thumb Code     0  startup_stm32f10x_hd.o(.text)
    TIM8_BRK_IRQHandler                      0x080001e7   Thumb Code     0  startup_stm32f10x_hd.o(.text)
    TIM8_TRG_COM_IRQHandler                  0x080001e7   Thumb Code     0  startup_stm32f10x_hd.o(.text)
    TIM8_UP_IRQHandler                       0x080001e7   Thumb Code     0  startup_stm32f10x_hd.o(.text)
    UART5_IRQHandler                         0x080001e7   Thumb Code     0  startup_stm32f10x_hd.o(.text)
    USBWakeUp_IRQHandler                     0x080001e7   Thumb Code     0  startup_stm32f10x_hd.o(.text)
    USB_HP_CAN1_TX_IRQHandler                0x080001e7   Thumb Code     0  startup_stm32f10x_hd.o(.text)
    USB_LP_CAN1_RX0_IRQHandler               0x080001e7   Thumb Code     0  startup_stm32f10x_hd.o(.text)
    WWDG_IRQHandler                          0x080001e7   Thumb Code     0  startup_stm32f10x_hd.o(.text)
    __user_initial_stackheap                 0x080001e9   Thumb Code     0  startup_stm32f10x_hd.o(.text)
    __use_no_semihosting                     0x0800020d   Thumb Code     2  use_no_semi_2.o(.text)
    __use_two_region_memory                  0x0800020f   Thumb Code     2  heapauxi.o(.text)
    __rt_heap_escrow$2region                 0x08000211   Thumb Code     2  heapauxi.o(.text)
    __rt_heap_expand$2region                 0x08000213   Thumb Code     2  heapauxi.o(.text)
    __I$use$semihosting                      0x08000215   Thumb Code     0  use_no_semi.o(.text)
    __use_no_semihosting_swi                 0x08000215   Thumb Code     2  use_no_semi.o(.text)
    __read_errno                             0x08000217   Thumb Code    10  _rserrno.o(.text)
    __set_errno                              0x08000221   Thumb Code    12  _rserrno.o(.text)
    __aeabi_errno_addr                       0x0800022d   Thumb Code     8  rt_errno_addr_intlibspace.o(.text)
    __errno$intlibspace                      0x0800022d   Thumb Code     0  rt_errno_addr_intlibspace.o(.text)
    __rt_errno_addr$intlibspace              0x0800022d   Thumb Code     0  rt_errno_addr_intlibspace.o(.text)
    __user_libspace                          0x08000235   Thumb Code     8  libspace.o(.text)
    __user_perproc_libspace                  0x08000235   Thumb Code     0  libspace.o(.text)
    __user_perthread_libspace                0x08000235   Thumb Code     0  libspace.o(.text)
    __user_setup_stackheap                   0x0800023d   Thumb Code    74  sys_stackheap_outer.o(.text)
    exit                                     0x08000287   Thumb Code    18  exit.o(.text)
    BusFault_Handler                         0x08000299   Thumb Code     2  stm32f10x_it.o(i.BusFault_Handler)
    DebugMon_Handler                         0x0800029b   Thumb Code     2  stm32f10x_it.o(i.DebugMon_Handler)
    Delay_ms                                 0x0800029d   Thumb Code    24  delay.o(i.Delay_ms)
    Delay_us                                 0x080002b5   Thumb Code    32  delay.o(i.Delay_us)
    GPIO_Init                                0x080002d5   Thumb Code   166  stm32f10x_gpio.o(i.GPIO_Init)
    GPIO_ResetBits                           0x0800037b   Thumb Code     4  stm32f10x_gpio.o(i.GPIO_ResetBits)
    GPIO_SetBits                             0x0800037f   Thumb Code     4  stm32f10x_gpio.o(i.GPIO_SetBits)
    HardFault_Handler                        0x08000383   Thumb Code     2  stm32f10x_it.o(i.HardFault_Handler)
    I2C_Start                                0x08000385   Thumb Code    58  oled.o(i.I2C_Start)
    I2C_Stop                                 0x080003c5   Thumb Code    40  oled.o(i.I2C_Stop)
    I2C_WaitAck                              0x080003f1   Thumb Code    48  oled.o(i.I2C_WaitAck)
    IIC_delay                                0x08000425   Thumb Code    10  oled.o(i.IIC_delay)
    LED_Init                                 0x08000431   Thumb Code    50  led.o(i.LED_Init)
    LED_Set                                  0x08000469   Thumb Code    20  led.o(i.LED_Set)
    MOTOR_Move                               0x08000481   Thumb Code   540  motor.o(i.MOTOR_Move)
    MOTOR_TIM8_GPIO_Init                     0x080006c9   Thumb Code    74  motor_init.o(i.MOTOR_TIM8_GPIO_Init)
    MOTOR_TIM8_Init                          0x0800071d   Thumb Code   302  motor_init.o(i.MOTOR_TIM8_Init)
    MemManage_Handler                        0x08000851   Thumb Code     2  stm32f10x_it.o(i.MemManage_Handler)
    NMI_Handler                              0x08000853   Thumb Code     2  stm32f10x_it.o(i.NMI_Handler)
    NVIC_Init                                0x08000855   Thumb Code    96  misc.o(i.NVIC_Init)
    NVIC_PriorityGroupConfig                 0x080008b9   Thumb Code    10  misc.o(i.NVIC_PriorityGroupConfig)
    OLED_Clear                               0x080008cd   Thumb Code    38  oled.o(i.OLED_Clear)
    OLED_ColorTurn                           0x080008f9   Thumb Code    34  oled.o(i.OLED_ColorTurn)
    OLED_DisplayTurn                         0x0800091b   Thumb Code    50  oled.o(i.OLED_DisplayTurn)
    OLED_DrawPoint                           0x0800094d   Thumb Code    44  oled.o(i.OLED_DrawPoint)
    OLED_Init                                0x0800097d   Thumb Code   326  oled.o(i.OLED_Init)
    OLED_Pow                                 0x08000acd   Thumb Code    16  oled.o(i.OLED_Pow)
    OLED_Refresh                             0x08000add   Thumb Code    96  oled.o(i.OLED_Refresh)
    OLED_ShowChar                            0x08000b41   Thumb Code   230  oled.o(i.OLED_ShowChar)
    OLED_ShowNum                             0x08000c39   Thumb Code   122  oled.o(i.OLED_ShowNum)
    OLED_WR_Byte                             0x08000cb3   Thumb Code    58  oled.o(i.OLED_WR_Byte)
    PendSV_Handler                           0x08000ced   Thumb Code     2  stm32f10x_it.o(i.PendSV_Handler)
    RCC_APB2PeriphClockCmd                   0x08000cf1   Thumb Code    22  stm32f10x_rcc.o(i.RCC_APB2PeriphClockCmd)
    SVC_Handler                              0x08000d0d   Thumb Code     2  stm32f10x_it.o(i.SVC_Handler)
    Send_Byte                                0x08000d11   Thumb Code    78  oled.o(i.Send_Byte)
    SetAllMotorsDirection                    0x08000d65   Thumb Code    44  dir.o(i.SetAllMotorsDirection)
    SetMotor_Direction                       0x08000d91   Thumb Code    36  dir.o(i.SetMotor_Direction)
    SysTick_Handler                          0x08000e6d   Thumb Code     2  stm32f10x_it.o(i.SysTick_Handler)
    SystemInit                               0x08000e71   Thumb Code    64  system_stm32f10x.o(i.SystemInit)
    TIM8_CC_IRQHandler                       0x08000ec1   Thumb Code    94  motor.o(i.TIM8_CC_IRQHandler)
    TIM_CCxCmd                               0x08000f25   Thumb Code    22  stm32f10x_tim.o(i.TIM_CCxCmd)
    TIM_ClearFlag                            0x08000f3b   Thumb Code     6  stm32f10x_tim.o(i.TIM_ClearFlag)
    TIM_ClearITPendingBit                    0x08000f41   Thumb Code     6  stm32f10x_tim.o(i.TIM_ClearITPendingBit)
    TIM_Cmd                                  0x08000f47   Thumb Code    24  stm32f10x_tim.o(i.TIM_Cmd)
    TIM_CtrlPWMOutputs                       0x08000f5f   Thumb Code    28  stm32f10x_tim.o(i.TIM_CtrlPWMOutputs)
    TIM_GetCounter                           0x08000f7b   Thumb Code     4  stm32f10x_tim.o(i.TIM_GetCounter)
    TIM_GetITStatus                          0x08000f7f   Thumb Code    24  stm32f10x_tim.o(i.TIM_GetITStatus)
    TIM_ITConfig                             0x08000f97   Thumb Code    20  stm32f10x_tim.o(i.TIM_ITConfig)
    TIM_InternalClockConfig                  0x08000fab   Thumb Code    10  stm32f10x_tim.o(i.TIM_InternalClockConfig)
    TIM_OC1Init                              0x08000fb5   Thumb Code   114  stm32f10x_tim.o(i.TIM_OC1Init)
    TIM_OC1PreloadConfig                     0x0800103d   Thumb Code    12  stm32f10x_tim.o(i.TIM_OC1PreloadConfig)
    TIM_OC2Init                              0x08001049   Thumb Code   128  stm32f10x_tim.o(i.TIM_OC2Init)
    TIM_OC2PreloadConfig                     0x080010d1   Thumb Code    20  stm32f10x_tim.o(i.TIM_OC2PreloadConfig)
    TIM_OC3Init                              0x080010e5   Thumb Code   124  stm32f10x_tim.o(i.TIM_OC3Init)
    TIM_OC3PreloadConfig                     0x08001169   Thumb Code    12  stm32f10x_tim.o(i.TIM_OC3PreloadConfig)
    TIM_OC4Init                              0x08001175   Thumb Code    94  stm32f10x_tim.o(i.TIM_OC4Init)
    TIM_OC4PreloadConfig                     0x080011dd   Thumb Code    20  stm32f10x_tim.o(i.TIM_OC4PreloadConfig)
    TIM_OCStructInit                         0x080011f1   Thumb Code    20  stm32f10x_tim.o(i.TIM_OCStructInit)
    TIM_SetCompare1                          0x08001205   Thumb Code     4  stm32f10x_tim.o(i.TIM_SetCompare1)
    TIM_SetCompare2                          0x08001209   Thumb Code     4  stm32f10x_tim.o(i.TIM_SetCompare2)
    TIM_SetCompare3                          0x0800120d   Thumb Code     4  stm32f10x_tim.o(i.TIM_SetCompare3)
    TIM_SetCompare4                          0x08001211   Thumb Code     6  stm32f10x_tim.o(i.TIM_SetCompare4)
    TIM_TimeBaseInit                         0x08001219   Thumb Code   114  stm32f10x_tim.o(i.TIM_TimeBaseInit)
    UART4_IRQHandler                         0x080012b5   Thumb Code    46  uart4.o(i.UART4_IRQHandler)
    USART1_IRQHandler                        0x080012e9   Thumb Code    44  uart.o(i.USART1_IRQHandler)
    USART2_IRQHandler                        0x0800131d   Thumb Code    34  uart2.o(i.USART2_IRQHandler)
    USART3_IRQHandler                        0x08001345   Thumb Code    30  uart3.o(i.USART3_IRQHandler)
    USART_ClearFlag                          0x08001369   Thumb Code     8  stm32f10x_usart.o(i.USART_ClearFlag)
    USART_ClearITPendingBit                  0x08001371   Thumb Code    16  stm32f10x_usart.o(i.USART_ClearITPendingBit)
    USART_GetFlagStatus                      0x08001381   Thumb Code    14  stm32f10x_usart.o(i.USART_GetFlagStatus)
    USART_GetITStatus                        0x0800138f   Thumb Code    64  stm32f10x_usart.o(i.USART_GetITStatus)
    USART_ReceiveData                        0x080013cf   Thumb Code     8  stm32f10x_usart.o(i.USART_ReceiveData)
    UsageFault_Handler                       0x080013d7   Thumb Code     2  stm32f10x_it.o(i.UsageFault_Handler)
    _sys_exit                                0x080013d9   Thumb Code     2  uart.o(i._sys_exit)
    jy61p_ReceiveData                        0x080013dd   Thumb Code   196  jy61p.o(i.jy61p_ReceiveData)
    main                                     0x080014ad   Thumb Code   100  main.o(i.main)
    speed_decision                           0x0800151d   Thumb Code   446  motor.o(i.speed_decision)
    sqrt                                     0x080016e9   Thumb Code    76  sqrt.o(i.sqrt)
    __aeabi_d2f                              0x08001735   Thumb Code     0  d2f.o(x$fpl$d2f)
    _d2f                                     0x08001735   Thumb Code    98  d2f.o(x$fpl$d2f)
    __aeabi_ddiv                             0x08001799   Thumb Code     0  ddiv.o(x$fpl$ddiv)
    _ddiv                                    0x08001799   Thumb Code   552  ddiv.o(x$fpl$ddiv)
    __aeabi_d2iz                             0x08001a49   Thumb Code     0  dfix.o(x$fpl$dfix)
    _dfix                                    0x08001a49   Thumb Code    94  dfix.o(x$fpl$dfix)
    __aeabi_ui2d                             0x08001aa7   Thumb Code     0  dflt_clz.o(x$fpl$dfltu)
    _dfltu                                   0x08001aa7   Thumb Code    38  dflt_clz.o(x$fpl$dfltu)
    __aeabi_dmul                             0x08001acd   Thumb Code     0  dmul.o(x$fpl$dmul)
    _dmul                                    0x08001acd   Thumb Code   332  dmul.o(x$fpl$dmul)
    __fpl_dnaninf                            0x08001c21   Thumb Code   156  dnaninf.o(x$fpl$dnaninf)
    __fpl_dretinf                            0x08001cbd   Thumb Code    12  dretinf.o(x$fpl$dretinf)
    _dsqrt                                   0x08001cc9   Thumb Code   456  dsqrt_noumaal.o(x$fpl$dsqrt)
    __aeabi_f2d                              0x08001e95   Thumb Code     0  f2d.o(x$fpl$f2d)
    _f2d                                     0x08001e95   Thumb Code    86  f2d.o(x$fpl$f2d)
    __fpl_fcheck_NaN1                        0x08001eed   Thumb Code     6  fcheck1.o(x$fpl$fcheck1)
    __aeabi_fdiv                             0x08001ef9   Thumb Code     0  fdiv.o(x$fpl$fdiv)
    _fdiv                                    0x08001ef9   Thumb Code   384  fdiv.o(x$fpl$fdiv)
    __aeabi_f2iz                             0x0800207d   Thumb Code     0  ffix.o(x$fpl$ffix)
    _ffix                                    0x0800207d   Thumb Code    54  ffix.o(x$fpl$ffix)
    __aeabi_f2uiz                            0x080020b5   Thumb Code     0  ffixu.o(x$fpl$ffixu)
    _ffixu                                   0x080020b5   Thumb Code    62  ffixu.o(x$fpl$ffixu)
    __aeabi_i2f                              0x080020f5   Thumb Code     0  fflt_clz.o(x$fpl$fflt)
    _fflt                                    0x080020f5   Thumb Code    48  fflt_clz.o(x$fpl$fflt)
    __aeabi_ui2f                             0x08002125   Thumb Code     0  fflt_clz.o(x$fpl$ffltu)
    _ffltu                                   0x08002125   Thumb Code    38  fflt_clz.o(x$fpl$ffltu)
    __aeabi_fmul                             0x0800214d   Thumb Code     0  fmul.o(x$fpl$fmul)
    _fmul                                    0x0800214d   Thumb Code   258  fmul.o(x$fpl$fmul)
    __fpl_fnaninf                            0x0800224f   Thumb Code   140  fnaninf.o(x$fpl$fnaninf)
    __fpl_fretinf                            0x080022db   Thumb Code    10  fretinf.o(x$fpl$fretinf)
    __fpl_return_NaN                         0x080022e5   Thumb Code   100  retnan.o(x$fpl$retnan)
    __ARM_scalbnf                            0x08002349   Thumb Code    76  scalbnf.o(x$fpl$scalbnf)
    __fpl_cmpreturn                          0x08002395   Thumb Code    48  trapv.o(x$fpl$trapveneer)
    __I$use$fp                               0x080023c4   Number         0  usenofp.o(x$fpl$usenofp)
    asc2_0806                                0x080023c4   Data         552  oled.o(.constdata)
    asc2_1206                                0x080025ec   Data        1140  oled.o(.constdata)
    asc2_1608                                0x08002a60   Data        1520  oled.o(.constdata)
    asc2_2412                                0x08003050   Data        3420  oled.o(.constdata)
    Hzk1                                     0x08003dac   Data         352  oled.o(.constdata)
    Hzk2                                     0x08003f0c   Data          72  oled.o(.constdata)
    Hzk3                                     0x08003f54   Data         128  oled.o(.constdata)
    Hzk4                                     0x08003fd4   Data         512  oled.o(.constdata)
    Region$$Table$$Base                      0x080041d4   Number         0  anon$$obj.o(Region$$Table)
    Region$$Table$$Limit                     0x080041f4   Number         0  anon$$obj.o(Region$$Table)
    SystemCoreClock                          0x20000000   Data           4  system_stm32f10x.o(.data)
    AHBPrescTable                            0x20000004   Data          16  system_stm32f10x.o(.data)
    motors                                   0x20000014   Data          32  dir.o(.data)
    set_speed                                0x20000034   Data           4  motor.o(.data)
    step_accel                               0x20000038   Data           4  motor.o(.data)
    step_decel                               0x2000003c   Data           4  motor.o(.data)
    motor_sta                                0x20000040   Data           1  motor.o(.data)
    Roll                                     0x20000050   Data           4  jy61p.o(.data)
    Pitch                                    0x20000054   Data           4  jy61p.o(.data)
    Yaw                                      0x20000058   Data           4  jy61p.o(.data)
    Res                                      0x2000005c   Data           1  uart.o(.data)
    OLED_GRAM                                0x20000060   Data        1152  oled.o(.bss)
    srd                                      0x200004e0   Data          24  motor.o(.bss)
    __libspace_start                         0x20000504   Data          96  libspace.o(.bss)
    __temporary_stack_top$libspace           0x20000564   Data           0  libspace.o(.bss)



==============================================================================

Memory Map of the image

  Image Entry point : 0x08000131

  Load Region LR_IROM1 (Base: 0x08000000, Size: 0x00004254, Max: 0x00040000, ABSOLUTE)

    Execution Region ER_IROM1 (Exec base: 0x08000000, Load base: 0x08000000, Size: 0x000041f4, Max: 0x00040000, ABSOLUTE)

    Exec Addr    Load Addr    Size         Type   Attr      Idx    E Section Name        Object

    0x08000000   0x08000000   0x00000130   Data   RO          160    RESET               startup_stm32f10x_hd.o
    0x08000130   0x08000130   0x00000008   Code   RO         3891  * !!!main             c_w.l(__main.o)
    0x08000138   0x08000138   0x00000034   Code   RO         4132    !!!scatter          c_w.l(__scatter.o)
    0x0800016c   0x0800016c   0x0000001a   Code   RO         4134    !!handler_copy      c_w.l(__scatter_copy.o)
    0x08000186   0x08000186   0x00000002   PAD
    0x08000188   0x08000188   0x0000001c   Code   RO         4136    !!handler_zi        c_w.l(__scatter_zi.o)
    0x080001a4   0x080001a4   0x00000002   Code   RO         4005    .ARM.Collect$$libinit$$00000000  c_w.l(libinit.o)
    0x080001a6   0x080001a6   0x00000000   Code   RO         4011    .ARM.Collect$$libinit$$00000002  c_w.l(libinit2.o)
    0x080001a6   0x080001a6   0x00000000   Code   RO         4013    .ARM.Collect$$libinit$$00000004  c_w.l(libinit2.o)
    0x080001a6   0x080001a6   0x00000000   Code   RO         4016    .ARM.Collect$$libinit$$0000000A  c_w.l(libinit2.o)
    0x080001a6   0x080001a6   0x00000000   Code   RO         4018    .ARM.Collect$$libinit$$0000000C  c_w.l(libinit2.o)
    0x080001a6   0x080001a6   0x00000000   Code   RO         4020    .ARM.Collect$$libinit$$0000000E  c_w.l(libinit2.o)
    0x080001a6   0x080001a6   0x00000000   Code   RO         4023    .ARM.Collect$$libinit$$00000011  c_w.l(libinit2.o)
    0x080001a6   0x080001a6   0x00000000   Code   RO         4025    .ARM.Collect$$libinit$$00000013  c_w.l(libinit2.o)
    0x080001a6   0x080001a6   0x00000000   Code   RO         4027    .ARM.Collect$$libinit$$00000015  c_w.l(libinit2.o)
    0x080001a6   0x080001a6   0x00000000   Code   RO         4029    .ARM.Collect$$libinit$$00000017  c_w.l(libinit2.o)
    0x080001a6   0x080001a6   0x00000000   Code   RO         4031    .ARM.Collect$$libinit$$00000019  c_w.l(libinit2.o)
    0x080001a6   0x080001a6   0x00000000   Code   RO         4033    .ARM.Collect$$libinit$$0000001B  c_w.l(libinit2.o)
    0x080001a6   0x080001a6   0x00000000   Code   RO         4035    .ARM.Collect$$libinit$$0000001D  c_w.l(libinit2.o)
    0x080001a6   0x080001a6   0x00000000   Code   RO         4037    .ARM.Collect$$libinit$$0000001F  c_w.l(libinit2.o)
    0x080001a6   0x080001a6   0x00000000   Code   RO         4039    .ARM.Collect$$libinit$$00000021  c_w.l(libinit2.o)
    0x080001a6   0x080001a6   0x00000000   Code   RO         4041    .ARM.Collect$$libinit$$00000023  c_w.l(libinit2.o)
    0x080001a6   0x080001a6   0x00000000   Code   RO         4043    .ARM.Collect$$libinit$$00000025  c_w.l(libinit2.o)
    0x080001a6   0x080001a6   0x00000000   Code   RO         4047    .ARM.Collect$$libinit$$0000002C  c_w.l(libinit2.o)
    0x080001a6   0x080001a6   0x00000000   Code   RO         4049    .ARM.Collect$$libinit$$0000002E  c_w.l(libinit2.o)
    0x080001a6   0x080001a6   0x00000000   Code   RO         4051    .ARM.Collect$$libinit$$00000030  c_w.l(libinit2.o)
    0x080001a6   0x080001a6   0x00000000   Code   RO         4053    .ARM.Collect$$libinit$$00000032  c_w.l(libinit2.o)
    0x080001a6   0x080001a6   0x00000002   Code   RO         4054    .ARM.Collect$$libinit$$00000033  c_w.l(libinit2.o)
    0x080001a8   0x080001a8   0x00000002   Code   RO         4072    .ARM.Collect$$libshutdown$$00000000  c_w.l(libshutdown.o)
    0x080001aa   0x080001aa   0x00000000   Code   RO         4082    .ARM.Collect$$libshutdown$$00000002  c_w.l(libshutdown2.o)
    0x080001aa   0x080001aa   0x00000000   Code   RO         4084    .ARM.Collect$$libshutdown$$00000004  c_w.l(libshutdown2.o)
    0x080001aa   0x080001aa   0x00000000   Code   RO         4086    .ARM.Collect$$libshutdown$$00000006  c_w.l(libshutdown2.o)
    0x080001aa   0x080001aa   0x00000000   Code   RO         4089    .ARM.Collect$$libshutdown$$00000009  c_w.l(libshutdown2.o)
    0x080001aa   0x080001aa   0x00000000   Code   RO         4092    .ARM.Collect$$libshutdown$$0000000C  c_w.l(libshutdown2.o)
    0x080001aa   0x080001aa   0x00000000   Code   RO         4094    .ARM.Collect$$libshutdown$$0000000E  c_w.l(libshutdown2.o)
    0x080001aa   0x080001aa   0x00000000   Code   RO         4097    .ARM.Collect$$libshutdown$$00000011  c_w.l(libshutdown2.o)
    0x080001aa   0x080001aa   0x00000002   Code   RO         4098    .ARM.Collect$$libshutdown$$00000012  c_w.l(libshutdown2.o)
    0x080001ac   0x080001ac   0x00000000   Code   RO         3951    .ARM.Collect$$rtentry$$00000000  c_w.l(__rtentry.o)
    0x080001ac   0x080001ac   0x00000000   Code   RO         3970    .ARM.Collect$$rtentry$$00000002  c_w.l(__rtentry2.o)
    0x080001ac   0x080001ac   0x00000006   Code   RO         3982    .ARM.Collect$$rtentry$$00000004  c_w.l(__rtentry4.o)
    0x080001b2   0x080001b2   0x00000000   Code   RO         3972    .ARM.Collect$$rtentry$$00000009  c_w.l(__rtentry2.o)
    0x080001b2   0x080001b2   0x00000004   Code   RO         3973    .ARM.Collect$$rtentry$$0000000A  c_w.l(__rtentry2.o)
    0x080001b6   0x080001b6   0x00000000   Code   RO         3975    .ARM.Collect$$rtentry$$0000000C  c_w.l(__rtentry2.o)
    0x080001b6   0x080001b6   0x00000008   Code   RO         3976    .ARM.Collect$$rtentry$$0000000D  c_w.l(__rtentry2.o)
    0x080001be   0x080001be   0x00000002   Code   RO         4008    .ARM.Collect$$rtexit$$00000000  c_w.l(rtexit.o)
    0x080001c0   0x080001c0   0x00000000   Code   RO         4056    .ARM.Collect$$rtexit$$00000002  c_w.l(rtexit2.o)
    0x080001c0   0x080001c0   0x00000004   Code   RO         4057    .ARM.Collect$$rtexit$$00000003  c_w.l(rtexit2.o)
    0x080001c4   0x080001c4   0x00000006   Code   RO         4058    .ARM.Collect$$rtexit$$00000004  c_w.l(rtexit2.o)
    0x080001ca   0x080001ca   0x00000002   PAD
    0x080001cc   0x080001cc   0x00000040   Code   RO          161    .text               startup_stm32f10x_hd.o
    0x0800020c   0x0800020c   0x00000002   Code   RO         3887    .text               c_w.l(use_no_semi_2.o)
    0x0800020e   0x0800020e   0x00000006   Code   RO         3889    .text               c_w.l(heapauxi.o)
    0x08000214   0x08000214   0x00000002   Code   RO         3949    .text               c_w.l(use_no_semi.o)
    0x08000216   0x08000216   0x00000016   Code   RO         3952    .text               c_w.l(_rserrno.o)
    0x0800022c   0x0800022c   0x00000008   Code   RO         3987    .text               c_w.l(rt_errno_addr_intlibspace.o)
    0x08000234   0x08000234   0x00000008   Code   RO         3993    .text               c_w.l(libspace.o)
    0x0800023c   0x0800023c   0x0000004a   Code   RO         3996    .text               c_w.l(sys_stackheap_outer.o)
    0x08000286   0x08000286   0x00000012   Code   RO         3998    .text               c_w.l(exit.o)
    0x08000298   0x08000298   0x00000002   Code   RO         3822    i.BusFault_Handler  stm32f10x_it.o
    0x0800029a   0x0800029a   0x00000002   Code   RO         3823    i.DebugMon_Handler  stm32f10x_it.o
    0x0800029c   0x0800029c   0x00000018   Code   RO            1    i.Delay_ms          delay.o
    0x080002b4   0x080002b4   0x00000020   Code   RO            3    i.Delay_us          delay.o
    0x080002d4   0x080002d4   0x000000a6   Code   RO         1316    i.GPIO_Init         stm32f10x_gpio.o
    0x0800037a   0x0800037a   0x00000004   Code   RO         1323    i.GPIO_ResetBits    stm32f10x_gpio.o
    0x0800037e   0x0800037e   0x00000004   Code   RO         1324    i.GPIO_SetBits      stm32f10x_gpio.o
    0x08000382   0x08000382   0x00000002   Code   RO         3824    i.HardFault_Handler  stm32f10x_it.o
    0x08000384   0x08000384   0x00000040   Code   RO         3132    i.I2C_Start         oled.o
    0x080003c4   0x080003c4   0x0000002c   Code   RO         3133    i.I2C_Stop          oled.o
    0x080003f0   0x080003f0   0x00000034   Code   RO         3134    i.I2C_WaitAck       oled.o
    0x08000424   0x08000424   0x0000000a   Code   RO         3135    i.IIC_delay         oled.o
    0x0800042e   0x0800042e   0x00000002   PAD
    0x08000430   0x08000430   0x00000038   Code   RO         3674    i.LED_Init          led.o
    0x08000468   0x08000468   0x00000018   Code   RO         3675    i.LED_Set           led.o
    0x08000480   0x08000480   0x00000248   Code   RO         3322    i.MOTOR_Move        motor.o
    0x080006c8   0x080006c8   0x00000054   Code   RO         3450    i.MOTOR_TIM8_GPIO_Init  motor_init.o
    0x0800071c   0x0800071c   0x00000134   Code   RO         3451    i.MOTOR_TIM8_Init   motor_init.o
    0x08000850   0x08000850   0x00000002   Code   RO         3825    i.MemManage_Handler  stm32f10x_it.o
    0x08000852   0x08000852   0x00000002   Code   RO         3826    i.NMI_Handler       stm32f10x_it.o
    0x08000854   0x08000854   0x00000064   Code   RO          165    i.NVIC_Init         misc.o
    0x080008b8   0x080008b8   0x00000014   Code   RO          166    i.NVIC_PriorityGroupConfig  misc.o
    0x080008cc   0x080008cc   0x0000002c   Code   RO         3136    i.OLED_Clear        oled.o
    0x080008f8   0x080008f8   0x00000022   Code   RO         3137    i.OLED_ColorTurn    oled.o
    0x0800091a   0x0800091a   0x00000032   Code   RO         3140    i.OLED_DisplayTurn  oled.o
    0x0800094c   0x0800094c   0x00000030   Code   RO         3143    i.OLED_DrawPoint    oled.o
    0x0800097c   0x0800097c   0x00000150   Code   RO         3144    i.OLED_Init         oled.o
    0x08000acc   0x08000acc   0x00000010   Code   RO         3145    i.OLED_Pow          oled.o
    0x08000adc   0x08000adc   0x00000064   Code   RO         3146    i.OLED_Refresh      oled.o
    0x08000b40   0x08000b40   0x000000f8   Code   RO         3148    i.OLED_ShowChar     oled.o
    0x08000c38   0x08000c38   0x0000007a   Code   RO         3151    i.OLED_ShowNum      oled.o
    0x08000cb2   0x08000cb2   0x0000003a   Code   RO         3154    i.OLED_WR_Byte      oled.o
    0x08000cec   0x08000cec   0x00000002   Code   RO         3827    i.PendSV_Handler    stm32f10x_it.o
    0x08000cee   0x08000cee   0x00000002   PAD
    0x08000cf0   0x08000cf0   0x0000001c   Code   RO         1734    i.RCC_APB2PeriphClockCmd  stm32f10x_rcc.o
    0x08000d0c   0x08000d0c   0x00000002   Code   RO         3828    i.SVC_Handler       stm32f10x_it.o
    0x08000d0e   0x08000d0e   0x00000002   PAD
    0x08000d10   0x08000d10   0x00000054   Code   RO         3155    i.Send_Byte         oled.o
    0x08000d64   0x08000d64   0x0000002c   Code   RO         3298    i.SetAllMotorsDirection  dir.o
    0x08000d90   0x08000d90   0x00000028   Code   RO         3299    i.SetMotor_Direction  dir.o
    0x08000db8   0x08000db8   0x00000004   Code   RO          124    i.SetSysClock       system_stm32f10x.o
    0x08000dbc   0x08000dbc   0x000000b0   Code   RO          125    i.SetSysClockTo72   system_stm32f10x.o
    0x08000e6c   0x08000e6c   0x00000002   Code   RO         3829    i.SysTick_Handler   stm32f10x_it.o
    0x08000e6e   0x08000e6e   0x00000002   PAD
    0x08000e70   0x08000e70   0x00000050   Code   RO          127    i.SystemInit        system_stm32f10x.o
    0x08000ec0   0x08000ec0   0x00000064   Code   RO         3323    i.TIM8_CC_IRQHandler  motor.o
    0x08000f24   0x08000f24   0x00000016   Code   RO         2358    i.TIM_CCxCmd        stm32f10x_tim.o
    0x08000f3a   0x08000f3a   0x00000006   Code   RO         2360    i.TIM_ClearFlag     stm32f10x_tim.o
    0x08000f40   0x08000f40   0x00000006   Code   RO         2361    i.TIM_ClearITPendingBit  stm32f10x_tim.o
    0x08000f46   0x08000f46   0x00000018   Code   RO         2366    i.TIM_Cmd           stm32f10x_tim.o
    0x08000f5e   0x08000f5e   0x0000001c   Code   RO         2368    i.TIM_CtrlPWMOutputs  stm32f10x_tim.o
    0x08000f7a   0x08000f7a   0x00000004   Code   RO         2385    i.TIM_GetCounter    stm32f10x_tim.o
    0x08000f7e   0x08000f7e   0x00000018   Code   RO         2387    i.TIM_GetITStatus   stm32f10x_tim.o
    0x08000f96   0x08000f96   0x00000014   Code   RO         2391    i.TIM_ITConfig      stm32f10x_tim.o
    0x08000faa   0x08000faa   0x0000000a   Code   RO         2393    i.TIM_InternalClockConfig  stm32f10x_tim.o
    0x08000fb4   0x08000fb4   0x00000088   Code   RO         2395    i.TIM_OC1Init       stm32f10x_tim.o
    0x0800103c   0x0800103c   0x0000000c   Code   RO         2398    i.TIM_OC1PreloadConfig  stm32f10x_tim.o
    0x08001048   0x08001048   0x00000088   Code   RO         2400    i.TIM_OC2Init       stm32f10x_tim.o
    0x080010d0   0x080010d0   0x00000014   Code   RO         2403    i.TIM_OC2PreloadConfig  stm32f10x_tim.o
    0x080010e4   0x080010e4   0x00000084   Code   RO         2405    i.TIM_OC3Init       stm32f10x_tim.o
    0x08001168   0x08001168   0x0000000c   Code   RO         2408    i.TIM_OC3PreloadConfig  stm32f10x_tim.o
    0x08001174   0x08001174   0x00000068   Code   RO         2410    i.TIM_OC4Init       stm32f10x_tim.o
    0x080011dc   0x080011dc   0x00000014   Code   RO         2412    i.TIM_OC4PreloadConfig  stm32f10x_tim.o
    0x080011f0   0x080011f0   0x00000014   Code   RO         2413    i.TIM_OCStructInit  stm32f10x_tim.o
    0x08001204   0x08001204   0x00000004   Code   RO         2427    i.TIM_SetCompare1   stm32f10x_tim.o
    0x08001208   0x08001208   0x00000004   Code   RO         2428    i.TIM_SetCompare2   stm32f10x_tim.o
    0x0800120c   0x0800120c   0x00000004   Code   RO         2429    i.TIM_SetCompare3   stm32f10x_tim.o
    0x08001210   0x08001210   0x00000006   Code   RO         2430    i.TIM_SetCompare4   stm32f10x_tim.o
    0x08001216   0x08001216   0x00000002   PAD
    0x08001218   0x08001218   0x0000009c   Code   RO         2437    i.TIM_TimeBaseInit  stm32f10x_tim.o
    0x080012b4   0x080012b4   0x00000034   Code   RO         3608    i.UART4_IRQHandler  uart4.o
    0x080012e8   0x080012e8   0x00000034   Code   RO         3511    i.USART1_IRQHandler  uart.o
    0x0800131c   0x0800131c   0x00000028   Code   RO         3563    i.USART2_IRQHandler  uart2.o
    0x08001344   0x08001344   0x00000024   Code   RO         3587    i.USART3_IRQHandler  uart3.o
    0x08001368   0x08001368   0x00000008   Code   RO         2898    i.USART_ClearFlag   stm32f10x_usart.o
    0x08001370   0x08001370   0x00000010   Code   RO         2899    i.USART_ClearITPendingBit  stm32f10x_usart.o
    0x08001380   0x08001380   0x0000000e   Code   RO         2905    i.USART_GetFlagStatus  stm32f10x_usart.o
    0x0800138e   0x0800138e   0x00000040   Code   RO         2906    i.USART_GetITStatus  stm32f10x_usart.o
    0x080013ce   0x080013ce   0x00000008   Code   RO         2916    i.USART_ReceiveData  stm32f10x_usart.o
    0x080013d6   0x080013d6   0x00000002   Code   RO         3830    i.UsageFault_Handler  stm32f10x_it.o
    0x080013d8   0x080013d8   0x00000002   Code   RO         3512    i._sys_exit         uart.o
    0x080013da   0x080013da   0x00000002   PAD
    0x080013dc   0x080013dc   0x000000d0   Code   RO         3490    i.jy61p_ReceiveData  jy61p.o
    0x080014ac   0x080014ac   0x00000070   Code   RO         3752    i.main              main.o
    0x0800151c   0x0800151c   0x000001cc   Code   RO         3324    i.speed_decision    motor.o
    0x080016e8   0x080016e8   0x0000004c   Code   RO         3942    i.sqrt              m_ws.l(sqrt.o)
    0x08001734   0x08001734   0x00000062   Code   RO         3893    x$fpl$d2f           fz_ws.l(d2f.o)
    0x08001796   0x08001796   0x00000002   PAD
    0x08001798   0x08001798   0x000002b0   Code   RO         3896    x$fpl$ddiv          fz_ws.l(ddiv.o)
    0x08001a48   0x08001a48   0x0000005e   Code   RO         3899    x$fpl$dfix          fz_ws.l(dfix.o)
    0x08001aa6   0x08001aa6   0x00000026   Code   RO         3903    x$fpl$dfltu         fz_ws.l(dflt_clz.o)
    0x08001acc   0x08001acc   0x00000154   Code   RO         3909    x$fpl$dmul          fz_ws.l(dmul.o)
    0x08001c20   0x08001c20   0x0000009c   Code   RO         3956    x$fpl$dnaninf       fz_ws.l(dnaninf.o)
    0x08001cbc   0x08001cbc   0x0000000c   Code   RO         3958    x$fpl$dretinf       fz_ws.l(dretinf.o)
    0x08001cc8   0x08001cc8   0x000001cc   Code   RO         3960    x$fpl$dsqrt         fz_ws.l(dsqrt_noumaal.o)
    0x08001e94   0x08001e94   0x00000056   Code   RO         3911    x$fpl$f2d           fz_ws.l(f2d.o)
    0x08001eea   0x08001eea   0x00000002   PAD
    0x08001eec   0x08001eec   0x0000000c   Code   RO         3962    x$fpl$fcheck1       fz_ws.l(fcheck1.o)
    0x08001ef8   0x08001ef8   0x00000184   Code   RO         3920    x$fpl$fdiv          fz_ws.l(fdiv.o)
    0x0800207c   0x0800207c   0x00000036   Code   RO         3923    x$fpl$ffix          fz_ws.l(ffix.o)
    0x080020b2   0x080020b2   0x00000002   PAD
    0x080020b4   0x080020b4   0x0000003e   Code   RO         3927    x$fpl$ffixu         fz_ws.l(ffixu.o)
    0x080020f2   0x080020f2   0x00000002   PAD
    0x080020f4   0x080020f4   0x00000030   Code   RO         3932    x$fpl$fflt          fz_ws.l(fflt_clz.o)
    0x08002124   0x08002124   0x00000026   Code   RO         3931    x$fpl$ffltu         fz_ws.l(fflt_clz.o)
    0x0800214a   0x0800214a   0x00000002   PAD
    0x0800214c   0x0800214c   0x00000102   Code   RO         3937    x$fpl$fmul          fz_ws.l(fmul.o)
    0x0800224e   0x0800224e   0x0000008c   Code   RO         3964    x$fpl$fnaninf       fz_ws.l(fnaninf.o)
    0x080022da   0x080022da   0x0000000a   Code   RO         3966    x$fpl$fretinf       fz_ws.l(fretinf.o)
    0x080022e4   0x080022e4   0x00000064   Code   RO         3991    x$fpl$retnan        fz_ws.l(retnan.o)
    0x08002348   0x08002348   0x0000004c   Code   RO         3939    x$fpl$scalbnf       fz_ws.l(scalbnf.o)
    0x08002394   0x08002394   0x00000030   Code   RO         4006    x$fpl$trapveneer    fz_ws.l(trapv.o)
    0x080023c4   0x080023c4   0x00000000   Code   RO         3968    x$fpl$usenofp       fz_ws.l(usenofp.o)
    0x080023c4   0x080023c4   0x00001e10   Data   RO         3157    .constdata          oled.o
    0x080041d4   0x080041d4   0x00000020   Data   RO         4130    Region$$Table       anon$$obj.o


    Execution Region RW_IRAM1 (Exec base: 0x20000000, Load base: 0x080041f4, Size: 0x00000b68, Max: 0x0000c000, ABSOLUTE)

    Exec Addr    Load Addr    Size         Type   Attr      Idx    E Section Name        Object

    0x20000000   0x080041f4   0x00000014   Data   RW          128    .data               system_stm32f10x.o
    0x20000014   0x08004208   0x00000020   Data   RW         3300    .data               dir.o
    0x20000034   0x08004228   0x00000004   Data   RW         3326    .data               motor.o
    0x20000038   0x0800422c   0x00000004   Data   RW         3327    .data               motor.o
    0x2000003c   0x08004230   0x00000004   Data   RW         3328    .data               motor.o
    0x20000040   0x08004234   0x0000000c   Data   RW         3329    .data               motor.o
    0x2000004c   0x08004240   0x00000010   Data   RW         3492    .data               jy61p.o
    0x2000005c   0x08004250   0x00000001   Data   RW         3514    .data               uart.o
    0x2000005d   0x08004251   0x00000003   PAD
    0x20000060        -       0x00000480   Zero   RW         3156    .bss                oled.o
    0x200004e0        -       0x00000018   Zero   RW         3325    .bss                motor.o
    0x200004f8        -       0x0000000b   Zero   RW         3491    .bss                jy61p.o
    0x20000503   0x08004251   0x00000001   PAD
    0x20000504        -       0x00000060   Zero   RW         3994    .bss                c_w.l(libspace.o)
    0x20000564   0x08004251   0x00000004   PAD
    0x20000568        -       0x00000200   Zero   RW          159    HEAP                startup_stm32f10x_hd.o
    0x20000768        -       0x00000400   Zero   RW          158    STACK               startup_stm32f10x_hd.o


==============================================================================

Image component sizes


      Code (inc. data)   RO Data    RW Data    ZI Data      Debug   Object Name

         0          0          0          0          0         32   core_cm3.o
        56          0          0          0          0     244738   delay.o
        84          4          0         32          0       2382   dir.o
       208         12          0         16         11       1433   jy61p.o
        80         10          0          0          0        945   led.o
       112         12          0          0          0        507   main.o
       120         14          0          0          0       1551   misc.o
      1144         64          0         24         24     237883   motor.o
       392         16          0          0          0       1301   motor_init.o
      1310         62       7696          0       1152       9943   oled.o
        64         26        304          0       1536        780   startup_stm32f10x_hd.o
       174          0          0          0          0       3020   stm32f10x_gpio.o
        18          0          0          0          0       3614   stm32f10x_it.o
        28          6          0          0          0        545   stm32f10x_rcc.o
       910         90          0          0          0      13930   stm32f10x_tim.o
       110          0          0          0          0       4498   stm32f10x_usart.o
       260         26          0         20          0       2141   system_stm32f10x.o
        54          8          0          1          0       3302   uart.o
        40          6          0          0          0        480   uart2.o
        36          6          0          0          0        472   uart3.o
        52          6          0          0          0        523   uart4.o

    ----------------------------------------------------------------------
      5264        368       8032         96       2724     534020   Object Totals
         0          0         32          0          0          0   (incl. Generated)
        12          0          0          3          1          0   (incl. Padding)

    ----------------------------------------------------------------------

      Code (inc. data)   RO Data    RW Data    ZI Data      Debug   Library Member Name

         8          0          0          0          0         68   __main.o
         0          0          0          0          0          0   __rtentry.o
        12          0          0          0          0          0   __rtentry2.o
         6          0          0          0          0          0   __rtentry4.o
        52          8          0          0          0          0   __scatter.o
        26          0          0          0          0          0   __scatter_copy.o
        28          0          0          0          0          0   __scatter_zi.o
        22          0          0          0          0        100   _rserrno.o
        18          0          0          0          0         80   exit.o
         6          0          0          0          0        152   heapauxi.o
         2          0          0          0          0          0   libinit.o
         2          0          0          0          0          0   libinit2.o
         2          0          0          0          0          0   libshutdown.o
         2          0          0          0          0          0   libshutdown2.o
         8          4          0          0         96         68   libspace.o
         8          4          0          0          0         68   rt_errno_addr_intlibspace.o
         2          0          0          0          0          0   rtexit.o
        10          0          0          0          0          0   rtexit2.o
        74          0          0          0          0         80   sys_stackheap_outer.o
         2          0          0          0          0         68   use_no_semi.o
         2          0          0          0          0         68   use_no_semi_2.o
        98          4          0          0          0         92   d2f.o
       688        140          0          0          0        208   ddiv.o
        94          4          0          0          0         92   dfix.o
        38          0          0          0          0         68   dflt_clz.o
       340         12          0          0          0        104   dmul.o
       156          4          0          0          0         92   dnaninf.o
        12          0          0          0          0         68   dretinf.o
       460         56          0          0          0        120   dsqrt_noumaal.o
        86          4          0          0          0         84   f2d.o
        12          4          0          0          0         68   fcheck1.o
       388         76          0          0          0         96   fdiv.o
        54          4          0          0          0         84   ffix.o
        62          4          0          0          0         84   ffixu.o
        86          0          0          0          0        136   fflt_clz.o
       258          4          0          0          0         84   fmul.o
       140          4          0          0          0         84   fnaninf.o
        10          0          0          0          0         68   fretinf.o
       100          0          0          0          0         68   retnan.o
        76          0          0          0          0         68   scalbnf.o
        48          0          0          0          0         68   trapv.o
         0          0          0          0          0          0   usenofp.o
        76          0          0          0          0         84   sqrt.o

    ----------------------------------------------------------------------
      3588        336          0          0        100       2672   Library Totals
        14          0          0          0          4          0   (incl. Padding)

    ----------------------------------------------------------------------

      Code (inc. data)   RO Data    RW Data    ZI Data      Debug   Library Name

       292         16          0          0         96        752   c_w.l
      3206        320          0          0          0       1836   fz_ws.l
        76          0          0          0          0         84   m_ws.l

    ----------------------------------------------------------------------
      3588        336          0          0        100       2672   Library Totals

    ----------------------------------------------------------------------

==============================================================================


      Code (inc. data)   RO Data    RW Data    ZI Data      Debug   

      8852        704       8032         96       2824     531436   Grand Totals
      8852        704       8032         96       2824     531436   ELF Image Totals
      8852        704       8032         96          0          0   ROM Totals

==============================================================================

    Total RO  Size (Code + RO Data)                16884 (  16.49kB)
    Total RW  Size (RW Data + ZI Data)              2920 (   2.85kB)
    Total ROM Size (Code + RO Data + RW Data)      16980 (  16.58kB)

==============================================================================

